<?xml version="1.0" encoding="ISO-8859-1" ?>
<link_info>
   <banner>TMS320C2000 Linker PC v22.6.2.LTS</banner>
   <copyright>Copyright (c) 1996-2018 Texas Instruments Incorporated</copyright>
   <link_time>0x6867eb83</link_time>
   <link_errors>0x0</link_errors>
   <output_file>test.out</output_file>
   <entry_point>
      <name>_c_int00</name>
      <address>0x8672</address>
   </entry_point>
   <input_file_list>
      <input_file id="fl-2">
         <path>.\</path>
         <kind>object</kind>
         <file>main.obj</file>
         <name>main.obj</name>
      </input_file>
      <input_file id="fl-3">
         <path>.\DSP_FFT\F28379D_my_fft\</path>
         <kind>object</kind>
         <file>F28379D_my_rfft.obj</file>
         <name>F28379D_my_rfft.obj</name>
      </input_file>
      <input_file id="fl-4">
         <path>.\DSP_FFT\dsp_FPU_source\</path>
         <kind>object</kind>
         <file>RFFT_adc_f32.obj</file>
         <name>RFFT_adc_f32.obj</name>
      </input_file>
      <input_file id="fl-5">
         <path>.\DSP_FFT\dsp_FPU_source\</path>
         <kind>object</kind>
         <file>RFFT_f32_mag.obj</file>
         <name>RFFT_f32_mag.obj</name>
      </input_file>
      <input_file id="fl-6">
         <path>.\DSP_FFT\dsp_FPU_source\</path>
         <kind>object</kind>
         <file>RFFT_f32_mag_TMU0.obj</file>
         <name>RFFT_f32_mag_TMU0.obj</name>
      </input_file>
      <input_file id="fl-7">
         <path>.\DSP_FFT\dsp_FPU_source\</path>
         <kind>object</kind>
         <file>RFFT_f32_phase.obj</file>
         <name>RFFT_f32_phase.obj</name>
      </input_file>
      <input_file id="fl-8">
         <path>.\DSP_FFT\dsp_FPU_source\</path>
         <kind>object</kind>
         <file>RFFT_f32_phase_TMU0.obj</file>
         <name>RFFT_f32_phase_TMU0.obj</name>
      </input_file>
      <input_file id="fl-9">
         <path>.\DSP_FFT\dsp_FPU_source\</path>
         <kind>object</kind>
         <file>RFFT_f32_sincostable.obj</file>
         <name>RFFT_f32_sincostable.obj</name>
      </input_file>
      <input_file id="fl-a">
         <path>.\Init_Conclusion_common\source\</path>
         <kind>object</kind>
         <file>F2837xD_Adc.obj</file>
         <name>F2837xD_Adc.obj</name>
      </input_file>
      <input_file id="fl-b">
         <path>.\Init_Conclusion_common\source\</path>
         <kind>object</kind>
         <file>F2837xD_CodeStartBranch.obj</file>
         <name>F2837xD_CodeStartBranch.obj</name>
      </input_file>
      <input_file id="fl-c">
         <path>.\Init_Conclusion_common\source\</path>
         <kind>object</kind>
         <file>F2837xD_CpuTimers.obj</file>
         <name>F2837xD_CpuTimers.obj</name>
      </input_file>
      <input_file id="fl-d">
         <path>.\Init_Conclusion_common\source\</path>
         <kind>object</kind>
         <file>F2837xD_DBGIER.obj</file>
         <name>F2837xD_DBGIER.obj</name>
      </input_file>
      <input_file id="fl-e">
         <path>.\Init_Conclusion_common\source\</path>
         <kind>object</kind>
         <file>F2837xD_DefaultISR.obj</file>
         <name>F2837xD_DefaultISR.obj</name>
      </input_file>
      <input_file id="fl-f">
         <path>.\Init_Conclusion_common\source\</path>
         <kind>object</kind>
         <file>F2837xD_Dma.obj</file>
         <name>F2837xD_Dma.obj</name>
      </input_file>
      <input_file id="fl-10">
         <path>.\Init_Conclusion_common\source\</path>
         <kind>object</kind>
         <file>F2837xD_ECap.obj</file>
         <name>F2837xD_ECap.obj</name>
      </input_file>
      <input_file id="fl-11">
         <path>.\Init_Conclusion_common\source\</path>
         <kind>object</kind>
         <file>F2837xD_EPwm.obj</file>
         <name>F2837xD_EPwm.obj</name>
      </input_file>
      <input_file id="fl-12">
         <path>.\Init_Conclusion_common\source\</path>
         <kind>object</kind>
         <file>F2837xD_EQep.obj</file>
         <name>F2837xD_EQep.obj</name>
      </input_file>
      <input_file id="fl-13">
         <path>.\Init_Conclusion_common\source\</path>
         <kind>object</kind>
         <file>F2837xD_Emif.obj</file>
         <name>F2837xD_Emif.obj</name>
      </input_file>
      <input_file id="fl-14">
         <path>.\Init_Conclusion_common\source\</path>
         <kind>object</kind>
         <file>F2837xD_Gpio.obj</file>
         <name>F2837xD_Gpio.obj</name>
      </input_file>
      <input_file id="fl-15">
         <path>.\Init_Conclusion_common\source\</path>
         <kind>object</kind>
         <file>F2837xD_I2C.obj</file>
         <name>F2837xD_I2C.obj</name>
      </input_file>
      <input_file id="fl-16">
         <path>.\Init_Conclusion_common\source\</path>
         <kind>object</kind>
         <file>F2837xD_Mcbsp.obj</file>
         <name>F2837xD_Mcbsp.obj</name>
      </input_file>
      <input_file id="fl-17">
         <path>.\Init_Conclusion_common\source\</path>
         <kind>object</kind>
         <file>F2837xD_PieCtrl.obj</file>
         <name>F2837xD_PieCtrl.obj</name>
      </input_file>
      <input_file id="fl-18">
         <path>.\Init_Conclusion_common\source\</path>
         <kind>object</kind>
         <file>F2837xD_PieVect.obj</file>
         <name>F2837xD_PieVect.obj</name>
      </input_file>
      <input_file id="fl-19">
         <path>.\Init_Conclusion_common\source\</path>
         <kind>object</kind>
         <file>F2837xD_Sci.obj</file>
         <name>F2837xD_Sci.obj</name>
      </input_file>
      <input_file id="fl-1a">
         <path>.\Init_Conclusion_common\source\</path>
         <kind>object</kind>
         <file>F2837xD_Spi.obj</file>
         <name>F2837xD_Spi.obj</name>
      </input_file>
      <input_file id="fl-1b">
         <path>.\Init_Conclusion_common\source\</path>
         <kind>object</kind>
         <file>F2837xD_SysCtrl.obj</file>
         <name>F2837xD_SysCtrl.obj</name>
      </input_file>
      <input_file id="fl-1c">
         <path>.\Init_Conclusion_common\source\</path>
         <kind>object</kind>
         <file>F2837xD_TempSensorConv.obj</file>
         <name>F2837xD_TempSensorConv.obj</name>
      </input_file>
      <input_file id="fl-1d">
         <path>.\Init_Conclusion_common\source\</path>
         <kind>object</kind>
         <file>F2837xD_Upp.obj</file>
         <name>F2837xD_Upp.obj</name>
      </input_file>
      <input_file id="fl-1e">
         <path>.\Init_Conclusion_common\source\</path>
         <kind>object</kind>
         <file>F2837xD_can.obj</file>
         <name>F2837xD_can.obj</name>
      </input_file>
      <input_file id="fl-1f">
         <path>.\Init_Conclusion_common\source\</path>
         <kind>object</kind>
         <file>F2837xD_sci_io.obj</file>
         <name>F2837xD_sci_io.obj</name>
      </input_file>
      <input_file id="fl-20">
         <path>.\Init_Conclusion_common\source\</path>
         <kind>object</kind>
         <file>F2837xD_sdfm_drivers.obj</file>
         <name>F2837xD_sdfm_drivers.obj</name>
      </input_file>
      <input_file id="fl-21">
         <path>.\Init_Conclusion_common\source\</path>
         <kind>object</kind>
         <file>F2837xD_struct.obj</file>
         <name>F2837xD_struct.obj</name>
      </input_file>
      <input_file id="fl-22">
         <path>.\Init_Conclusion_common\source\</path>
         <kind>object</kind>
         <file>F2837xD_usDelay.obj</file>
         <name>F2837xD_usDelay.obj</name>
      </input_file>
      <input_file id="fl-23">
         <path>.\Init_Conclusion_headers\source\</path>
         <kind>object</kind>
         <file>F2837xD_GlobalVariableDefs.obj</file>
         <name>F2837xD_GlobalVariableDefs.obj</name>
      </input_file>
      <input_file id="fl-24">
         <path>.\Init_Conclusion_my_lib\math\</path>
         <kind>object</kind>
         <file>my_math_lib.obj</file>
         <name>my_math_lib.obj</name>
      </input_file>
      <input_file id="fl-25">
         <path>.\Init_Conclusion_my_lib\peripheral_control\</path>
         <kind>object</kind>
         <file>AD9833.obj</file>
         <name>AD9833.obj</name>
      </input_file>
      <input_file id="fl-26">
         <path>.\Init_Conclusion_my_lib\peripheral_control\</path>
         <kind>object</kind>
         <file>BlueTooth_HC_06.obj</file>
         <name>BlueTooth_HC_06.obj</name>
      </input_file>
      <input_file id="fl-27">
         <path>.\Init_Conclusion_my_lib\source\</path>
         <kind>object</kind>
         <file>F28379D_my_adc.obj</file>
         <name>F28379D_my_adc.obj</name>
      </input_file>
      <input_file id="fl-28">
         <path>.\Init_Conclusion_my_lib\source\</path>
         <kind>object</kind>
         <file>F28379D_my_clocks.obj</file>
         <name>F28379D_my_clocks.obj</name>
      </input_file>
      <input_file id="fl-29">
         <path>.\Init_Conclusion_my_lib\source\</path>
         <kind>object</kind>
         <file>F28379D_my_epwm.obj</file>
         <name>F28379D_my_epwm.obj</name>
      </input_file>
      <input_file id="fl-2a">
         <path>.\Init_Conclusion_my_lib\source\</path>
         <kind>object</kind>
         <file>F28379D_my_flash.obj</file>
         <name>F28379D_my_flash.obj</name>
      </input_file>
      <input_file id="fl-2b">
         <path>.\Init_Conclusion_my_lib\source\</path>
         <kind>object</kind>
         <file>F28379D_my_pie.obj</file>
         <name>F28379D_my_pie.obj</name>
      </input_file>
      <input_file id="fl-2c">
         <path>.\Init_Conclusion_my_lib\source\</path>
         <kind>object</kind>
         <file>F28379D_my_sci.obj</file>
         <name>F28379D_my_sci.obj</name>
      </input_file>
      <input_file id="fl-31">
         <kind>object</kind>
         <file>&lt;internal&gt;</file>
         <name>&lt;internal&gt;</name>
      </input_file>
      <input_file id="fl-3d">
         <path>D:\ti\ccs2020\ccs\tools\compiler\ti-cgt-c2000_22.6.2.LTS\lib\</path>
         <kind>archive</kind>
         <file>rts2800_fpu32.lib</file>
         <name>e_atan2f.c.obj</name>
      </input_file>
      <input_file id="fl-3e">
         <path>D:\ti\ccs2020\ccs\tools\compiler\ti-cgt-c2000_22.6.2.LTS\lib\</path>
         <kind>archive</kind>
         <file>rts2800_fpu32.lib</file>
         <name>e_sqrtf.c.obj</name>
      </input_file>
      <input_file id="fl-3f">
         <path>D:\ti\ccs2020\ccs\tools\compiler\ti-cgt-c2000_22.6.2.LTS\lib\</path>
         <kind>archive</kind>
         <file>rts2800_fpu32.lib</file>
         <name>s_atanf.c.obj</name>
      </input_file>
      <input_file id="fl-40">
         <path>D:\ti\ccs2020\ccs\tools\compiler\ti-cgt-c2000_22.6.2.LTS\lib\</path>
         <kind>archive</kind>
         <file>rts2800_fpu32.lib</file>
         <name>s_cosf.c.obj</name>
      </input_file>
      <input_file id="fl-41">
         <path>D:\ti\ccs2020\ccs\tools\compiler\ti-cgt-c2000_22.6.2.LTS\lib\</path>
         <kind>archive</kind>
         <file>rts2800_fpu32.lib</file>
         <name>s_sinf.c.obj</name>
      </input_file>
      <input_file id="fl-42">
         <path>D:\ti\ccs2020\ccs\tools\compiler\ti-cgt-c2000_22.6.2.LTS\lib\</path>
         <kind>archive</kind>
         <file>rts2800_fpu32.lib</file>
         <name>vla_alloc.c.obj</name>
      </input_file>
      <input_file id="fl-43">
         <path>D:\ti\ccs2020\ccs\tools\compiler\ti-cgt-c2000_22.6.2.LTS\lib\</path>
         <kind>archive</kind>
         <file>rts2800_fpu32.lib</file>
         <name>boot28.asm.obj</name>
      </input_file>
      <input_file id="fl-44">
         <path>D:\ti\ccs2020\ccs\tools\compiler\ti-cgt-c2000_22.6.2.LTS\lib\</path>
         <kind>archive</kind>
         <file>rts2800_fpu32.lib</file>
         <name>fd_mpy28.asm.obj</name>
      </input_file>
      <input_file id="fl-45">
         <path>D:\ti\ccs2020\ccs\tools\compiler\ti-cgt-c2000_22.6.2.LTS\lib\</path>
         <kind>archive</kind>
         <file>rts2800_fpu32.lib</file>
         <name>fs_div28.asm.obj</name>
      </input_file>
      <input_file id="fl-46">
         <path>D:\ti\ccs2020\ccs\tools\compiler\ti-cgt-c2000_22.6.2.LTS\lib\</path>
         <kind>archive</kind>
         <file>rts2800_fpu32.lib</file>
         <name>i_div28.asm.obj</name>
      </input_file>
      <input_file id="fl-47">
         <path>D:\ti\ccs2020\ccs\tools\compiler\ti-cgt-c2000_22.6.2.LTS\lib\</path>
         <kind>archive</kind>
         <file>rts2800_fpu32.lib</file>
         <name>u_div28.asm.obj</name>
      </input_file>
      <input_file id="fl-48">
         <path>D:\ti\ccs2020\ccs\tools\compiler\ti-cgt-c2000_22.6.2.LTS\lib\</path>
         <kind>archive</kind>
         <file>rts2800_fpu32.lib</file>
         <name>fs_tofdfpu32.asm.obj</name>
      </input_file>
      <input_file id="fl-49">
         <path>D:\ti\ccs2020\ccs\tools\compiler\ti-cgt-c2000_22.6.2.LTS\lib\</path>
         <kind>archive</kind>
         <file>rts2800_fpu32.lib</file>
         <name>fd_tofsfpu32.asm.obj</name>
      </input_file>
      <input_file id="fl-4a">
         <path>D:\ti\ccs2020\ccs\tools\compiler\ti-cgt-c2000_22.6.2.LTS\lib\</path>
         <kind>archive</kind>
         <file>rts2800_fpu32.lib</file>
         <name>cpy_tbl.c.obj</name>
      </input_file>
      <input_file id="fl-4b">
         <path>D:\ti\ccs2020\ccs\tools\compiler\ti-cgt-c2000_22.6.2.LTS\lib\</path>
         <kind>archive</kind>
         <file>rts2800_fpu32.lib</file>
         <name>memcpy.c.obj</name>
      </input_file>
      <input_file id="fl-4c">
         <path>D:\ti\ccs2020\ccs\tools\compiler\ti-cgt-c2000_22.6.2.LTS\lib\</path>
         <kind>archive</kind>
         <file>rts2800_fpu32.lib</file>
         <name>pre_init.c.obj</name>
      </input_file>
      <input_file id="fl-4d">
         <path>D:\ti\ccs2020\ccs\tools\compiler\ti-cgt-c2000_22.6.2.LTS\lib\</path>
         <kind>archive</kind>
         <file>rts2800_fpu32.lib</file>
         <name>startup.c.obj</name>
      </input_file>
      <input_file id="fl-4e">
         <path>D:\ti\ccs2020\ccs\tools\compiler\ti-cgt-c2000_22.6.2.LTS\lib\</path>
         <kind>archive</kind>
         <file>rts2800_fpu32.lib</file>
         <name>exit.c.obj</name>
      </input_file>
      <input_file id="fl-4f">
         <path>D:\ti\ccs2020\ccs\tools\compiler\ti-cgt-c2000_22.6.2.LTS\lib\</path>
         <kind>archive</kind>
         <file>rts2800_fpu32.lib</file>
         <name>_lock.c.obj</name>
      </input_file>
      <input_file id="fl-50">
         <path>D:\ti\ccs2020\ccs\tools\compiler\ti-cgt-c2000_22.6.2.LTS\lib\</path>
         <kind>archive</kind>
         <file>rts2800_fpu32.lib</file>
         <name>args_main.c.obj</name>
      </input_file>
      <input_file id="fl-51">
         <path>D:\ti\ccs2020\ccs\tools\compiler\ti-cgt-c2000_22.6.2.LTS\lib\</path>
         <kind>archive</kind>
         <file>rts2800_fpu32.lib</file>
         <name>memory.c.obj</name>
      </input_file>
      <input_file id="fl-52">
         <path>D:\ti\ccs2020\ccs\tools\compiler\ti-cgt-c2000_22.6.2.LTS\lib\</path>
         <kind>archive</kind>
         <file>rts2800_fpu32.lib</file>
         <name>memset.c.obj</name>
      </input_file>
      <input_file id="fl-53">
         <path>D:\ti\ccs2020\ccs\tools\compiler\ti-cgt-c2000_22.6.2.LTS\lib\</path>
         <kind>archive</kind>
         <file>rts2800_fpu32.lib</file>
         <name>errno.c.obj</name>
      </input_file>
      <input_file id="fl-54">
         <path>D:\ti\ccs2020\ccs\tools\compiler\ti-cgt-c2000_22.6.2.LTS\lib\</path>
         <kind>archive</kind>
         <file>rts2800_fpu32.lib</file>
         <name>error.c.obj</name>
      </input_file>
   </input_file_list>
   <object_component_list>
      <object_component id="oc-c0">
         <name>codestart</name>
         <load_address>0x0</load_address>
         <run_address>0x0</run_address>
         <size>0x2</size>
         <input_file_ref idref="fl-b"/>
      </object_component>
      <object_component id="oc-132">
         <name>.TI.ramfunc</name>
         <load_address>0x122</load_address>
         <run_address>0x122</run_address>
         <size>0x4</size>
         <input_file_ref idref="fl-22"/>
      </object_component>
      <object_component id="oc-275">
         <name>.text</name>
         <load_address>0x400</load_address>
         <run_address>0x400</run_address>
         <size>0x244</size>
         <input_file_ref idref="fl-14"/>
      </object_component>
      <object_component id="oc-9c">
         <name>.text</name>
         <load_address>0x644</load_address>
         <run_address>0x644</run_address>
         <size>0x138</size>
         <input_file_ref idref="fl-4"/>
      </object_component>
      <object_component id="oc-202">
         <name>.text</name>
         <load_address>0x77c</load_address>
         <run_address>0x77c</run_address>
         <size>0x83</size>
         <input_file_ref idref="fl-44"/>
      </object_component>
      <object_component id="oc-25d">
         <name>.text</name>
         <load_address>0x7ff</load_address>
         <run_address>0x7ff</run_address>
         <size>0x1</size>
         <input_file_ref idref="fl-4d"/>
      </object_component>
      <object_component id="oc-277">
         <name>.text</name>
         <load_address>0x8000</load_address>
         <run_address>0x8000</run_address>
         <size>0x42d</size>
         <input_file_ref idref="fl-3"/>
      </object_component>
      <object_component id="oc-207">
         <name>.text</name>
         <load_address>0x842d</load_address>
         <run_address>0x842d</run_address>
         <size>0x88</size>
         <input_file_ref idref="fl-45"/>
      </object_component>
      <object_component id="oc-b0">
         <name>.text</name>
         <load_address>0x84b6</load_address>
         <run_address>0x84b6</run_address>
         <size>0x86</size>
         <input_file_ref idref="fl-8"/>
      </object_component>
      <object_component id="oc-281">
         <name>.text</name>
         <load_address>0x853c</load_address>
         <run_address>0x853c</run_address>
         <size>0x6d</size>
         <input_file_ref idref="fl-9"/>
      </object_component>
      <object_component id="oc-286">
         <name>.text</name>
         <load_address>0x85a9</load_address>
         <run_address>0x85a9</run_address>
         <size>0x66</size>
         <input_file_ref idref="fl-41"/>
      </object_component>
      <object_component id="oc-285">
         <name>.text</name>
         <load_address>0x860f</load_address>
         <run_address>0x860f</run_address>
         <size>0x63</size>
         <input_file_ref idref="fl-40"/>
      </object_component>
      <object_component id="oc-88">
         <name>.text</name>
         <load_address>0x8672</load_address>
         <run_address>0x8672</run_address>
         <size>0x56</size>
         <input_file_ref idref="fl-43"/>
      </object_component>
      <object_component id="oc-1bf">
         <name>.text:retain</name>
         <load_address>0x86c8</load_address>
         <run_address>0x86c8</run_address>
         <size>0x52</size>
         <input_file_ref idref="fl-27"/>
      </object_component>
      <object_component id="oc-a6">
         <name>.text</name>
         <load_address>0x871a</load_address>
         <run_address>0x871a</run_address>
         <size>0x4e</size>
         <input_file_ref idref="fl-6"/>
      </object_component>
      <object_component id="oc-1b9">
         <name>.text:retain</name>
         <load_address>0x8768</load_address>
         <run_address>0x8768</run_address>
         <size>0x48</size>
         <input_file_ref idref="fl-26"/>
      </object_component>
      <object_component id="oc-26e">
         <name>.text</name>
         <load_address>0x87b0</load_address>
         <run_address>0x87b0</run_address>
         <size>0x34</size>
         <input_file_ref idref="fl-2"/>
      </object_component>
      <object_component id="oc-216">
         <name>.text</name>
         <load_address>0x87e4</load_address>
         <run_address>0x87e4</run_address>
         <size>0x1c</size>
         <input_file_ref idref="fl-48"/>
      </object_component>
      <object_component id="oc-25f">
         <name>.text</name>
         <load_address>0x9000</load_address>
         <run_address>0x9000</run_address>
         <size>0x29</size>
         <input_file_ref idref="fl-4e"/>
      </object_component>
      <object_component id="oc-27e">
         <name>.text</name>
         <load_address>0x9029</load_address>
         <run_address>0x9029</run_address>
         <size>0x28</size>
         <input_file_ref idref="fl-17"/>
      </object_component>
      <object_component id="oc-282">
         <name>.text</name>
         <load_address>0x9052</load_address>
         <run_address>0x9052</run_address>
         <size>0x27</size>
         <input_file_ref idref="fl-3e"/>
      </object_component>
      <object_component id="oc-27f">
         <name>.text</name>
         <load_address>0x9079</load_address>
         <run_address>0x9079</run_address>
         <size>0x26</size>
         <input_file_ref idref="fl-18"/>
      </object_component>
      <object_component id="oc-25c">
         <name>.text</name>
         <load_address>0x909f</load_address>
         <run_address>0x909f</run_address>
         <size>0x24</size>
         <input_file_ref idref="fl-4a"/>
      </object_component>
      <object_component id="oc-ab">
         <name>.text</name>
         <load_address>0x90c3</load_address>
         <run_address>0x90c3</run_address>
         <size>0x23</size>
         <input_file_ref idref="fl-7"/>
      </object_component>
      <object_component id="oc-21b">
         <name>.text</name>
         <load_address>0x90e6</load_address>
         <run_address>0x90e6</run_address>
         <size>0x23</size>
         <input_file_ref idref="fl-49"/>
      </object_component>
      <object_component id="oc-20c">
         <name>.text</name>
         <load_address>0x9109</load_address>
         <run_address>0x9109</run_address>
         <size>0x22</size>
         <input_file_ref idref="fl-46"/>
      </object_component>
      <object_component id="oc-26d">
         <name>.text</name>
         <load_address>0x912b</load_address>
         <run_address>0x912b</run_address>
         <size>0x1d</size>
         <input_file_ref idref="fl-4b"/>
      </object_component>
      <object_component id="oc-25e">
         <name>.text</name>
         <load_address>0x9148</load_address>
         <run_address>0x9148</run_address>
         <size>0x12</size>
         <input_file_ref idref="fl-50"/>
      </object_component>
      <object_component id="oc-211">
         <name>.text</name>
         <load_address>0x915a</load_address>
         <run_address>0x915a</run_address>
         <size>0xb</size>
         <input_file_ref idref="fl-47"/>
      </object_component>
      <object_component id="oc-278">
         <name>.text</name>
         <load_address>0x9165</load_address>
         <run_address>0x9165</run_address>
         <size>0x9</size>
         <input_file_ref idref="fl-4f"/>
      </object_component>
      <object_component id="oc-bf">
         <name>.text</name>
         <load_address>0x916e</load_address>
         <run_address>0x916e</run_address>
         <size>0x8</size>
         <input_file_ref idref="fl-b"/>
      </object_component>
      <object_component id="oc-273">
         <name>.text</name>
         <load_address>0x9176</load_address>
         <run_address>0x9176</run_address>
         <size>0x7</size>
         <input_file_ref idref="fl-28"/>
      </object_component>
      <object_component id="oc-d1">
         <name>.text:retain</name>
         <load_address>0xb000</load_address>
         <run_address>0xb000</run_address>
         <size>0x585</size>
         <input_file_ref idref="fl-e"/>
      </object_component>
      <object_component id="oc-280">
         <name>.text</name>
         <load_address>0xb585</load_address>
         <run_address>0xb585</run_address>
         <size>0xf0</size>
         <input_file_ref idref="fl-a"/>
      </object_component>
      <object_component id="oc-26b">
         <name>.text</name>
         <load_address>0xb675</load_address>
         <run_address>0xb675</run_address>
         <size>0xe0</size>
         <input_file_ref idref="fl-26"/>
      </object_component>
      <object_component id="oc-a1">
         <name>.text</name>
         <load_address>0xb756</load_address>
         <run_address>0xb756</run_address>
         <size>0x9c</size>
         <input_file_ref idref="fl-5"/>
      </object_component>
      <object_component id="oc-274">
         <name>.text</name>
         <load_address>0xb7f2</load_address>
         <run_address>0xb7f2</run_address>
         <size>0xb</size>
         <input_file_ref idref="fl-2b"/>
      </object_component>
      <object_component id="oc-cb">
         <name>.text</name>
         <load_address>0xb7fd</load_address>
         <run_address>0xb7fd</run_address>
         <size>0x3</size>
         <input_file_ref idref="fl-d"/>
      </object_component>
      <object_component id="oc-27d">
         <name>.text</name>
         <load_address>0xb800</load_address>
         <run_address>0xb800</run_address>
         <size>0x4ab</size>
         <input_file_ref idref="fl-1b"/>
      </object_component>
      <object_component id="oc-260">
         <name>.text</name>
         <load_address>0xbcab</load_address>
         <run_address>0xbcab</run_address>
         <size>0xd2</size>
         <input_file_ref idref="fl-3d"/>
      </object_component>
      <object_component id="oc-271">
         <name>.text</name>
         <load_address>0xbd7d</load_address>
         <run_address>0xbd7d</run_address>
         <size>0xca</size>
         <input_file_ref idref="fl-3f"/>
      </object_component>
      <object_component id="oc-276">
         <name>.text</name>
         <load_address>0xbe47</load_address>
         <run_address>0xbe47</run_address>
         <size>0xbe</size>
         <input_file_ref idref="fl-27"/>
      </object_component>
      <object_component id="oc-272">
         <name>.text</name>
         <load_address>0xbf05</load_address>
         <run_address>0xbf05</run_address>
         <size>0xbc</size>
         <input_file_ref idref="fl-2c"/>
      </object_component>
      <object_component id="oc-26c">
         <name>.text</name>
         <load_address>0xbfc1</load_address>
         <run_address>0xbfc1</run_address>
         <size>0x3b</size>
         <input_file_ref idref="fl-29"/>
      </object_component>
      <object_component id="oc-25b">
         <name>.text</name>
         <load_address>0xbffc</load_address>
         <run_address>0xbffc</run_address>
         <size>0x2</size>
         <input_file_ref idref="fl-4c"/>
      </object_component>
      <object_component id="oc-167">
         <name>.cinit:_TRIP_SEL</name>
         <load_address>0x8800</load_address>
         <run_address>0x8800</run_address>
         <size>0x21</size>
         <input_file_ref idref="fl-21"/>
      </object_component>
      <object_component id="oc-197">
         <name>.cinit:_EPWM</name>
         <load_address>0x8821</load_address>
         <run_address>0x8821</run_address>
         <size>0x1d</size>
         <input_file_ref idref="fl-21"/>
      </object_component>
      <object_component id="oc-157">
         <name>.cinit:_ECAP</name>
         <load_address>0x883e</load_address>
         <run_address>0x883e</run_address>
         <size>0x11</size>
         <input_file_ref idref="fl-21"/>
      </object_component>
      <object_component id="oc-235">
         <name>.cinit</name>
         <load_address>0x884f</load_address>
         <run_address>0x884f</run_address>
         <size>0xe</size>
         <input_file_ref idref="fl-4e"/>
      </object_component>
      <object_component id="oc-190">
         <name>.cinit:_ADC</name>
         <load_address>0x885d</load_address>
         <run_address>0x885d</run_address>
         <size>0xd</size>
         <input_file_ref idref="fl-21"/>
      </object_component>
      <object_component id="oc-16b">
         <name>.cinit:_EQEP</name>
         <load_address>0x886a</load_address>
         <run_address>0x886a</run_address>
         <size>0xb</size>
         <input_file_ref idref="fl-21"/>
      </object_component>
      <object_component id="oc-14e">
         <name>.cinit:_SPI</name>
         <load_address>0x8875</load_address>
         <run_address>0x8875</run_address>
         <size>0xb</size>
         <input_file_ref idref="fl-21"/>
      </object_component>
      <object_component id="oc-91">
         <name>.cinit</name>
         <load_address>0x8880</load_address>
         <run_address>0x8880</run_address>
         <size>0xa</size>
         <input_file_ref idref="fl-3"/>
      </object_component>
      <object_component id="oc-18b">
         <name>.cinit:_SDFM</name>
         <load_address>0x888a</load_address>
         <run_address>0x888a</run_address>
         <size>0x9</size>
         <input_file_ref idref="fl-21"/>
      </object_component>
      <object_component id="oc-8a">
         <name>.cinit</name>
         <load_address>0x8893</load_address>
         <run_address>0x8893</run_address>
         <size>0x8</size>
         <input_file_ref idref="fl-2"/>
      </object_component>
      <object_component id="oc-16f">
         <name>.cinit:_I2C</name>
         <load_address>0x889b</load_address>
         <run_address>0x889b</run_address>
         <size>0x7</size>
         <input_file_ref idref="fl-21"/>
      </object_component>
      <object_component id="oc-173">
         <name>.cinit:_MCBSP</name>
         <load_address>0x88a2</load_address>
         <run_address>0x88a2</run_address>
         <size>0x7</size>
         <input_file_ref idref="fl-21"/>
      </object_component>
      <object_component id="oc-149">
         <name>.cinit:_SCI</name>
         <load_address>0x88a9</load_address>
         <run_address>0x88a9</run_address>
         <size>0x7</size>
         <input_file_ref idref="fl-21"/>
      </object_component>
      <object_component id="oc-270">
         <name>.cinit:__lock</name>
         <load_address>0x88b0</load_address>
         <run_address>0x88b0</run_address>
         <size>0x5</size>
         <input_file_ref idref="fl-4f"/>
      </object_component>
      <object_component id="oc-279">
         <name>.cinit:__unlock</name>
         <load_address>0x88b5</load_address>
         <run_address>0x88b5</run_address>
         <size>0x5</size>
         <input_file_ref idref="fl-4f"/>
      </object_component>
      <object_component id="oc-1f6">
         <name>.cinit</name>
         <load_address>0x88ba</load_address>
         <run_address>0x88ba</run_address>
         <size>0x5</size>
         <input_file_ref idref="fl-42"/>
      </object_component>
      <object_component id="oc-125">
         <name>.cinit</name>
         <load_address>0x88bf</load_address>
         <run_address>0x88bf</run_address>
         <size>0x4</size>
         <input_file_ref idref="fl-1f"/>
      </object_component>
      <object_component id="oc-253">
         <name>.cinit</name>
         <load_address>0x88c3</load_address>
         <run_address>0x88c3</run_address>
         <size>0x4</size>
         <input_file_ref idref="fl-53"/>
      </object_component>
      <object_component id="oc-246">
         <name>.cinit</name>
         <load_address>0x88c7</load_address>
         <run_address>0x88c7</run_address>
         <size>0x4</size>
         <input_file_ref idref="fl-51"/>
      </object_component>
      <object_component id="oc-284">
         <name>.econst:_PieVectTableInit</name>
         <load_address>0xa400</load_address>
         <run_address>0xa400</run_address>
         <size>0x1c0</size>
         <input_file_ref idref="fl-18"/>
      </object_component>
      <object_component id="oc-1db">
         <name>.econst</name>
         <load_address>0xa5c0</load_address>
         <run_address>0xa5c0</run_address>
         <size>0xc</size>
         <input_file_ref idref="fl-3d"/>
      </object_component>
      <object_component id="oc-27c">
         <name>.econst:_aT</name>
         <load_address>0xa5cc</load_address>
         <run_address>0xa5cc</run_address>
         <size>0xa</size>
         <input_file_ref idref="fl-3f"/>
      </object_component>
      <object_component id="oc-27a">
         <name>.econst:_atanhi</name>
         <load_address>0xa5d6</load_address>
         <run_address>0xa5d6</run_address>
         <size>0x8</size>
         <input_file_ref idref="fl-3f"/>
      </object_component>
      <object_component id="oc-27b">
         <name>.econst:_atanlo</name>
         <load_address>0xa5de</load_address>
         <run_address>0xa5de</run_address>
         <size>0x8</size>
         <input_file_ref idref="fl-3f"/>
      </object_component>
      <object_component id="oc-97">
         <name>.econst</name>
         <load_address>0xa5e6</load_address>
         <run_address>0xa5e6</run_address>
         <size>0x4</size>
         <input_file_ref idref="fl-3"/>
      </object_component>
      <object_component id="oc-1e6">
         <name>.econst</name>
         <load_address>0xa5ea</load_address>
         <run_address>0xa5ea</run_address>
         <size>0x4</size>
         <input_file_ref idref="fl-3f"/>
      </object_component>
      <object_component id="oc-94">
         <name>RFFTdata1</name>
         <uninitialized>true</uninitialized>
         <run_address>0x10000</run_address>
         <size>0x400</size>
         <input_file_ref idref="fl-3"/>
      </object_component>
      <object_component id="oc-93">
         <name>RFFTdata2</name>
         <uninitialized>true</uninitialized>
         <run_address>0x12000</run_address>
         <size>0x402</size>
         <input_file_ref idref="fl-3"/>
      </object_component>
      <object_component id="oc-95">
         <name>RFFTdata3</name>
         <uninitialized>true</uninitialized>
         <run_address>0x14000</run_address>
         <size>0x400</size>
         <input_file_ref idref="fl-3"/>
      </object_component>
      <object_component id="oc-96">
         <name>RFFTdata4</name>
         <uninitialized>true</uninitialized>
         <run_address>0x16000</run_address>
         <size>0x400</size>
         <input_file_ref idref="fl-3"/>
      </object_component>
      <object_component id="oc-1fd">
         <name>.reset</name>
         <load_address>0x3fffc0</load_address>
         <run_address>0x3fffc0</run_address>
         <size>0x2</size>
         <input_file_ref idref="fl-43"/>
      </object_component>
      <object_component id="oc-1fc">
         <name>.stack</name>
         <uninitialized>true</uninitialized>
         <run_address>0xa5ee</run_address>
         <size>0x0</size>
         <input_file_ref idref="fl-43"/>
      </object_component>
      <object_component id="oc-316">
         <name>.stack</name>
         <uninitialized>true</uninitialized>
         <run_address>0xa5ee</run_address>
         <size>0x0</size>
      </object_component>
      <object_component id="oc-8b">
         <name>.ebss</name>
         <uninitialized>true</uninitialized>
         <run_address>0xa86c</run_address>
         <size>0xf</size>
         <input_file_ref idref="fl-2"/>
      </object_component>
      <object_component id="oc-92">
         <name>.ebss</name>
         <uninitialized>true</uninitialized>
         <run_address>0xa858</run_address>
         <size>0x14</size>
         <input_file_ref idref="fl-3"/>
      </object_component>
      <object_component id="oc-c6">
         <name>.ebss</name>
         <uninitialized>true</uninitialized>
         <run_address>0xa840</run_address>
         <size>0x18</size>
         <input_file_ref idref="fl-c"/>
      </object_component>
      <object_component id="oc-115">
         <name>.ebss</name>
         <uninitialized>true</uninitialized>
         <run_address>0xa8a0</run_address>
         <size>0x6</size>
         <input_file_ref idref="fl-1c"/>
      </object_component>
      <object_component id="oc-126">
         <name>.ebss</name>
         <uninitialized>true</uninitialized>
         <run_address>0xa87b</run_address>
         <size>0x1</size>
         <input_file_ref idref="fl-1f"/>
      </object_component>
      <object_component id="oc-266">
         <name>.ebss:_I2C</name>
         <uninitialized>true</uninitialized>
         <run_address>0xa87c</run_address>
         <size>0x4</size>
         <input_file_ref idref="fl-21"/>
      </object_component>
      <object_component id="oc-267">
         <name>.ebss:_MCBSP</name>
         <uninitialized>true</uninitialized>
         <run_address>0xa8b2</run_address>
         <size>0x4</size>
         <input_file_ref idref="fl-21"/>
      </object_component>
      <object_component id="oc-261">
         <name>.ebss:_SCI</name>
         <uninitialized>true</uninitialized>
         <run_address>0xa8b6</run_address>
         <size>0x4</size>
         <input_file_ref idref="fl-21"/>
      </object_component>
      <object_component id="oc-268">
         <name>.ebss:_SDFM</name>
         <uninitialized>true</uninitialized>
         <run_address>0xa8a6</run_address>
         <size>0x6</size>
         <input_file_ref idref="fl-21"/>
      </object_component>
      <object_component id="oc-265">
         <name>.ebss:_EQEP</name>
         <uninitialized>true</uninitialized>
         <run_address>0xa838</run_address>
         <size>0x8</size>
         <input_file_ref idref="fl-21"/>
      </object_component>
      <object_component id="oc-262">
         <name>.ebss:_SPI</name>
         <uninitialized>true</uninitialized>
         <run_address>0xa898</run_address>
         <size>0x8</size>
         <input_file_ref idref="fl-21"/>
      </object_component>
      <object_component id="oc-269">
         <name>.ebss:_ADC</name>
         <uninitialized>true</uninitialized>
         <run_address>0xa88e</run_address>
         <size>0xa</size>
         <input_file_ref idref="fl-21"/>
      </object_component>
      <object_component id="oc-263">
         <name>.ebss:_ECAP</name>
         <uninitialized>true</uninitialized>
         <run_address>0xa880</run_address>
         <size>0xe</size>
         <input_file_ref idref="fl-21"/>
      </object_component>
      <object_component id="oc-26a">
         <name>.ebss:_EPWM</name>
         <uninitialized>true</uninitialized>
         <run_address>0xa81e</run_address>
         <size>0x1a</size>
         <input_file_ref idref="fl-21"/>
      </object_component>
      <object_component id="oc-264">
         <name>.ebss:_TRIP_SEL</name>
         <uninitialized>true</uninitialized>
         <run_address>0xa800</run_address>
         <size>0x1e</size>
         <input_file_ref idref="fl-21"/>
      </object_component>
      <object_component id="oc-1f7">
         <name>.ebss</name>
         <uninitialized>true</uninitialized>
         <run_address>0xa8c2</run_address>
         <size>0x2</size>
         <input_file_ref idref="fl-42"/>
      </object_component>
      <object_component id="oc-236">
         <name>.ebss</name>
         <uninitialized>true</uninitialized>
         <run_address>0xa8ac</run_address>
         <size>0x6</size>
         <input_file_ref idref="fl-4e"/>
      </object_component>
      <object_component id="oc-26f">
         <name>.ebss:__lock</name>
         <uninitialized>true</uninitialized>
         <run_address>0xa8be</run_address>
         <size>0x2</size>
         <input_file_ref idref="fl-4f"/>
      </object_component>
      <object_component id="oc-283">
         <name>.ebss:__unlock</name>
         <uninitialized>true</uninitialized>
         <run_address>0xa8c0</run_address>
         <size>0x2</size>
         <input_file_ref idref="fl-4f"/>
      </object_component>
      <object_component id="oc-247">
         <name>.ebss</name>
         <uninitialized>true</uninitialized>
         <run_address>0xa8ba</run_address>
         <size>0x4</size>
         <input_file_ref idref="fl-51"/>
      </object_component>
      <object_component id="oc-254">
         <name>.ebss</name>
         <uninitialized>true</uninitialized>
         <run_address>0xa8c4</run_address>
         <size>0x1</size>
         <input_file_ref idref="fl-53"/>
      </object_component>
      <object_component id="oc-248">
         <name>.esysmem</name>
         <uninitialized>true</uninitialized>
         <run_address>0xa000</run_address>
         <size>0x4</size>
         <input_file_ref idref="fl-51"/>
      </object_component>
      <object_component id="oc-317">
         <name>.esysmem</name>
         <uninitialized>true</uninitialized>
         <run_address>0xa000</run_address>
         <size>0x0</size>
      </object_component>
      <object_component id="oc-1ac">
         <name>PieVectTableFile</name>
         <uninitialized>true</uninitialized>
         <run_address>0xd00</run_address>
         <size>0x1c0</size>
         <input_file_ref idref="fl-23"/>
      </object_component>
      <object_component id="oc-179">
         <name>AccessProtectionRegsFile</name>
         <uninitialized>true</uninitialized>
         <run_address>0x5f4c0</run_address>
         <size>0x2e</size>
         <input_file_ref idref="fl-23"/>
      </object_component>
      <object_component id="oc-18f">
         <name>AdcaRegsFile</name>
         <uninitialized>true</uninitialized>
         <run_address>0x7400</run_address>
         <size>0x7c</size>
         <input_file_ref idref="fl-23"/>
      </object_component>
      <object_component id="oc-191">
         <name>AdcbRegsFile</name>
         <uninitialized>true</uninitialized>
         <run_address>0x7480</run_address>
         <size>0x7c</size>
         <input_file_ref idref="fl-23"/>
      </object_component>
      <object_component id="oc-192">
         <name>AdccRegsFile</name>
         <uninitialized>true</uninitialized>
         <run_address>0x7500</run_address>
         <size>0x7c</size>
         <input_file_ref idref="fl-23"/>
      </object_component>
      <object_component id="oc-193">
         <name>AdcdRegsFile</name>
         <uninitialized>true</uninitialized>
         <run_address>0x7580</run_address>
         <size>0x7c</size>
         <input_file_ref idref="fl-23"/>
      </object_component>
      <object_component id="oc-151">
         <name>AdcaResultRegsFile</name>
         <uninitialized>true</uninitialized>
         <run_address>0xb00</run_address>
         <size>0x18</size>
         <input_file_ref idref="fl-23"/>
      </object_component>
      <object_component id="oc-152">
         <name>AdcbResultRegsFile</name>
         <uninitialized>true</uninitialized>
         <run_address>0xb20</run_address>
         <size>0x18</size>
         <input_file_ref idref="fl-23"/>
      </object_component>
      <object_component id="oc-153">
         <name>AdccResultRegsFile</name>
         <uninitialized>true</uninitialized>
         <run_address>0xb40</run_address>
         <size>0x18</size>
         <input_file_ref idref="fl-23"/>
      </object_component>
      <object_component id="oc-154">
         <name>AdcdResultRegsFile</name>
         <uninitialized>true</uninitialized>
         <run_address>0xb60</run_address>
         <size>0x18</size>
         <input_file_ref idref="fl-23"/>
      </object_component>
      <object_component id="oc-17d">
         <name>AnalogSubsysRegsFile</name>
         <uninitialized>true</uninitialized>
         <run_address>0x5d180</run_address>
         <size>0x3e</size>
         <input_file_ref idref="fl-23"/>
      </object_component>
      <object_component id="oc-1a8">
         <name>CanaRegsFile</name>
         <uninitialized>true</uninitialized>
         <run_address>0x48000</run_address>
         <size>0x164</size>
         <input_file_ref idref="fl-23"/>
      </object_component>
      <object_component id="oc-1a9">
         <name>CanbRegsFile</name>
         <uninitialized>true</uninitialized>
         <run_address>0x4a000</run_address>
         <size>0x164</size>
         <input_file_ref idref="fl-23"/>
      </object_component>
      <object_component id="oc-17e">
         <name>Cla1RegsFile</name>
         <uninitialized>true</uninitialized>
         <run_address>0x1400</run_address>
         <size>0x3e</size>
         <input_file_ref idref="fl-23"/>
      </object_component>
      <object_component id="oc-1a3">
         <name>Clb1DataExchRegsFile</name>
         <uninitialized>true</uninitialized>
         <run_address>0x3200</run_address>
         <size>0x108</size>
         <input_file_ref idref="fl-23"/>
      </object_component>
      <object_component id="oc-1a4">
         <name>Clb2DataExchRegsFile</name>
         <uninitialized>true</uninitialized>
         <run_address>0x3600</run_address>
         <size>0x108</size>
         <input_file_ref idref="fl-23"/>
      </object_component>
      <object_component id="oc-1a5">
         <name>Clb3DataExchRegsFile</name>
         <uninitialized>true</uninitialized>
         <run_address>0x3a00</run_address>
         <size>0x108</size>
         <input_file_ref idref="fl-23"/>
      </object_component>
      <object_component id="oc-1a6">
         <name>Clb4DataExchRegsFile</name>
         <uninitialized>true</uninitialized>
         <run_address>0x3e00</run_address>
         <size>0x108</size>
         <input_file_ref idref="fl-23"/>
      </object_component>
      <object_component id="oc-17f">
         <name>Clb1LogicCfgRegsFile</name>
         <uninitialized>true</uninitialized>
         <run_address>0x3000</run_address>
         <size>0x3e</size>
         <input_file_ref idref="fl-23"/>
      </object_component>
      <object_component id="oc-180">
         <name>Clb2LogicCfgRegsFile</name>
         <uninitialized>true</uninitialized>
         <run_address>0x3400</run_address>
         <size>0x3e</size>
         <input_file_ref idref="fl-23"/>
      </object_component>
      <object_component id="oc-181">
         <name>Clb3LogicCfgRegsFile</name>
         <uninitialized>true</uninitialized>
         <run_address>0x3800</run_address>
         <size>0x3e</size>
         <input_file_ref idref="fl-23"/>
      </object_component>
      <object_component id="oc-182">
         <name>Clb4LogicCfgRegsFile</name>
         <uninitialized>true</uninitialized>
         <run_address>0x3c00</run_address>
         <size>0x3e</size>
         <input_file_ref idref="fl-23"/>
      </object_component>
      <object_component id="oc-183">
         <name>Clb1LogicCtrlRegsFile</name>
         <uninitialized>true</uninitialized>
         <run_address>0x3100</run_address>
         <size>0x40</size>
         <input_file_ref idref="fl-23"/>
      </object_component>
      <object_component id="oc-184">
         <name>Clb2LogicCtrlRegsFile</name>
         <uninitialized>true</uninitialized>
         <run_address>0x3500</run_address>
         <size>0x40</size>
         <input_file_ref idref="fl-23"/>
      </object_component>
      <object_component id="oc-185">
         <name>Clb3LogicCtrlRegsFile</name>
         <uninitialized>true</uninitialized>
         <run_address>0x3900</run_address>
         <size>0x40</size>
         <input_file_ref idref="fl-23"/>
      </object_component>
      <object_component id="oc-186">
         <name>Clb4LogicCtrlRegsFile</name>
         <uninitialized>true</uninitialized>
         <run_address>0x3d00</run_address>
         <size>0x40</size>
         <input_file_ref idref="fl-23"/>
      </object_component>
      <object_component id="oc-187">
         <name>ClbXbarRegsFile</name>
         <uninitialized>true</uninitialized>
         <run_address>0x7a40</run_address>
         <size>0x40</size>
         <input_file_ref idref="fl-23"/>
      </object_component>
      <object_component id="oc-17b">
         <name>ClkCfgRegsFile</name>
         <uninitialized>true</uninitialized>
         <run_address>0x5d200</run_address>
         <size>0x32</size>
         <input_file_ref idref="fl-23"/>
      </object_component>
      <object_component id="oc-15e">
         <name>Cmpss1RegsFile</name>
         <uninitialized>true</uninitialized>
         <run_address>0x5c80</run_address>
         <size>0x1b</size>
         <input_file_ref idref="fl-23"/>
      </object_component>
      <object_component id="oc-15f">
         <name>Cmpss2RegsFile</name>
         <uninitialized>true</uninitialized>
         <run_address>0x5ca0</run_address>
         <size>0x1b</size>
         <input_file_ref idref="fl-23"/>
      </object_component>
      <object_component id="oc-160">
         <name>Cmpss3RegsFile</name>
         <uninitialized>true</uninitialized>
         <run_address>0x5cc0</run_address>
         <size>0x1b</size>
         <input_file_ref idref="fl-23"/>
      </object_component>
      <object_component id="oc-161">
         <name>Cmpss4RegsFile</name>
         <uninitialized>true</uninitialized>
         <run_address>0x5ce0</run_address>
         <size>0x1b</size>
         <input_file_ref idref="fl-23"/>
      </object_component>
      <object_component id="oc-162">
         <name>Cmpss5RegsFile</name>
         <uninitialized>true</uninitialized>
         <run_address>0x5d00</run_address>
         <size>0x1b</size>
         <input_file_ref idref="fl-23"/>
      </object_component>
      <object_component id="oc-163">
         <name>Cmpss6RegsFile</name>
         <uninitialized>true</uninitialized>
         <run_address>0x5d20</run_address>
         <size>0x1b</size>
         <input_file_ref idref="fl-23"/>
      </object_component>
      <object_component id="oc-164">
         <name>Cmpss7RegsFile</name>
         <uninitialized>true</uninitialized>
         <run_address>0x5d40</run_address>
         <size>0x1b</size>
         <input_file_ref idref="fl-23"/>
      </object_component>
      <object_component id="oc-165">
         <name>Cmpss8RegsFile</name>
         <uninitialized>true</uninitialized>
         <run_address>0x5d60</run_address>
         <size>0x1b</size>
         <input_file_ref idref="fl-23"/>
      </object_component>
      <object_component id="oc-141">
         <name>CpuTimer0RegsFile</name>
         <uninitialized>true</uninitialized>
         <run_address>0xc00</run_address>
         <size>0x8</size>
         <input_file_ref idref="fl-23"/>
      </object_component>
      <object_component id="oc-142">
         <name>CpuTimer1RegsFile</name>
         <uninitialized>true</uninitialized>
         <run_address>0xc08</run_address>
         <size>0x8</size>
         <input_file_ref idref="fl-23"/>
      </object_component>
      <object_component id="oc-143">
         <name>CpuTimer2RegsFile</name>
         <uninitialized>true</uninitialized>
         <run_address>0xc10</run_address>
         <size>0x8</size>
         <input_file_ref idref="fl-23"/>
      </object_component>
      <object_component id="oc-194">
         <name>CpuSysRegsFile</name>
         <uninitialized>true</uninitialized>
         <run_address>0x5d300</run_address>
         <size>0x82</size>
         <input_file_ref idref="fl-23"/>
      </object_component>
      <object_component id="oc-13d">
         <name>DacaRegsFile</name>
         <uninitialized>true</uninitialized>
         <run_address>0x5c00</run_address>
         <size>0x7</size>
         <input_file_ref idref="fl-23"/>
      </object_component>
      <object_component id="oc-13e">
         <name>DacbRegsFile</name>
         <uninitialized>true</uninitialized>
         <run_address>0x5c10</run_address>
         <size>0x7</size>
         <input_file_ref idref="fl-23"/>
      </object_component>
      <object_component id="oc-13f">
         <name>DaccRegsFile</name>
         <uninitialized>true</uninitialized>
         <run_address>0x5c20</run_address>
         <size>0x7</size>
         <input_file_ref idref="fl-23"/>
      </object_component>
      <object_component id="oc-13b">
         <name>DcsmCommonRegsFile</name>
         <uninitialized>true</uninitialized>
         <run_address>0x5f070</run_address>
         <size>0x6</size>
         <input_file_ref idref="fl-23"/>
      </object_component>
      <object_component id="oc-168">
         <name>DcsmZ1RegsFile</name>
         <uninitialized>true</uninitialized>
         <run_address>0x5f000</run_address>
         <size>0x22</size>
         <input_file_ref idref="fl-23"/>
      </object_component>
      <object_component id="oc-169">
         <name>DcsmZ2RegsFile</name>
         <uninitialized>true</uninitialized>
         <run_address>0x5f040</run_address>
         <size>0x22</size>
         <input_file_ref idref="fl-23"/>
      </object_component>
      <object_component id="oc-1a7">
         <name>DevCfgRegsFile</name>
         <uninitialized>true</uninitialized>
         <run_address>0x5d000</run_address>
         <size>0x12e</size>
         <input_file_ref idref="fl-23"/>
      </object_component>
      <object_component id="oc-155">
         <name>DmaClaSrcSelRegsFile</name>
         <uninitialized>true</uninitialized>
         <run_address>0x7980</run_address>
         <size>0x1a</size>
         <input_file_ref idref="fl-23"/>
      </object_component>
      <object_component id="oc-195">
         <name>DmaRegsFile</name>
         <uninitialized>true</uninitialized>
         <run_address>0x1000</run_address>
         <size>0xe0</size>
         <input_file_ref idref="fl-23"/>
      </object_component>
      <object_component id="oc-156">
         <name>ECap1RegsFile</name>
         <uninitialized>true</uninitialized>
         <run_address>0x5000</run_address>
         <size>0x1a</size>
         <input_file_ref idref="fl-23"/>
      </object_component>
      <object_component id="oc-158">
         <name>ECap2RegsFile</name>
         <uninitialized>true</uninitialized>
         <run_address>0x5020</run_address>
         <size>0x1a</size>
         <input_file_ref idref="fl-23"/>
      </object_component>
      <object_component id="oc-159">
         <name>ECap3RegsFile</name>
         <uninitialized>true</uninitialized>
         <run_address>0x5040</run_address>
         <size>0x1a</size>
         <input_file_ref idref="fl-23"/>
      </object_component>
      <object_component id="oc-15a">
         <name>ECap4RegsFile</name>
         <uninitialized>true</uninitialized>
         <run_address>0x5060</run_address>
         <size>0x1a</size>
         <input_file_ref idref="fl-23"/>
      </object_component>
      <object_component id="oc-15b">
         <name>ECap5RegsFile</name>
         <uninitialized>true</uninitialized>
         <run_address>0x5080</run_address>
         <size>0x1a</size>
         <input_file_ref idref="fl-23"/>
      </object_component>
      <object_component id="oc-15c">
         <name>ECap6RegsFile</name>
         <uninitialized>true</uninitialized>
         <run_address>0x50a0</run_address>
         <size>0x1a</size>
         <input_file_ref idref="fl-23"/>
      </object_component>
      <object_component id="oc-144">
         <name>Emif1ConfigRegsFile</name>
         <uninitialized>true</uninitialized>
         <run_address>0x5f480</run_address>
         <size>0xa</size>
         <input_file_ref idref="fl-23"/>
      </object_component>
      <object_component id="oc-145">
         <name>Emif2ConfigRegsFile</name>
         <uninitialized>true</uninitialized>
         <run_address>0x5f4a0</run_address>
         <size>0xa</size>
         <input_file_ref idref="fl-23"/>
      </object_component>
      <object_component id="oc-175">
         <name>Emif1RegsFile</name>
         <uninitialized>true</uninitialized>
         <run_address>0x47000</run_address>
         <size>0x28</size>
         <input_file_ref idref="fl-23"/>
      </object_component>
      <object_component id="oc-176">
         <name>Emif2RegsFile</name>
         <uninitialized>true</uninitialized>
         <run_address>0x47800</run_address>
         <size>0x28</size>
         <input_file_ref idref="fl-23"/>
      </object_component>
      <object_component id="oc-196">
         <name>EPwm1RegsFile</name>
         <uninitialized>true</uninitialized>
         <run_address>0x4000</run_address>
         <size>0x100</size>
         <input_file_ref idref="fl-23"/>
      </object_component>
      <object_component id="oc-198">
         <name>EPwm2RegsFile</name>
         <uninitialized>true</uninitialized>
         <run_address>0x4100</run_address>
         <size>0x100</size>
         <input_file_ref idref="fl-23"/>
      </object_component>
      <object_component id="oc-199">
         <name>EPwm3RegsFile</name>
         <uninitialized>true</uninitialized>
         <run_address>0x4200</run_address>
         <size>0x100</size>
         <input_file_ref idref="fl-23"/>
      </object_component>
      <object_component id="oc-19a">
         <name>EPwm4RegsFile</name>
         <uninitialized>true</uninitialized>
         <run_address>0x4300</run_address>
         <size>0x100</size>
         <input_file_ref idref="fl-23"/>
      </object_component>
      <object_component id="oc-19b">
         <name>EPwm5RegsFile</name>
         <uninitialized>true</uninitialized>
         <run_address>0x4400</run_address>
         <size>0x100</size>
         <input_file_ref idref="fl-23"/>
      </object_component>
      <object_component id="oc-19c">
         <name>EPwm6RegsFile</name>
         <uninitialized>true</uninitialized>
         <run_address>0x4500</run_address>
         <size>0x100</size>
         <input_file_ref idref="fl-23"/>
      </object_component>
      <object_component id="oc-19d">
         <name>EPwm7RegsFile</name>
         <uninitialized>true</uninitialized>
         <run_address>0x4600</run_address>
         <size>0x100</size>
         <input_file_ref idref="fl-23"/>
      </object_component>
      <object_component id="oc-19e">
         <name>EPwm8RegsFile</name>
         <uninitialized>true</uninitialized>
         <run_address>0x4700</run_address>
         <size>0x100</size>
         <input_file_ref idref="fl-23"/>
      </object_component>
      <object_component id="oc-19f">
         <name>EPwm9RegsFile</name>
         <uninitialized>true</uninitialized>
         <run_address>0x4800</run_address>
         <size>0x100</size>
         <input_file_ref idref="fl-23"/>
      </object_component>
      <object_component id="oc-1a0">
         <name>EPwm10RegsFile</name>
         <uninitialized>true</uninitialized>
         <run_address>0x4900</run_address>
         <size>0x100</size>
         <input_file_ref idref="fl-23"/>
      </object_component>
      <object_component id="oc-1a1">
         <name>EPwm11RegsFile</name>
         <uninitialized>true</uninitialized>
         <run_address>0x4a00</run_address>
         <size>0x100</size>
         <input_file_ref idref="fl-23"/>
      </object_component>
      <object_component id="oc-1a2">
         <name>EPwm12RegsFile</name>
         <uninitialized>true</uninitialized>
         <run_address>0x4b00</run_address>
         <size>0x100</size>
         <input_file_ref idref="fl-23"/>
      </object_component>
      <object_component id="oc-188">
         <name>EPwmXbarRegsFile</name>
         <uninitialized>true</uninitialized>
         <run_address>0x7a00</run_address>
         <size>0x40</size>
         <input_file_ref idref="fl-23"/>
      </object_component>
      <object_component id="oc-16a">
         <name>EQep1RegsFile</name>
         <uninitialized>true</uninitialized>
         <run_address>0x5100</run_address>
         <size>0x22</size>
         <input_file_ref idref="fl-23"/>
      </object_component>
      <object_component id="oc-16c">
         <name>EQep2RegsFile</name>
         <uninitialized>true</uninitialized>
         <run_address>0x5140</run_address>
         <size>0x22</size>
         <input_file_ref idref="fl-23"/>
      </object_component>
      <object_component id="oc-16d">
         <name>EQep3RegsFile</name>
         <uninitialized>true</uninitialized>
         <run_address>0x5180</run_address>
         <size>0x22</size>
         <input_file_ref idref="fl-23"/>
      </object_component>
      <object_component id="oc-1ab">
         <name>Flash0CtrlRegsFile</name>
         <uninitialized>true</uninitialized>
         <run_address>0x5f800</run_address>
         <size>0x182</size>
         <input_file_ref idref="fl-23"/>
      </object_component>
      <object_component id="oc-177">
         <name>Flash0EccRegsFile</name>
         <uninitialized>true</uninitialized>
         <run_address>0x5fb00</run_address>
         <size>0x28</size>
         <input_file_ref idref="fl-23"/>
      </object_component>
      <object_component id="oc-138">
         <name>FlashPumpSemaphoreRegsFile</name>
         <uninitialized>true</uninitialized>
         <run_address>0x50024</run_address>
         <size>0x2</size>
         <input_file_ref idref="fl-23"/>
      </object_component>
      <object_component id="oc-1aa">
         <name>GpioCtrlRegsFile</name>
         <uninitialized>true</uninitialized>
         <run_address>0x7c00</run_address>
         <size>0x180</size>
         <input_file_ref idref="fl-23"/>
      </object_component>
      <object_component id="oc-17a">
         <name>GpioDataRegsFile</name>
         <uninitialized>true</uninitialized>
         <run_address>0x7f00</run_address>
         <size>0x30</size>
         <input_file_ref idref="fl-23"/>
      </object_component>
      <object_component id="oc-16e">
         <name>I2caRegsFile</name>
         <uninitialized>true</uninitialized>
         <run_address>0x7300</run_address>
         <size>0x22</size>
         <input_file_ref idref="fl-23"/>
      </object_component>
      <object_component id="oc-170">
         <name>I2cbRegsFile</name>
         <uninitialized>true</uninitialized>
         <run_address>0x7340</run_address>
         <size>0x22</size>
         <input_file_ref idref="fl-23"/>
      </object_component>
      <object_component id="oc-166">
         <name>InputXbarRegsFile</name>
         <uninitialized>true</uninitialized>
         <run_address>0x7900</run_address>
         <size>0x20</size>
         <input_file_ref idref="fl-23"/>
      </object_component>
      <object_component id="oc-171">
         <name>IpcRegsFile</name>
         <uninitialized>true</uninitialized>
         <run_address>0x50000</run_address>
         <size>0x24</size>
         <input_file_ref idref="fl-23"/>
      </object_component>
      <object_component id="oc-17c">
         <name>MemoryErrorRegsFile</name>
         <uninitialized>true</uninitialized>
         <run_address>0x5f500</run_address>
         <size>0x3a</size>
         <input_file_ref idref="fl-23"/>
      </object_component>
      <object_component id="oc-18e">
         <name>MemCfgRegsFile</name>
         <uninitialized>true</uninitialized>
         <run_address>0x5f400</run_address>
         <size>0x76</size>
         <input_file_ref idref="fl-23"/>
      </object_component>
      <object_component id="oc-172">
         <name>McbspaRegsFile</name>
         <uninitialized>true</uninitialized>
         <run_address>0x6000</run_address>
         <size>0x24</size>
         <input_file_ref idref="fl-23"/>
      </object_component>
      <object_component id="oc-174">
         <name>McbspbRegsFile</name>
         <uninitialized>true</uninitialized>
         <run_address>0x6040</run_address>
         <size>0x24</size>
         <input_file_ref idref="fl-23"/>
      </object_component>
      <object_component id="oc-140">
         <name>NmiIntruptRegsFile</name>
         <uninitialized>true</uninitialized>
         <run_address>0x7060</run_address>
         <size>0x7</size>
         <input_file_ref idref="fl-23"/>
      </object_component>
      <object_component id="oc-189">
         <name>OutputXbarRegsFile</name>
         <uninitialized>true</uninitialized>
         <run_address>0x7a80</run_address>
         <size>0x40</size>
         <input_file_ref idref="fl-23"/>
      </object_component>
      <object_component id="oc-15d">
         <name>PieCtrlRegsFile</name>
         <uninitialized>true</uninitialized>
         <run_address>0xce0</run_address>
         <size>0x1a</size>
         <input_file_ref idref="fl-23"/>
      </object_component>
      <object_component id="oc-139">
         <name>RomPrefetchRegsFile</name>
         <uninitialized>true</uninitialized>
         <run_address>0x5e608</run_address>
         <size>0x2</size>
         <input_file_ref idref="fl-23"/>
      </object_component>
      <object_component id="oc-13a">
         <name>RomWaitStateRegsFile</name>
         <uninitialized>true</uninitialized>
         <run_address>0x5f540</run_address>
         <size>0x2</size>
         <input_file_ref idref="fl-23"/>
      </object_component>
      <object_component id="oc-148">
         <name>SciaRegsFile</name>
         <uninitialized>true</uninitialized>
         <run_address>0x7200</run_address>
         <size>0x10</size>
         <input_file_ref idref="fl-23"/>
      </object_component>
      <object_component id="oc-14a">
         <name>ScibRegsFile</name>
         <uninitialized>true</uninitialized>
         <run_address>0x7210</run_address>
         <size>0x10</size>
         <input_file_ref idref="fl-23"/>
      </object_component>
      <object_component id="oc-14b">
         <name>ScicRegsFile</name>
         <uninitialized>true</uninitialized>
         <run_address>0x7220</run_address>
         <size>0x10</size>
         <input_file_ref idref="fl-23"/>
      </object_component>
      <object_component id="oc-14c">
         <name>ScidRegsFile</name>
         <uninitialized>true</uninitialized>
         <run_address>0x7230</run_address>
         <size>0x10</size>
         <input_file_ref idref="fl-23"/>
      </object_component>
      <object_component id="oc-18a">
         <name>Sdfm1RegsFile</name>
         <uninitialized>true</uninitialized>
         <run_address>0x5e00</run_address>
         <size>0x48</size>
         <input_file_ref idref="fl-23"/>
      </object_component>
      <object_component id="oc-18c">
         <name>Sdfm2RegsFile</name>
         <uninitialized>true</uninitialized>
         <run_address>0x5e80</run_address>
         <size>0x48</size>
         <input_file_ref idref="fl-23"/>
      </object_component>
      <object_component id="oc-14d">
         <name>SpiaRegsFile</name>
         <uninitialized>true</uninitialized>
         <run_address>0x6100</run_address>
         <size>0x10</size>
         <input_file_ref idref="fl-23"/>
      </object_component>
      <object_component id="oc-14f">
         <name>SpibRegsFile</name>
         <uninitialized>true</uninitialized>
         <run_address>0x6110</run_address>
         <size>0x10</size>
         <input_file_ref idref="fl-23"/>
      </object_component>
      <object_component id="oc-150">
         <name>SpicRegsFile</name>
         <uninitialized>true</uninitialized>
         <run_address>0x6120</run_address>
         <size>0x10</size>
         <input_file_ref idref="fl-23"/>
      </object_component>
      <object_component id="oc-13c">
         <name>SyncSocRegsFile</name>
         <uninitialized>true</uninitialized>
         <run_address>0x7940</run_address>
         <size>0x6</size>
         <input_file_ref idref="fl-23"/>
      </object_component>
      <object_component id="oc-18d">
         <name>UppRegsFile</name>
         <uninitialized>true</uninitialized>
         <run_address>0x6200</run_address>
         <size>0x48</size>
         <input_file_ref idref="fl-23"/>
      </object_component>
      <object_component id="oc-178">
         <name>WdRegsFile</name>
         <uninitialized>true</uninitialized>
         <run_address>0x7000</run_address>
         <size>0x2b</size>
         <input_file_ref idref="fl-23"/>
      </object_component>
      <object_component id="oc-147">
         <name>XbarRegsFile</name>
         <uninitialized>true</uninitialized>
         <run_address>0x7920</run_address>
         <size>0xe</size>
         <input_file_ref idref="fl-23"/>
      </object_component>
      <object_component id="oc-146">
         <name>XintRegsFile</name>
         <uninitialized>true</uninitialized>
         <run_address>0x7070</run_address>
         <size>0xb</size>
         <input_file_ref idref="fl-23"/>
      </object_component>
      <object_component id="oc-89">
         <name>.debug_info</name>
         <load_address>0x0</load_address>
         <run_address>0x0</run_address>
         <size>0x9b8</size>
         <input_file_ref idref="fl-2"/>
      </object_component>
      <object_component id="oc-90">
         <name>.debug_info</name>
         <load_address>0x9b8</load_address>
         <run_address>0x9b8</run_address>
         <size>0xc9d</size>
         <input_file_ref idref="fl-3"/>
      </object_component>
      <object_component id="oc-9e">
         <name>.debug_info</name>
         <load_address>0x1655</load_address>
         <run_address>0x1655</run_address>
         <size>0x1f5</size>
         <input_file_ref idref="fl-4"/>
      </object_component>
      <object_component id="oc-a3">
         <name>.debug_info</name>
         <load_address>0x184a</load_address>
         <run_address>0x184a</run_address>
         <size>0x10f</size>
         <input_file_ref idref="fl-5"/>
      </object_component>
      <object_component id="oc-a8">
         <name>.debug_info</name>
         <load_address>0x1959</load_address>
         <run_address>0x1959</run_address>
         <size>0x119</size>
         <input_file_ref idref="fl-6"/>
      </object_component>
      <object_component id="oc-ad">
         <name>.debug_info</name>
         <load_address>0x1a72</load_address>
         <run_address>0x1a72</run_address>
         <size>0x121</size>
         <input_file_ref idref="fl-7"/>
      </object_component>
      <object_component id="oc-b2">
         <name>.debug_info</name>
         <load_address>0x1b93</load_address>
         <run_address>0x1b93</run_address>
         <size>0x11d</size>
         <input_file_ref idref="fl-8"/>
      </object_component>
      <object_component id="oc-b5">
         <name>.debug_info</name>
         <load_address>0x1cb0</load_address>
         <run_address>0x1cb0</run_address>
         <size>0x5ec</size>
         <input_file_ref idref="fl-9"/>
      </object_component>
      <object_component id="oc-ba">
         <name>.debug_info</name>
         <load_address>0x229c</load_address>
         <run_address>0x229c</run_address>
         <size>0x4916</size>
         <input_file_ref idref="fl-a"/>
      </object_component>
      <object_component id="oc-c2">
         <name>.debug_info</name>
         <load_address>0x6bb2</load_address>
         <run_address>0x6bb2</run_address>
         <size>0x176</size>
         <input_file_ref idref="fl-b"/>
      </object_component>
      <object_component id="oc-c5">
         <name>.debug_info</name>
         <load_address>0x6d28</load_address>
         <run_address>0x6d28</run_address>
         <size>0x833</size>
         <input_file_ref idref="fl-c"/>
      </object_component>
      <object_component id="oc-cd">
         <name>.debug_info</name>
         <load_address>0x755b</load_address>
         <run_address>0x755b</run_address>
         <size>0x11f</size>
         <input_file_ref idref="fl-d"/>
      </object_component>
      <object_component id="oc-d0">
         <name>.debug_info</name>
         <load_address>0x767a</load_address>
         <run_address>0x767a</run_address>
         <size>0x55f8</size>
         <input_file_ref idref="fl-e"/>
      </object_component>
      <object_component id="oc-d6">
         <name>.debug_info</name>
         <load_address>0xcc72</load_address>
         <run_address>0xcc72</run_address>
         <size>0x472c</size>
         <input_file_ref idref="fl-f"/>
      </object_component>
      <object_component id="oc-db">
         <name>.debug_info</name>
         <load_address>0x1139e</load_address>
         <run_address>0x1139e</run_address>
         <size>0x13e54</size>
         <input_file_ref idref="fl-10"/>
      </object_component>
      <object_component id="oc-e0">
         <name>.debug_info</name>
         <load_address>0x251f2</load_address>
         <run_address>0x251f2</run_address>
         <size>0xf3e2</size>
         <input_file_ref idref="fl-11"/>
      </object_component>
      <object_component id="oc-e5">
         <name>.debug_info</name>
         <load_address>0x345d4</load_address>
         <run_address>0x345d4</run_address>
         <size>0xf3e2</size>
         <input_file_ref idref="fl-12"/>
      </object_component>
      <object_component id="oc-ea">
         <name>.debug_info</name>
         <load_address>0x439b6</load_address>
         <run_address>0x439b6</run_address>
         <size>0x5546</size>
         <input_file_ref idref="fl-13"/>
      </object_component>
      <object_component id="oc-ef">
         <name>.debug_info</name>
         <load_address>0x48efc</load_address>
         <run_address>0x48efc</run_address>
         <size>0x1a2bb</size>
         <input_file_ref idref="fl-14"/>
      </object_component>
      <object_component id="oc-f4">
         <name>.debug_info</name>
         <load_address>0x631b7</load_address>
         <run_address>0x631b7</run_address>
         <size>0xf3e1</size>
         <input_file_ref idref="fl-15"/>
      </object_component>
      <object_component id="oc-f9">
         <name>.debug_info</name>
         <load_address>0x72598</load_address>
         <run_address>0x72598</run_address>
         <size>0x1037b</size>
         <input_file_ref idref="fl-16"/>
      </object_component>
      <object_component id="oc-fe">
         <name>.debug_info</name>
         <load_address>0x82913</load_address>
         <run_address>0x82913</run_address>
         <size>0x35d5</size>
         <input_file_ref idref="fl-17"/>
      </object_component>
      <object_component id="oc-103">
         <name>.debug_info</name>
         <load_address>0x85ee8</load_address>
         <run_address>0x85ee8</run_address>
         <size>0x675f</size>
         <input_file_ref idref="fl-18"/>
      </object_component>
      <object_component id="oc-108">
         <name>.debug_info</name>
         <load_address>0x8c647</load_address>
         <run_address>0x8c647</run_address>
         <size>0x199</size>
         <input_file_ref idref="fl-19"/>
      </object_component>
      <object_component id="oc-10a">
         <name>.debug_info</name>
         <load_address>0x8c7e0</load_address>
         <run_address>0x8c7e0</run_address>
         <size>0xfcc9</size>
         <input_file_ref idref="fl-1a"/>
      </object_component>
      <object_component id="oc-10f">
         <name>.debug_info</name>
         <load_address>0x9c4a9</load_address>
         <run_address>0x9c4a9</run_address>
         <size>0xd081</size>
         <input_file_ref idref="fl-1b"/>
      </object_component>
      <object_component id="oc-114">
         <name>.debug_info</name>
         <load_address>0xa952a</load_address>
         <run_address>0xa952a</run_address>
         <size>0x4eef</size>
         <input_file_ref idref="fl-1c"/>
      </object_component>
      <object_component id="oc-11a">
         <name>.debug_info</name>
         <load_address>0xae419</load_address>
         <run_address>0xae419</run_address>
         <size>0x10984</size>
         <input_file_ref idref="fl-1d"/>
      </object_component>
      <object_component id="oc-11f">
         <name>.debug_info</name>
         <load_address>0xbed9d</load_address>
         <run_address>0xbed9d</run_address>
         <size>0x29fa</size>
         <input_file_ref idref="fl-1e"/>
      </object_component>
      <object_component id="oc-124">
         <name>.debug_info</name>
         <load_address>0xc1797</load_address>
         <run_address>0xc1797</run_address>
         <size>0x341f</size>
         <input_file_ref idref="fl-1f"/>
      </object_component>
      <object_component id="oc-12b">
         <name>.debug_info</name>
         <load_address>0xc4bb6</load_address>
         <run_address>0xc4bb6</run_address>
         <size>0x1faf</size>
         <input_file_ref idref="fl-20"/>
      </object_component>
      <object_component id="oc-130">
         <name>.debug_info</name>
         <load_address>0xc6b65</load_address>
         <run_address>0xc6b65</run_address>
         <size>0x10303</size>
         <input_file_ref idref="fl-21"/>
      </object_component>
      <object_component id="oc-134">
         <name>.debug_info</name>
         <load_address>0xd6e68</load_address>
         <run_address>0xd6e68</run_address>
         <size>0x122</size>
         <input_file_ref idref="fl-22"/>
      </object_component>
      <object_component id="oc-137">
         <name>.debug_info</name>
         <load_address>0xd6f8a</load_address>
         <run_address>0xd6f8a</run_address>
         <size>0x572fb</size>
         <input_file_ref idref="fl-23"/>
      </object_component>
      <object_component id="oc-1ae">
         <name>.debug_info</name>
         <load_address>0x12e285</load_address>
         <run_address>0x12e285</run_address>
         <size>0x3a8</size>
         <input_file_ref idref="fl-24"/>
      </object_component>
      <object_component id="oc-1b3">
         <name>.debug_info</name>
         <load_address>0x12e62d</load_address>
         <run_address>0x12e62d</run_address>
         <size>0x450</size>
         <input_file_ref idref="fl-25"/>
      </object_component>
      <object_component id="oc-1b8">
         <name>.debug_info</name>
         <load_address>0x12ea7d</load_address>
         <run_address>0x12ea7d</run_address>
         <size>0x6c6e</size>
         <input_file_ref idref="fl-26"/>
      </object_component>
      <object_component id="oc-1be">
         <name>.debug_info</name>
         <load_address>0x1356eb</load_address>
         <run_address>0x1356eb</run_address>
         <size>0xa516</size>
         <input_file_ref idref="fl-27"/>
      </object_component>
      <object_component id="oc-1c4">
         <name>.debug_info</name>
         <load_address>0x13fc01</load_address>
         <run_address>0x13fc01</run_address>
         <size>0x1679</size>
         <input_file_ref idref="fl-28"/>
      </object_component>
      <object_component id="oc-1c9">
         <name>.debug_info</name>
         <load_address>0x14127a</load_address>
         <run_address>0x14127a</run_address>
         <size>0x581b</size>
         <input_file_ref idref="fl-29"/>
      </object_component>
      <object_component id="oc-1ce">
         <name>.debug_info</name>
         <load_address>0x146a95</load_address>
         <run_address>0x146a95</run_address>
         <size>0x19e</size>
         <input_file_ref idref="fl-2a"/>
      </object_component>
      <object_component id="oc-1d0">
         <name>.debug_info</name>
         <load_address>0x146c33</load_address>
         <run_address>0x146c33</run_address>
         <size>0x44a</size>
         <input_file_ref idref="fl-2b"/>
      </object_component>
      <object_component id="oc-1d5">
         <name>.debug_info</name>
         <load_address>0x14707d</load_address>
         <run_address>0x14707d</run_address>
         <size>0x16fc</size>
         <input_file_ref idref="fl-2c"/>
      </object_component>
      <object_component id="oc-1da">
         <name>.debug_info</name>
         <load_address>0x148779</load_address>
         <run_address>0x148779</run_address>
         <size>0x506</size>
         <input_file_ref idref="fl-3d"/>
      </object_component>
      <object_component id="oc-1e0">
         <name>.debug_info</name>
         <load_address>0x148c7f</load_address>
         <run_address>0x148c7f</run_address>
         <size>0x3ca</size>
         <input_file_ref idref="fl-3e"/>
      </object_component>
      <object_component id="oc-1e5">
         <name>.debug_info</name>
         <load_address>0x149049</load_address>
         <run_address>0x149049</run_address>
         <size>0x4de</size>
         <input_file_ref idref="fl-3f"/>
      </object_component>
[...]
         <object_component_ref idref="oc-18e"/>
      </symbol>
      <symbol id="sm-69d">
         <name>_DacaRegs</name>
         <value>0x5c00</value>
         <object_component_ref idref="oc-13d"/>
      </symbol>
      <symbol id="sm-69e">
         <name>_McbspbRegs</name>
         <value>0x6040</value>
         <object_component_ref idref="oc-174"/>
      </symbol>
      <symbol id="sm-69f">
         <name>_EPwm6Regs</name>
         <value>0x4500</value>
         <object_component_ref idref="oc-19c"/>
      </symbol>
      <symbol id="sm-6a0">
         <name>_AdcaRegs</name>
         <value>0x7400</value>
         <object_component_ref idref="oc-18f"/>
      </symbol>
      <symbol id="sm-6a1">
         <name>_SciaRegs</name>
         <value>0x7200</value>
         <object_component_ref idref="oc-148"/>
      </symbol>
      <symbol id="sm-6a2">
         <name>_EPwm11Regs</name>
         <value>0x4a00</value>
         <object_component_ref idref="oc-1a1"/>
      </symbol>
      <symbol id="sm-6a3">
         <name>_GpioDataRegs</name>
         <value>0x7f00</value>
         <object_component_ref idref="oc-17a"/>
      </symbol>
      <symbol id="sm-6a4">
         <name>_Sdfm1Regs</name>
         <value>0x5e00</value>
         <object_component_ref idref="oc-18a"/>
      </symbol>
      <symbol id="sm-6a5">
         <name>_Cmpss2Regs</name>
         <value>0x5ca0</value>
         <object_component_ref idref="oc-15f"/>
      </symbol>
      <symbol id="sm-6a6">
         <name>_Emif2Regs</name>
         <value>0x47800</value>
         <object_component_ref idref="oc-176"/>
      </symbol>
      <symbol id="sm-6a7">
         <name>_DcsmZ1Regs</name>
         <value>0x5f000</value>
         <object_component_ref idref="oc-168"/>
      </symbol>
      <symbol id="sm-6a8">
         <name>_Flash0CtrlRegs</name>
         <value>0x5f800</value>
         <object_component_ref idref="oc-1ab"/>
      </symbol>
      <symbol id="sm-6a9">
         <name>_EPwm7Regs</name>
         <value>0x4600</value>
         <object_component_ref idref="oc-19d"/>
      </symbol>
      <symbol id="sm-6aa">
         <name>_SpicRegs</name>
         <value>0x6120</value>
         <object_component_ref idref="oc-150"/>
      </symbol>
      <symbol id="sm-6ab">
         <name>_Clb4DataExchRegs</name>
         <value>0x3e00</value>
         <object_component_ref idref="oc-1a6"/>
      </symbol>
      <symbol id="sm-6ac">
         <name>_EPwm10Regs</name>
         <value>0x4900</value>
         <object_component_ref idref="oc-1a0"/>
      </symbol>
      <symbol id="sm-6ad">
         <name>_CpuTimer2Regs</name>
         <value>0xc10</value>
         <object_component_ref idref="oc-143"/>
      </symbol>
      <symbol id="sm-6ae">
         <name>_Clb3LogicCfgRegs</name>
         <value>0x3800</value>
         <object_component_ref idref="oc-181"/>
      </symbol>
      <symbol id="sm-6af">
         <name>_DmaClaSrcSelRegs</name>
         <value>0x7980</value>
         <object_component_ref idref="oc-155"/>
      </symbol>
      <symbol id="sm-6b0">
         <name>_AnalogSubsysRegs</name>
         <value>0x5d180</value>
         <object_component_ref idref="oc-17d"/>
      </symbol>
      <symbol id="sm-6b1">
         <name>_Cmpss3Regs</name>
         <value>0x5cc0</value>
         <object_component_ref idref="oc-160"/>
      </symbol>
      <symbol id="sm-6b2">
         <name>_DaccRegs</name>
         <value>0x5c20</value>
         <object_component_ref idref="oc-13f"/>
      </symbol>
      <symbol id="sm-6b3">
         <name>_PieCtrlRegs</name>
         <value>0xce0</value>
         <object_component_ref idref="oc-15d"/>
      </symbol>
      <symbol id="sm-6b4">
         <name>_DevCfgRegs</name>
         <value>0x5d000</value>
         <object_component_ref idref="oc-1a7"/>
      </symbol>
      <symbol id="sm-6b5">
         <name>_SpibRegs</name>
         <value>0x6110</value>
         <object_component_ref idref="oc-14f"/>
      </symbol>
      <symbol id="sm-6b6">
         <name>_Clb1LogicCtrlRegs</name>
         <value>0x3100</value>
         <object_component_ref idref="oc-183"/>
      </symbol>
      <symbol id="sm-6b7">
         <name>_AdccRegs</name>
         <value>0x7500</value>
         <object_component_ref idref="oc-192"/>
      </symbol>
      <symbol id="sm-6b8">
         <name>_ScicRegs</name>
         <value>0x7220</value>
         <object_component_ref idref="oc-14b"/>
      </symbol>
      <symbol id="sm-6b9">
         <name>_ECap1Regs</name>
         <value>0x5000</value>
         <object_component_ref idref="oc-156"/>
      </symbol>
      <symbol id="sm-6ba">
         <name>_OutputXbarRegs</name>
         <value>0x7a80</value>
         <object_component_ref idref="oc-189"/>
      </symbol>
      <symbol id="sm-6bb">
         <name>_MemoryErrorRegs</name>
         <value>0x5f500</value>
         <object_component_ref idref="oc-17c"/>
      </symbol>
      <symbol id="sm-6bc">
         <name>_Cla1Regs</name>
         <value>0x1400</value>
         <object_component_ref idref="oc-17e"/>
      </symbol>
      <symbol id="sm-6bd">
         <name>_EQep1Regs</name>
         <value>0x5100</value>
         <object_component_ref idref="oc-16a"/>
      </symbol>
      <symbol id="sm-6be">
         <name>_DacbRegs</name>
         <value>0x5c10</value>
         <object_component_ref idref="oc-13e"/>
      </symbol>
      <symbol id="sm-6bf">
         <name>_Clb2DataExchRegs</name>
         <value>0x3600</value>
         <object_component_ref idref="oc-1a4"/>
      </symbol>
      <symbol id="sm-6c0">
         <name>_Clb4LogicCfgRegs</name>
         <value>0x3c00</value>
         <object_component_ref idref="oc-182"/>
      </symbol>
      <symbol id="sm-6c1">
         <name>_McbspaRegs</name>
         <value>0x6000</value>
         <object_component_ref idref="oc-172"/>
      </symbol>
      <symbol id="sm-6c2">
         <name>_EPwm1Regs</name>
         <value>0x4000</value>
         <object_component_ref idref="oc-196"/>
      </symbol>
      <symbol id="sm-6c3">
         <name>_Clb3LogicCtrlRegs</name>
         <value>0x3900</value>
         <object_component_ref idref="oc-185"/>
      </symbol>
      <symbol id="sm-6c4">
         <name>_AdcbRegs</name>
         <value>0x7480</value>
         <object_component_ref idref="oc-191"/>
      </symbol>
      <symbol id="sm-6c5">
         <name>_ScibRegs</name>
         <value>0x7210</value>
         <object_component_ref idref="oc-14a"/>
      </symbol>
      <symbol id="sm-6c6">
         <name>_AdcaResultRegs</name>
         <value>0xb00</value>
         <object_component_ref idref="oc-151"/>
      </symbol>
      <symbol id="sm-6c7">
         <name>_ECap2Regs</name>
         <value>0x5020</value>
         <object_component_ref idref="oc-158"/>
      </symbol>
      <symbol id="sm-6c8">
         <name>_EPwm12Regs</name>
         <value>0x4b00</value>
         <object_component_ref idref="oc-1a2"/>
      </symbol>
      <symbol id="sm-6c9">
         <name>_AdcbResultRegs</name>
         <value>0xb20</value>
         <object_component_ref idref="oc-152"/>
      </symbol>
      <symbol id="sm-6ca">
         <name>_Clb1LogicCfgRegs</name>
         <value>0x3000</value>
         <object_component_ref idref="oc-17f"/>
      </symbol>
      <symbol id="sm-6cb">
         <name>_AdccResultRegs</name>
         <value>0xb40</value>
         <object_component_ref idref="oc-153"/>
      </symbol>
      <symbol id="sm-6cc">
         <name>_Emif1ConfigRegs</name>
         <value>0x5f480</value>
         <object_component_ref idref="oc-144"/>
      </symbol>
      <symbol id="sm-6cd">
         <name>_Sdfm2Regs</name>
         <value>0x5e80</value>
         <object_component_ref idref="oc-18c"/>
      </symbol>
      <symbol id="sm-6ce">
         <name>_AdcdResultRegs</name>
         <value>0xb60</value>
         <object_component_ref idref="oc-154"/>
      </symbol>
      <symbol id="sm-6cf">
         <name>_EQep2Regs</name>
         <value>0x5140</value>
         <object_component_ref idref="oc-16c"/>
      </symbol>
      <symbol id="sm-6d0">
         <name>_Cmpss1Regs</name>
         <value>0x5c80</value>
         <object_component_ref idref="oc-15e"/>
      </symbol>
      <symbol id="sm-6d1">
         <name>_EPwm8Regs</name>
         <value>0x4700</value>
         <object_component_ref idref="oc-19e"/>
      </symbol>
      <symbol id="sm-6d2">
         <name>_Emif2ConfigRegs</name>
         <value>0x5f4a0</value>
         <object_component_ref idref="oc-145"/>
      </symbol>
      <symbol id="sm-6d3">
         <name>_DcsmCommonRegs</name>
         <value>0x5f070</value>
         <object_component_ref idref="oc-13b"/>
      </symbol>
      <symbol id="sm-6d4">
         <name>_EPwm2Regs</name>
         <value>0x4100</value>
         <object_component_ref idref="oc-198"/>
      </symbol>
      <symbol id="sm-6d5">
         <name>_ECap3Regs</name>
         <value>0x5040</value>
         <object_component_ref idref="oc-159"/>
      </symbol>
      <symbol id="sm-6d6">
         <name>_Cmpss8Regs</name>
         <value>0x5d60</value>
         <object_component_ref idref="oc-165"/>
      </symbol>
      <symbol id="sm-6d7">
         <name>_EQep3Regs</name>
         <value>0x5180</value>
         <object_component_ref idref="oc-16d"/>
      </symbol>
      <symbol id="sm-6d8">
         <name>_SyncSocRegs</name>
         <value>0x7940</value>
         <object_component_ref idref="oc-13c"/>
      </symbol>
      <symbol id="sm-6d9">
         <name>_EPwm9Regs</name>
         <value>0x4800</value>
         <object_component_ref idref="oc-19f"/>
      </symbol>
      <symbol id="sm-6da">
         <name>_NmiIntruptRegs</name>
         <value>0x7060</value>
         <object_component_ref idref="oc-140"/>
      </symbol>
      <symbol id="sm-6db">
         <name>_EPwm3Regs</name>
         <value>0x4200</value>
         <object_component_ref idref="oc-199"/>
      </symbol>
      <symbol id="sm-6dc">
         <name>_I2caRegs</name>
         <value>0x7300</value>
         <object_component_ref idref="oc-16e"/>
      </symbol>
      <symbol id="sm-70e">
         <name>_scibRxFifoIsr</name>
         <value>0x8768</value>
         <object_component_ref idref="oc-1b9"/>
      </symbol>
      <symbol id="sm-710">
         <name>_adjust_receivedata</name>
         <value>0xb69b</value>
         <object_component_ref idref="oc-26b"/>
      </symbol>
      <symbol id="sm-712">
         <name>_char_short</name>
         <value>0xb73f</value>
         <object_component_ref idref="oc-26b"/>
      </symbol>
      <symbol id="sm-714">
         <name>_BlueTooth_send</name>
         <value>0xb675</value>
         <object_component_ref idref="oc-26b"/>
      </symbol>
      <symbol id="sm-716">
         <name>_char_int</name>
         <value>0xb729</value>
         <object_component_ref idref="oc-26b"/>
      </symbol>
      <symbol id="sm-718">
         <name>_HC_06_Init</name>
         <value>0xb6cc</value>
         <object_component_ref idref="oc-26b"/>
      </symbol>
      <symbol id="sm-71a">
         <name>_char_float</name>
         <value>0xb713</value>
         <object_component_ref idref="oc-26b"/>
      </symbol>
      <symbol id="sm-734">
         <name>_ConfigureADC</name>
         <value>0xbe47</value>
         <object_component_ref idref="oc-276"/>
      </symbol>
      <symbol id="sm-736">
         <name>_Wait_ADC_ENDING</name>
         <value>0xbefe</value>
         <object_component_ref idref="oc-276"/>
      </symbol>
      <symbol id="sm-738">
         <name>_adcaIsr</name>
         <value>0x86c8</value>
         <object_component_ref idref="oc-1bf"/>
      </symbol>
      <symbol id="sm-73a">
         <name>_SetupADCAEpwm1</name>
         <value>0xbeab</value>
         <object_component_ref idref="oc-276"/>
      </symbol>
      <symbol id="sm-73c">
         <name>_SetupADCBEpwm1</name>
         <value>0xbede</value>
         <object_component_ref idref="oc-276"/>
      </symbol>
      <symbol id="sm-749">
         <name>_InitSystemClocks</name>
         <value>0x9176</value>
         <object_component_ref idref="oc-273"/>
      </symbol>
      <symbol id="sm-756">
         <name>_StartEPWM1</name>
         <value>0xbfde</value>
         <object_component_ref idref="oc-26c"/>
      </symbol>
      <symbol id="sm-758">
         <name>_ConfigureEPWM1</name>
         <value>0xbfc1</value>
         <object_component_ref idref="oc-26c"/>
      </symbol>
      <symbol id="sm-75a">
         <name>_StopEPWM1</name>
         <value>0xbff0</value>
         <object_component_ref idref="oc-26c"/>
      </symbol>
      <symbol id="sm-76a">
         <name>_InitEpie</name>
         <value>0xb7f2</value>
         <object_component_ref idref="oc-274"/>
      </symbol>
      <symbol id="sm-77d">
         <name>_scib_read</name>
         <value>0xbf5a</value>
         <object_component_ref idref="oc-272"/>
      </symbol>
      <symbol id="sm-77f">
         <name>_scic_read</name>
         <value>0xbfa4</value>
         <object_component_ref idref="oc-272"/>
      </symbol>
      <symbol id="sm-781">
         <name>_scic_send_string</name>
         <value>0xbfad</value>
         <object_component_ref idref="oc-272"/>
      </symbol>
      <symbol id="sm-783">
         <name>_scib_send</name>
         <value>0xbf3d</value>
         <object_component_ref idref="oc-272"/>
      </symbol>
      <symbol id="sm-785">
         <name>_scic_send</name>
         <value>0xbf9b</value>
         <object_component_ref idref="oc-272"/>
      </symbol>
      <symbol id="sm-787">
         <name>_scib_send_string</name>
         <value>0xbf46</value>
         <object_component_ref idref="oc-272"/>
      </symbol>
      <symbol id="sm-789">
         <name>_ConfigureSCIB</name>
         <value>0xbf05</value>
         <object_component_ref idref="oc-272"/>
      </symbol>
      <symbol id="sm-78b">
         <name>_ConfigureSCIC</name>
         <value>0xbf63</value>
         <object_component_ref idref="oc-272"/>
      </symbol>
      <symbol id="sm-7bb">
         <name>_atan2f</name>
         <value>0xbcab</value>
         <object_component_ref idref="oc-260"/>
      </symbol>
      <symbol id="sm-7bd">
         <name>_atan2</name>
         <value>0xbcab</value>
         <object_component_ref idref="oc-260"/>
      </symbol>
      <symbol id="sm-7cd">
         <name>_sqrtf</name>
         <value>0x9052</value>
         <object_component_ref idref="oc-282"/>
      </symbol>
      <symbol id="sm-7cf">
         <name>_sqrt</name>
         <value>0x9052</value>
         <object_component_ref idref="oc-282"/>
      </symbol>
      <symbol id="sm-7f4">
         <name>_atan</name>
         <value>0xbd7d</value>
         <object_component_ref idref="oc-271"/>
      </symbol>
      <symbol id="sm-7f5">
         <name>_atanf</name>
         <value>0xbd7d</value>
         <object_component_ref idref="oc-271"/>
      </symbol>
      <symbol id="sm-804">
         <name>_cos</name>
         <value>0x860f</value>
         <object_component_ref idref="oc-285"/>
      </symbol>
      <symbol id="sm-805">
         <name>_cosf</name>
         <value>0x860f</value>
         <object_component_ref idref="oc-285"/>
      </symbol>
      <symbol id="sm-813">
         <name>_sin</name>
         <value>0x85a9</value>
         <object_component_ref idref="oc-286"/>
      </symbol>
      <symbol id="sm-814">
         <name>_sinf</name>
         <value>0x85a9</value>
         <object_component_ref idref="oc-286"/>
      </symbol>
      <symbol id="sm-83e">
         <name>_c_int00</name>
         <value>0x8672</value>
         <object_component_ref idref="oc-88"/>
      </symbol>
      <symbol id="sm-83f">
         <name>__stack</name>
         <value>0xa5ee</value>
         <object_component_ref idref="oc-1fc"/>
      </symbol>
      <symbol id="sm-851">
         <name>FD$$MPY</name>
         <value>0x77c</value>
         <object_component_ref idref="oc-202"/>
      </symbol>
      <symbol id="sm-862">
         <name>FS$$DIV</name>
         <value>0x842d</value>
         <object_component_ref idref="oc-207"/>
      </symbol>
      <symbol id="sm-870">
         <name>I$$MOD</name>
         <value>0x911a</value>
         <object_component_ref idref="oc-20c"/>
      </symbol>
      <symbol id="sm-871">
         <name>I$$DIV</name>
         <value>0x9109</value>
         <object_component_ref idref="oc-20c"/>
      </symbol>
      <symbol id="sm-87d">
         <name>U$$MOD</name>
         <value>0x915f</value>
         <object_component_ref idref="oc-211"/>
      </symbol>
      <symbol id="sm-87e">
         <name>U$$DIV</name>
         <value>0x915a</value>
         <object_component_ref idref="oc-211"/>
      </symbol>
      <symbol id="sm-88e">
         <name>FS$$TOFD</name>
         <value>0x87e4</value>
         <object_component_ref idref="oc-216"/>
      </symbol>
      <symbol id="sm-89e">
         <name>FD$$TOFS</name>
         <value>0x90e6</value>
         <object_component_ref idref="oc-21b"/>
      </symbol>
      <symbol id="sm-8ad">
         <name>_copy_in</name>
         <value>0x909f</value>
         <object_component_ref idref="oc-25c"/>
      </symbol>
      <symbol id="sm-8bf">
         <name>_memcpy</name>
         <value>0x912b</value>
         <object_component_ref idref="oc-26d"/>
      </symbol>
      <symbol id="sm-8cc">
         <name>__system_pre_init</name>
         <value>0xbffc</value>
         <object_component_ref idref="oc-25b"/>
      </symbol>
      <symbol id="sm-8da">
         <name>__system_post_cinit</name>
         <value>0x7ff</value>
         <object_component_ref idref="oc-25d"/>
      </symbol>
      <symbol id="sm-8ef">
         <name>C$$EXIT</name>
         <value>0x9000</value>
         <object_component_ref idref="oc-25f"/>
      </symbol>
      <symbol id="sm-8f0">
         <name>_exit</name>
         <value>0x9002</value>
         <object_component_ref idref="oc-25f"/>
      </symbol>
      <symbol id="sm-8f2">
         <name>___TI_cleanup_ptr</name>
         <value>0xa8ae</value>
         <object_component_ref idref="oc-236"/>
      </symbol>
      <symbol id="sm-8f3">
         <name>___TI_enable_exit_profile_output</name>
         <value>0xa8ac</value>
         <object_component_ref idref="oc-236"/>
      </symbol>
      <symbol id="sm-8f4">
         <name>_abort</name>
         <value>0x9000</value>
         <object_component_ref idref="oc-25f"/>
      </symbol>
      <symbol id="sm-8f6">
         <name>___TI_dtors_ptr</name>
         <value>0xa8b0</value>
         <object_component_ref idref="oc-236"/>
      </symbol>
      <symbol id="sm-90a">
         <name>__unlock</name>
         <value>0xa8c0</value>
         <object_component_ref idref="oc-283"/>
      </symbol>
      <symbol id="sm-90b">
         <name>__lock</name>
         <value>0xa8be</value>
         <object_component_ref idref="oc-26f"/>
      </symbol>
      <symbol id="sm-90c">
         <name>__register_lock</name>
         <value>0x9169</value>
         <object_component_ref idref="oc-278"/>
      </symbol>
      <symbol id="sm-90e">
         <name>__nop</name>
         <value>0x916d</value>
         <object_component_ref idref="oc-278"/>
      </symbol>
      <symbol id="sm-910">
         <name>__register_unlock</name>
         <value>0x9165</value>
         <object_component_ref idref="oc-278"/>
      </symbol>
      <symbol id="sm-920">
         <name>__args_main</name>
         <value>0x9148</value>
         <object_component_ref idref="oc-25e"/>
      </symbol>
      <symbol id="sm-933">
         <name>__sys_memory</name>
         <value>0xa000</value>
         <object_component_ref idref="oc-248"/>
      </symbol>
      <symbol id="sm-946">
         <name>_errno</name>
         <value>0xa8c4</value>
         <object_component_ref idref="oc-254"/>
      </symbol>
   </symbol_table>
   <title>Link successful</title>
</link_info>
