******************************************************************************
             TMS320C2000 Linker PC v22.6.2                     
******************************************************************************
>> Linked Fri Jul  4 22:56:03 2025

OUTPUT FILE NAME:   <test.out>
ENTRY POINT SYMBOL: "_c_int00"  address: 00008672


MEMORY CONFIGURATION

         name            origin    length      used     unused   attr    fill
----------------------  --------  ---------  --------  --------  ----  --------
PAGE 0:
  BEGIN                 00000000   00000002  00000002  00000000  RWIX
  RAMM0                 00000122   000002de  00000004  000002da  RWIX
  RAMM1                 00000400   00000400  00000400  00000000  RWIX
  RAMLS0                00008000   00000800  00000800  00000000  RWIX
  RAMLS1                00008800   00000800  000000cd  00000733  RWIX
  RAMLS2                00009000   00000800  0000017d  00000683  RWIX
  RAMD0                 0000b000   00000800  00000800  00000000  RWIX
  RAMD1                 0000b800   00000800  000007fe  00000002  RWIX
  RAMGS0                0000c000   00001000  00000000  00001000  RWIX
  RAMGS1                0000d000   00001000  00000000  00001000  RWIX
  RAMGS2                0000e000   00001000  00000000  00001000  RWIX
  RAMGS3                0000f000   00001000  00000000  00001000  RWIX
  FLASHA                00080002   00001ffe  00000000  00001ffe  RWIX
  FLASHC                00084000   00002000  00000000  00002000  RWIX
  FLASHD                00086000   00002000  00000000  00002000  RWIX
  FLASHE                00088000   00008000  00000000  00008000  RWIX
  FLASHF                00090000   00008000  00000000  00008000  RWIX
  FLASHG                00098000   00008000  00000000  00008000  RWIX
  FLASHH                000a0000   00008000  00000000  00008000  RWIX
  FLASHI                000a8000   00008000  00000000  00008000  RWIX
  FLASHJ                000b0000   00008000  00000000  00008000  RWIX
  FLASHK                000b8000   00002000  00000000  00002000  RWIX
  FLASHL                000ba000   00002000  00000000  00002000  RWIX
  FLASHM                000bc000   00002000  00000000  00002000  RWIX
  FLASHN                000be000   00002000  00000000  00002000  RWIX
  RESET                 003fffc0   00000002  00000000  00000002  RWIX

PAGE 1:
  BOOT_RSVD             00000002   00000120  00000000  00000120  RWIX
  ADCARESULT            00000b00   00000018  00000018  00000000  RWIX
  ADCBRESULT            00000b20   00000018  00000018  00000000  RWIX
  ADCCRESULT            00000b40   00000018  00000018  00000000  RWIX
  ADCDRESULT            00000b60   00000018  00000018  00000000  RWIX
  CPUTIMER0             00000c00   00000008  00000008  00000000  RWIX
  CPUTIMER1             00000c08   00000008  00000008  00000000  RWIX
  CPUTIMER2             00000c10   00000008  00000008  00000000  RWIX
  PIECTRL               00000ce0   0000001a  0000001a  00000000  RWIX
  PIEVECTTABLE          00000d00   00000200  000001c0  00000040  RWIX
  DMA                   00001000   00000200  000000e0  00000120  RWIX
  CLA1                  00001400   00000080  0000003e  00000042  RWIX
  CLB1LOGICCFG          00003000   00000052  0000003e  00000014  RWIX
  CLB1LOGICCTRL         00003100   00000040  00000040  00000000  RWIX
  CLB1DATAEXCH          00003200   00000200  00000108  000000f8  RWIX
  CLB2LOGICCFG          00003400   00000052  0000003e  00000014  RWIX
  CLB2LOGICCTRL         00003500   00000040  00000040  00000000  RWIX
  CLB2DATAEXCH          00003600   00000200  00000108  000000f8  RWIX
  CLB3LOGICCFG          00003800   00000052  0000003e  00000014  RWIX
  CLB3LOGICCTRL         00003900   00000040  00000040  00000000  RWIX
  CLB3DATAEXCH          00003a00   00000200  00000108  000000f8  RWIX
  CLB4LOGICCFG          00003c00   00000052  0000003e  00000014  RWIX
  CLB4LOGICCTRL         00003d00   00000040  00000040  00000000  RWIX
  CLB4DATAEXCH          00003e00   00000200  00000108  000000f8  RWIX
  EPWM1                 00004000   00000100  00000100  00000000  RWIX
  EPWM2                 00004100   00000100  00000100  00000000  RWIX
  EPWM3                 00004200   00000100  00000100  00000000  RWIX
  EPWM4                 00004300   00000100  00000100  00000000  RWIX
  EPWM5                 00004400   00000100  00000100  00000000  RWIX
  EPWM6                 00004500   00000100  00000100  00000000  RWIX
  EPWM7                 00004600   00000100  00000100  00000000  RWIX
  EPWM8                 00004700   00000100  00000100  00000000  RWIX
  EPWM9                 00004800   00000100  00000100  00000000  RWIX
  EPWM10                00004900   00000100  00000100  00000000  RWIX
  EPWM11                00004a00   00000100  00000100  00000000  RWIX
  EPWM12                00004b00   00000100  00000100  00000000  RWIX
  ECAP1                 00005000   00000020  0000001a  00000006  RWIX
  ECAP2                 00005020   00000020  0000001a  00000006  RWIX
  ECAP3                 00005040   00000020  0000001a  00000006  RWIX
  ECAP4                 00005060   00000020  0000001a  00000006  RWIX
  ECAP5                 00005080   00000020  0000001a  00000006  RWIX
  ECAP6                 000050a0   00000020  0000001a  00000006  RWIX
  EQEP1                 00005100   00000022  00000022  00000000  RWIX
  EQEP2                 00005140   00000022  00000022  00000000  RWIX
  EQEP3                 00005180   00000022  00000022  00000000  RWIX
  DACA                  00005c00   00000008  00000007  00000001  RWIX
  DACB                  00005c10   00000008  00000007  00000001  RWIX
  DACC                  00005c20   00000008  00000007  00000001  RWIX
  CMPSS1                00005c80   00000020  0000001b  00000005  RWIX
  CMPSS2                00005ca0   00000020  0000001b  00000005  RWIX
  CMPSS3                00005cc0   00000020  0000001b  00000005  RWIX
  CMPSS4                00005ce0   00000020  0000001b  00000005  RWIX
  CMPSS5                00005d00   00000020  0000001b  00000005  RWIX
  CMPSS6                00005d20   00000020  0000001b  00000005  RWIX
  CMPSS7                00005d40   00000020  0000001b  00000005  RWIX
  CMPSS8                00005d60   00000020  0000001b  00000005  RWIX
  SDFM1                 00005e00   00000080  00000048  00000038  RWIX
  SDFM2                 00005e80   00000080  00000048  00000038  RWIX
  MCBSPA                00006000   00000024  00000024  00000000  RWIX
  MCBSPB                00006040   00000024  00000024  00000000  RWIX
  SPIA                  00006100   00000010  00000010  00000000  RWIX
  SPIB                  00006110   00000010  00000010  00000000  RWIX
  SPIC                  00006120   00000010  00000010  00000000  RWIX
  UPP                   00006200   00000048  00000048  00000000  RWIX
  WD                    00007000   0000002b  0000002b  00000000  RWIX
  NMIINTRUPT            00007060   00000007  00000007  00000000  RWIX
  XINT                  00007070   0000000b  0000000b  00000000  RWIX
  SCIA                  00007200   00000010  00000010  00000000  RWIX
  SCIB                  00007210   00000010  00000010  00000000  RWIX
  SCIC                  00007220   00000010  00000010  00000000  RWIX
  SCID                  00007230   00000010  00000010  00000000  RWIX
  I2CA                  00007300   00000022  00000022  00000000  RWIX
  I2CB                  00007340   00000022  00000022  00000000  RWIX
  ADCA                  00007400   00000080  0000007c  00000004  RWIX
  ADCB                  00007480   00000080  0000007c  00000004  RWIX
  ADCC                  00007500   00000080  0000007c  00000004  RWIX
  ADCD                  00007580   00000080  0000007c  00000004  RWIX
  INPUTXBAR             00007900   00000020  00000020  00000000  RWIX
  XBAR                  00007920   00000020  0000000e  00000012  RWIX
  SYNCSOC               00007940   00000006  00000006  00000000  RWIX
  DMACLASRCSEL          00007980   0000001a  0000001a  00000000  RWIX
  EPWMXBAR              00007a00   00000040  00000040  00000000  RWIX
  CLBXBAR               00007a40   00000040  00000040  00000000  RWIX
  OUTPUTXBAR            00007a80   00000040  00000040  00000000  RWIX
  GPIOCTRL              00007c00   00000180  00000180  00000000  RWIX
  GPIODATA              00007f00   00000030  00000030  00000000  RWIX
  RAMLS3                00009800   00000800  00000000  00000800  RWIX
  RAMLS4                0000a000   00000800  000007ee  00000012  RWIX
  RAMLS5                0000a800   00000800  000000c5  0000073b  RWIX
  RAMGS45               00010000   00002000  00000400  00001c00  RWIX
  RAMGS67               00012000   00002000  00000402  00001bfe  RWIX
  RAMGS89               00014000   00002000  00000400  00001c00  RWIX
  RAMGS1011             00016000   00002000  00000400  00001c00  RWIX
  RAMGS12               00018000   00001000  00000000  00001000  RWIX
  RAMGS13               00019000   00001000  00000000  00001000  RWIX
  RAMGS14               0001a000   00001000  00000000  00001000  RWIX
  RAMGS15               0001b000   00001000  00000000  00001000  RWIX
  EMIF1                 00047000   00000070  00000028  00000048  RWIX
  EMIF2                 00047800   00000070  00000028  00000048  RWIX
  CANA                  00048000   00000200  00000164  0000009c  RWIX
  CANB                  0004a000   00000200  00000164  0000009c  RWIX
  IPC                   00050000   00000024  00000024  00000000  RWIX
  FLASHPUMPSEMAPHORE    00050024   00000002  00000002  00000000  RWIX
  DEVCFG                0005d000   0000012e  0000012e  00000000  RWIX
  ANALOGSUBSYS          0005d180   00000048  0000003e  0000000a  RWIX
  CLKCFG                0005d200   00000032  00000032  00000000  RWIX
  CPUSYS                0005d300   00000082  00000082  00000000  RWIX
  ROMPREFETCH           0005e608   00000002  00000002  00000000  RWIX
  DCSMZ1                0005f000   00000024  00000022  00000002  RWIX
  DCSMZ2                0005f040   00000024  00000022  00000002  RWIX
  DCSMCOMMON            0005f070   00000008  00000006  00000002  RWIX
  MEMCFG                0005f400   00000080  00000076  0000000a  RWIX
  EMIF1CONFIG           0005f480   00000020  0000000a  00000016  RWIX
  EMIF2CONFIG           0005f4a0   00000020  0000000a  00000016  RWIX
  ACCESSPROTECTION      0005f4c0   00000040  0000002e  00000012  RWIX
  MEMORYERROR           0005f500   00000040  0000003a  00000006  RWIX
  ROMWAITSTATE          0005f540   00000002  00000002  00000000  RWIX
  FLASH0CTRL            0005f800   00000182  00000182  00000000  RWIX
  FLASH0ECC             0005fb00   00000028  00000028  00000000  RWIX
  FLASHB                00082000   00002000  00000000  00002000  RWIX


SECTION ALLOCATION MAP

 output                                  attributes/
section   page    origin      length       input sections
--------  ----  ----------  ----------   ----------------
codestart 
*          0    00000000    00000002     
                  00000000    00000002     F2837xD_CodeStartBranch.obj (codestart)

.TI.ramfunc 
*          0    00000122    00000004     
                  00000122    00000004     F2837xD_usDelay.obj (.TI.ramfunc)

.cinit     0    00008800    000000cd     
                  00008800    00000021     F2837xD_struct.obj (.cinit:_TRIP_SEL)
                  00008821    0000001d     F2837xD_struct.obj (.cinit:_EPWM)
                  0000883e    00000011     F2837xD_struct.obj (.cinit:_ECAP)
                  0000884f    0000000e     rts2800_fpu32.lib : exit.c.obj (.cinit)
                  0000885d    0000000d     F2837xD_struct.obj (.cinit:_ADC)
                  0000886a    0000000b     F2837xD_struct.obj (.cinit:_EQEP)
                  00008875    0000000b     F2837xD_struct.obj (.cinit:_SPI)
                  00008880    0000000a     F28379D_my_rfft.obj (.cinit)
                  0000888a    00000009     F2837xD_struct.obj (.cinit:_SDFM)
                  00008893    00000008     main.obj (.cinit)
                  0000889b    00000007     F2837xD_struct.obj (.cinit:_I2C)
                  000088a2    00000007     F2837xD_struct.obj (.cinit:_MCBSP)
                  000088a9    00000007     F2837xD_struct.obj (.cinit:_SCI)
                  000088b0    00000005     rts2800_fpu32.lib : _lock.c.obj (.cinit:__lock)
                  000088b5    00000005                       : _lock.c.obj (.cinit:__unlock)
                  000088ba    00000005                       : vla_alloc.c.obj (.cinit)
                  000088bf    00000004     F2837xD_sci_io.obj (.cinit)
                  000088c3    00000004     rts2800_fpu32.lib : errno.c.obj (.cinit)
                  000088c7    00000004                       : memory.c.obj (.cinit)
                  000088cb    00000002     --HOLE-- [fill = 0]

.pinit     0    00008800    00000000     UNINITIALIZED

AdcaResultRegsFile 
*          1    00000b00    00000018     UNINITIALIZED
                  00000b00    00000018     F2837xD_GlobalVariableDefs.obj (AdcaResultRegsFile)

AdcbResultRegsFile 
*          1    00000b20    00000018     UNINITIALIZED
                  00000b20    00000018     F2837xD_GlobalVariableDefs.obj (AdcbResultRegsFile)

AdccResultRegsFile 
*          1    00000b40    00000018     UNINITIALIZED
                  00000b40    00000018     F2837xD_GlobalVariableDefs.obj (AdccResultRegsFile)

AdcdResultRegsFile 
*          1    00000b60    00000018     UNINITIALIZED
                  00000b60    00000018     F2837xD_GlobalVariableDefs.obj (AdcdResultRegsFile)

CpuTimer0RegsFile 
*          1    00000c00    00000008     UNINITIALIZED
                  00000c00    00000008     F2837xD_GlobalVariableDefs.obj (CpuTimer0RegsFile)

CpuTimer1RegsFile 
*          1    00000c08    00000008     UNINITIALIZED
                  00000c08    00000008     F2837xD_GlobalVariableDefs.obj (CpuTimer1RegsFile)

CpuTimer2RegsFile 
*          1    00000c10    00000008     UNINITIALIZED
                  00000c10    00000008     F2837xD_GlobalVariableDefs.obj (CpuTimer2RegsFile)

PieCtrlRegsFile 
*          1    00000ce0    0000001a     UNINITIALIZED
                  00000ce0    0000001a     F2837xD_GlobalVariableDefs.obj (PieCtrlRegsFile)

PieVectTableFile 
*          1    00000d00    000001c0     UNINITIALIZED
                  00000d00    000001c0     F2837xD_GlobalVariableDefs.obj (PieVectTableFile)

EmuKeyVar 
*          1    00000d00    00000000     UNINITIALIZED

EmuBModeVar 
*          1    00000d00    00000000     UNINITIALIZED

EmuBootPinsVar 
*          1    00000d00    00000000     UNINITIALIZED

FlashCallbackVar 
*          1    00000d00    00000000     UNINITIALIZED

FlashScalingVar 
*          1    00000d00    00000000     UNINITIALIZED

DmaRegsFile 
*          1    00001000    000000e0     UNINITIALIZED
                  00001000    000000e0     F2837xD_GlobalVariableDefs.obj (DmaRegsFile)

Cla1RegsFile 
*          1    00001400    0000003e     UNINITIALIZED
                  00001400    0000003e     F2837xD_GlobalVariableDefs.obj (Cla1RegsFile)

Clb1LogicCfgRegsFile 
*          1    00003000    0000003e     UNINITIALIZED
                  00003000    0000003e     F2837xD_GlobalVariableDefs.obj (Clb1LogicCfgRegsFile)

Clb1LogicCtrlRegsFile 
*          1    00003100    00000040     UNINITIALIZED
                  00003100    00000040     F2837xD_GlobalVariableDefs.obj (Clb1LogicCtrlRegsFile)

Clb1DataExchRegsFile 
*          1    00003200    00000108     UNINITIALIZED
                  00003200    00000108     F2837xD_GlobalVariableDefs.obj (Clb1DataExchRegsFile)

Clb2LogicCfgRegsFile 
*          1    00003400    0000003e     UNINITIALIZED
                  00003400    0000003e     F2837xD_GlobalVariableDefs.obj (Clb2LogicCfgRegsFile)

Clb2LogicCtrlRegsFile 
*          1    00003500    00000040     UNINITIALIZED
                  00003500    00000040     F2837xD_GlobalVariableDefs.obj (Clb2LogicCtrlRegsFile)

Clb2DataExchRegsFile 
*          1    00003600    00000108     UNINITIALIZED
                  00003600    00000108     F2837xD_GlobalVariableDefs.obj (Clb2DataExchRegsFile)

Clb3LogicCfgRegsFile 
*          1    00003800    0000003e     UNINITIALIZED
                  00003800    0000003e     F2837xD_GlobalVariableDefs.obj (Clb3LogicCfgRegsFile)

Clb3LogicCtrlRegsFile 
*          1    00003900    00000040     UNINITIALIZED
                  00003900    00000040     F2837xD_GlobalVariableDefs.obj (Clb3LogicCtrlRegsFile)

Clb3DataExchRegsFile 
*          1    00003a00    00000108     UNINITIALIZED
                  00003a00    00000108     F2837xD_GlobalVariableDefs.obj (Clb3DataExchRegsFile)

Clb4LogicCfgRegsFile 
*          1    00003c00    0000003e     UNINITIALIZED
                  00003c00    0000003e     F2837xD_GlobalVariableDefs.obj (Clb4LogicCfgRegsFile)

Clb4LogicCtrlRegsFile 
*          1    00003d00    00000040     UNINITIALIZED
                  00003d00    00000040     F2837xD_GlobalVariableDefs.obj (Clb4LogicCtrlRegsFile)

Clb4DataExchRegsFile 
*          1    00003e00    00000108     UNINITIALIZED
                  00003e00    00000108     F2837xD_GlobalVariableDefs.obj (Clb4DataExchRegsFile)

EPwm1RegsFile 
*          1    00004000    00000100     UNINITIALIZED
                  00004000    00000100     F2837xD_GlobalVariableDefs.obj (EPwm1RegsFile)

EPwm2RegsFile 
*          1    00004100    00000100     UNINITIALIZED
                  00004100    00000100     F2837xD_GlobalVariableDefs.obj (EPwm2RegsFile)

EPwm3RegsFile 
*          1    00004200    00000100     UNINITIALIZED
                  00004200    00000100     F2837xD_GlobalVariableDefs.obj (EPwm3RegsFile)

EPwm4RegsFile 
*          1    00004300    00000100     UNINITIALIZED
                  00004300    00000100     F2837xD_GlobalVariableDefs.obj (EPwm4RegsFile)

EPwm5RegsFile 
*          1    00004400    00000100     UNINITIALIZED
                  00004400    00000100     F2837xD_GlobalVariableDefs.obj (EPwm5RegsFile)

EPwm6RegsFile 
*          1    00004500    00000100     UNINITIALIZED
                  00004500    00000100     F2837xD_GlobalVariableDefs.obj (EPwm6RegsFile)

EPwm7RegsFile 
*          1    00004600    00000100     UNINITIALIZED
                  00004600    00000100     F2837xD_GlobalVariableDefs.obj (EPwm7RegsFile)

EPwm8RegsFile 
*          1    00004700    00000100     UNINITIALIZED
                  00004700    00000100     F2837xD_GlobalVariableDefs.obj (EPwm8RegsFile)

EPwm9RegsFile 
*          1    00004800    00000100     UNINITIALIZED
                  00004800    00000100     F2837xD_GlobalVariableDefs.obj (EPwm9RegsFile)

EPwm10RegsFile 
*          1    00004900    00000100     UNINITIALIZED
                  00004900    00000100     F2837xD_GlobalVariableDefs.obj (EPwm10RegsFile)

EPwm11RegsFile 
*          1    00004a00    00000100     UNINITIALIZED
                  00004a00    00000100     F2837xD_GlobalVariableDefs.obj (EPwm11RegsFile)

EPwm12RegsFile 
*          1    00004b00    00000100     UNINITIALIZED
                  00004b00    00000100     F2837xD_GlobalVariableDefs.obj (EPwm12RegsFile)

ECap1RegsFile 
*          1    00005000    0000001a     UNINITIALIZED
                  00005000    0000001a     F2837xD_GlobalVariableDefs.obj (ECap1RegsFile)

ECap2RegsFile 
*          1    00005020    0000001a     UNINITIALIZED
                  00005020    0000001a     F2837xD_GlobalVariableDefs.obj (ECap2RegsFile)

ECap3RegsFile 
*          1    00005040    0000001a     UNINITIALIZED
                  00005040    0000001a     F2837xD_GlobalVariableDefs.obj (ECap3RegsFile)

ECap4RegsFile 
*          1    00005060    0000001a     UNINITIALIZED
                  00005060    0000001a     F2837xD_GlobalVariableDefs.obj (ECap4RegsFile)

ECap5RegsFile 
*          1    00005080    0000001a     UNINITIALIZED
                  00005080    0000001a     F2837xD_GlobalVariableDefs.obj (ECap5RegsFile)

ECap6RegsFile 
*          1    000050a0    0000001a     UNINITIALIZED
                  000050a0    0000001a     F2837xD_GlobalVariableDefs.obj (ECap6RegsFile)

EQep1RegsFile 
*          1    00005100    00000022     UNINITIALIZED
                  00005100    00000022     F2837xD_GlobalVariableDefs.obj (EQep1RegsFile)

EQep2RegsFile 
*          1    00005140    00000022     UNINITIALIZED
                  00005140    00000022     F2837xD_GlobalVariableDefs.obj (EQep2RegsFile)

EQep3RegsFile 
*          1    00005180    00000022     UNINITIALIZED
                  00005180    00000022     F2837xD_GlobalVariableDefs.obj (EQep3RegsFile)

DacaRegsFile 
*          1    00005c00    00000007     UNINITIALIZED
                  00005c00    00000007     F2837xD_GlobalVariableDefs.obj (DacaRegsFile)

DacbRegsFile 
*          1    00005c10    00000007     UNINITIALIZED
                  00005c10    00000007     F2837xD_GlobalVariableDefs.obj (DacbRegsFile)

DaccRegsFile 
*          1    00005c20    00000007     UNINITIALIZED
                  00005c20    00000007     F2837xD_GlobalVariableDefs.obj (DaccRegsFile)

Cmpss1RegsFile 
*          1    00005c80    0000001b     UNINITIALIZED
                  00005c80    0000001b     F2837xD_GlobalVariableDefs.obj (Cmpss1RegsFile)

Cmpss2RegsFile 
*          1    00005ca0    0000001b     UNINITIALIZED
                  00005ca0    0000001b     F2837xD_GlobalVariableDefs.obj (Cmpss2RegsFile)

Cmpss3RegsFile 
*          1    00005cc0    0000001b     UNINITIALIZED
                  00005cc0    0000001b     F2837xD_GlobalVariableDefs.obj (Cmpss3RegsFile)

Cmpss4RegsFile 
*          1    00005ce0    0000001b     UNINITIALIZED
                  00005ce0    0000001b     F2837xD_GlobalVariableDefs.obj (Cmpss4RegsFile)

Cmpss5RegsFile 
*          1    00005d00    0000001b     UNINITIALIZED
                  00005d00    0000001b     F2837xD_GlobalVariableDefs.obj (Cmpss5RegsFile)

Cmpss6RegsFile 
*          1    00005d20    0000001b     UNINITIALIZED
                  00005d20    0000001b     F2837xD_GlobalVariableDefs.obj (Cmpss6RegsFile)

Cmpss7RegsFile 
*          1    00005d40    0000001b     UNINITIALIZED
                  00005d40    0000001b     F2837xD_GlobalVariableDefs.obj (Cmpss7RegsFile)

Cmpss8RegsFile 
*          1    00005d60    0000001b     UNINITIALIZED
                  00005d60    0000001b     F2837xD_GlobalVariableDefs.obj (Cmpss8RegsFile)

Sdfm1RegsFile 
*          1    00005e00    00000048     UNINITIALIZED
                  00005e00    00000048     F2837xD_GlobalVariableDefs.obj (Sdfm1RegsFile)

Sdfm2RegsFile 
*          1    00005e80    00000048     UNINITIALIZED
                  00005e80    00000048     F2837xD_GlobalVariableDefs.obj (Sdfm2RegsFile)

McbspaRegsFile 
*          1    00006000    00000024     UNINITIALIZED
                  00006000    00000024     F2837xD_GlobalVariableDefs.obj (McbspaRegsFile)

McbspbRegsFile 
*          1    00006040    00000024     UNINITIALIZED
                  00006040    00000024     F2837xD_GlobalVariableDefs.obj (McbspbRegsFile)

SpiaRegsFile 
*          1    00006100    00000010     UNINITIALIZED
                  00006100    00000010     F2837xD_GlobalVariableDefs.obj (SpiaRegsFile)

SpibRegsFile 
*          1    00006110    00000010     UNINITIALIZED
                  00006110    00000010     F2837xD_GlobalVariableDefs.obj (SpibRegsFile)

SpicRegsFile 
*          1    00006120    00000010     UNINITIALIZED
                  00006120    00000010     F2837xD_GlobalVariableDefs.obj (SpicRegsFile)

UppRegsFile 
*          1    00006200    00000048     UNINITIALIZED
                  00006200    00000048     F2837xD_GlobalVariableDefs.obj (UppRegsFile)

WdRegsFile 
*          1    00007000    0000002b     UNINITIALIZED
                  00007000    0000002b     F2837xD_GlobalVariableDefs.obj (WdRegsFile)

NmiIntruptRegsFile 
*          1    00007060    00000007     UNINITIALIZED
                  00007060    00000007     F2837xD_GlobalVariableDefs.obj (NmiIntruptRegsFile)

XintRegsFile 
*          1    00007070    0000000b     UNINITIALIZED
                  00007070    0000000b     F2837xD_GlobalVariableDefs.obj (XintRegsFile)

SciaRegsFile 
*          1    00007200    00000010     UNINITIALIZED
                  00007200    00000010     F2837xD_GlobalVariableDefs.obj (SciaRegsFile)

ScibRegsFile 
*          1    00007210    00000010     UNINITIALIZED
                  00007210    00000010     F2837xD_GlobalVariableDefs.obj (ScibRegsFile)

ScicRegsFile 
*          1    00007220    00000010     UNINITIALIZED
                  00007220    00000010     F2837xD_GlobalVariableDefs.obj (ScicRegsFile)

ScidRegsFile 
*          1    00007230    00000010     UNINITIALIZED
                  00007230    00000010     F2837xD_GlobalVariableDefs.obj (ScidRegsFile)

I2caRegsFile 
*          1    00007300    00000022     UNINITIALIZED
                  00007300    00000022     F2837xD_GlobalVariableDefs.obj (I2caRegsFile)

I2cbRegsFile 
*          1    00007340    00000022     UNINITIALIZED
                  00007340    00000022     F2837xD_GlobalVariableDefs.obj (I2cbRegsFile)

AdcaRegsFile 
*          1    00007400    0000007c     UNINITIALIZED
                  00007400    0000007c     F2837xD_GlobalVariableDefs.obj (AdcaRegsFile)

AdcbRegsFile 
*          1    00007480    0000007c     UNINITIALIZED
                  00007480    0000007c     F2837xD_GlobalVariableDefs.obj (AdcbRegsFile)

AdccRegsFile 
*          1    00007500    0000007c     UNINITIALIZED
                  00007500    0000007c     F2837xD_GlobalVariableDefs.obj (AdccRegsFile)

AdcdRegsFile 
*          1    00007580    0000007c     UNINITIALIZED
                  00007580    0000007c     F2837xD_GlobalVariableDefs.obj (AdcdRegsFile)

InputXbarRegsFile 
*          1    00007900    00000020     UNINITIALIZED
                  00007900    00000020     F2837xD_GlobalVariableDefs.obj (InputXbarRegsFile)

XbarRegsFile 
*          1    00007920    0000000e     UNINITIALIZED
                  00007920    0000000e     F2837xD_GlobalVariableDefs.obj (XbarRegsFile)

SyncSocRegsFile 
*          1    00007940    00000006     UNINITIALIZED
                  00007940    00000006     F2837xD_GlobalVariableDefs.obj (SyncSocRegsFile)

DmaClaSrcSelRegsFile 
*          1    00007980    0000001a     UNINITIALIZED
                  00007980    0000001a     F2837xD_GlobalVariableDefs.obj (DmaClaSrcSelRegsFile)

EPwmXbarRegsFile 
*          1    00007a00    00000040     UNINITIALIZED
                  00007a00    00000040     F2837xD_GlobalVariableDefs.obj (EPwmXbarRegsFile)

ClbXbarRegsFile 
*          1    00007a40    00000040     UNINITIALIZED
                  00007a40    00000040     F2837xD_GlobalVariableDefs.obj (ClbXbarRegsFile)

OutputXbarRegsFile 
*          1    00007a80    00000040     UNINITIALIZED
                  00007a80    00000040     F2837xD_GlobalVariableDefs.obj (OutputXbarRegsFile)

GpioCtrlRegsFile 
*          1    00007c00    00000180     UNINITIALIZED
                  00007c00    00000180     F2837xD_GlobalVariableDefs.obj (GpioCtrlRegsFile)

GpioDataRegsFile 
*          1    00007f00    00000030     UNINITIALIZED
                  00007f00    00000030     F2837xD_GlobalVariableDefs.obj (GpioDataRegsFile)

.esysmem   1    0000a000    00000400     UNINITIALIZED
                  0000a000    00000004     rts2800_fpu32.lib : memory.c.obj (.esysmem)
                  0000a004    000003fc     --HOLE--

.econst    1    0000a400    000001ee     
                  0000a400    000001c0     F2837xD_PieVect.obj (.econst:_PieVectTableInit)
                  0000a5c0    0000000c     rts2800_fpu32.lib : e_atan2f.c.obj (.econst)
                  0000a5cc    0000000a                       : s_atanf.c.obj (.econst:_aT)
                  0000a5d6    00000008                       : s_atanf.c.obj (.econst:_atanhi)
                  0000a5de    00000008                       : s_atanf.c.obj (.econst:_atanlo)
                  0000a5e6    00000004     F28379D_my_rfft.obj (.econst)
                  0000a5ea    00000004     rts2800_fpu32.lib : s_atanf.c.obj (.econst)

RFFTdata1 
*          1    00010000    00000400     UNINITIALIZED
                  00010000    00000400     F28379D_my_rfft.obj (RFFTdata1)

RFFTdata2 
*          1    00012000    00000402     UNINITIALIZED
                  00012000    00000402     F28379D_my_rfft.obj (RFFTdata2)

RFFTdata3 
*          1    00014000    00000400     UNINITIALIZED
                  00014000    00000400     F28379D_my_rfft.obj (RFFTdata3)

RFFTdata4 
*          1    00016000    00000400     UNINITIALIZED
                  00016000    00000400     F28379D_my_rfft.obj (RFFTdata4)

.reset     0    003fffc0    00000002     DSECT
                  003fffc0    00000002     rts2800_fpu32.lib : boot28.asm.obj (.reset)

.stack     1    0000a5ee    00000200     UNINITIALIZED
                  0000a5ee    00000200     --HOLE--

.ebss      1    0000a800    000000c5     UNINITIALIZED
                  0000a800    0000001e     F2837xD_struct.obj (.ebss:_TRIP_SEL)
                  0000a81e    0000001a     F2837xD_struct.obj (.ebss:_EPWM)
                  0000a838    00000008     F2837xD_struct.obj (.ebss:_EQEP)
                  0000a840    00000018     F2837xD_CpuTimers.obj (.ebss)
                  0000a858    00000014     F28379D_my_rfft.obj (.ebss)
                  0000a86c    0000000f     main.obj (.ebss)
                  0000a87b    00000001     F2837xD_sci_io.obj (.ebss)
                  0000a87c    00000004     F2837xD_struct.obj (.ebss:_I2C)
                  0000a880    0000000e     F2837xD_struct.obj (.ebss:_ECAP)
                  0000a88e    0000000a     F2837xD_struct.obj (.ebss:_ADC)
                  0000a898    00000008     F2837xD_struct.obj (.ebss:_SPI)
                  0000a8a0    00000006     F2837xD_TempSensorConv.obj (.ebss)
                  0000a8a6    00000006     F2837xD_struct.obj (.ebss:_SDFM)
                  0000a8ac    00000006     rts2800_fpu32.lib : exit.c.obj (.ebss)
                  0000a8b2    00000004     F2837xD_struct.obj (.ebss:_MCBSP)
                  0000a8b6    00000004     F2837xD_struct.obj (.ebss:_SCI)
                  0000a8ba    00000004     rts2800_fpu32.lib : memory.c.obj (.ebss)
                  0000a8be    00000002                       : _lock.c.obj (.ebss:__lock)
                  0000a8c0    00000002                       : _lock.c.obj (.ebss:__unlock)
                  0000a8c2    00000002                       : vla_alloc.c.obj (.ebss)
                  0000a8c4    00000001                       : errno.c.obj (.ebss)

Emif1RegsFile 
*          1    00047000    00000028     UNINITIALIZED
                  00047000    00000028     F2837xD_GlobalVariableDefs.obj (Emif1RegsFile)

Emif2RegsFile 
*          1    00047800    00000028     UNINITIALIZED
                  00047800    00000028     F2837xD_GlobalVariableDefs.obj (Emif2RegsFile)

CanaRegsFile 
*          1    00048000    00000164     UNINITIALIZED
                  00048000    00000164     F2837xD_GlobalVariableDefs.obj (CanaRegsFile)

CanbRegsFile 
*          1    0004a000    00000164     UNINITIALIZED
                  0004a000    00000164     F2837xD_GlobalVariableDefs.obj (CanbRegsFile)

IpcRegsFile 
*          1    00050000    00000024     UNINITIALIZED
                  00050000    00000024     F2837xD_GlobalVariableDefs.obj (IpcRegsFile)

FlashPumpSemaphoreRegsFile 
*          1    00050024    00000002     UNINITIALIZED
                  00050024    00000002     F2837xD_GlobalVariableDefs.obj (FlashPumpSemaphoreRegsFile)

DevCfgRegsFile 
*          1    0005d000    0000012e     UNINITIALIZED
                  0005d000    0000012e     F2837xD_GlobalVariableDefs.obj (DevCfgRegsFile)

AnalogSubsysRegsFile 
*          1    0005d180    0000003e     UNINITIALIZED
                  0005d180    0000003e     F2837xD_GlobalVariableDefs.obj (AnalogSubsysRegsFile)

ClkCfgRegsFile 
*          1    0005d200    00000032     UNINITIALIZED
                  0005d200    00000032     F2837xD_GlobalVariableDefs.obj (ClkCfgRegsFile)

CpuSysRegsFile 
*          1    0005d300    00000082     UNINITIALIZED
                  0005d300    00000082     F2837xD_GlobalVariableDefs.obj (CpuSysRegsFile)

DcsmZ1RegsFile 
*          1    0005f000    00000022     UNINITIALIZED
                  0005f000    00000022     F2837xD_GlobalVariableDefs.obj (DcsmZ1RegsFile)

DcsmZ2RegsFile 
*          1    0005f040    00000022     UNINITIALIZED
                  0005f040    00000022     F2837xD_GlobalVariableDefs.obj (DcsmZ2RegsFile)

DcsmCommonRegsFile 
*          1    0005f070    00000006     UNINITIALIZED
                  0005f070    00000006     F2837xD_GlobalVariableDefs.obj (DcsmCommonRegsFile)

MemCfgRegsFile 
*          1    0005f400    00000076     UNINITIALIZED
                  0005f400    00000076     F2837xD_GlobalVariableDefs.obj (MemCfgRegsFile)

Emif1ConfigRegsFile 
*          1    0005f480    0000000a     UNINITIALIZED
                  0005f480    0000000a     F2837xD_GlobalVariableDefs.obj (Emif1ConfigRegsFile)

Emif2ConfigRegsFile 
*          1    0005f4a0    0000000a     UNINITIALIZED
                  0005f4a0    0000000a     F2837xD_GlobalVariableDefs.obj (Emif2ConfigRegsFile)

AccessProtectionRegsFile 
*          1    0005f4c0    0000002e     UNINITIALIZED
                  0005f4c0    0000002e     F2837xD_GlobalVariableDefs.obj (AccessProtectionRegsFile)

MemoryErrorRegsFile 
*          1    0005f500    0000003a     UNINITIALIZED
                  0005f500    0000003a     F2837xD_GlobalVariableDefs.obj (MemoryErrorRegsFile)

Flash0CtrlRegsFile 
*          1    0005f800    00000182     UNINITIALIZED
                  0005f800    00000182     F2837xD_GlobalVariableDefs.obj (Flash0CtrlRegsFile)

Flash0EccRegsFile 
*          1    0005fb00    00000028     UNINITIALIZED
                  0005fb00    00000028     F2837xD_GlobalVariableDefs.obj (Flash0EccRegsFile)

RomPrefetchRegsFile 
*          1    0005e608    00000002     UNINITIALIZED
                  0005e608    00000002     F2837xD_GlobalVariableDefs.obj (RomPrefetchRegsFile)

RomWaitStateRegsFile 
*          1    0005f540    00000002     UNINITIALIZED
                  0005f540    00000002     F2837xD_GlobalVariableDefs.obj (RomWaitStateRegsFile)

.text.1    0    00000400    00000400     
                  00000400    00000244     F2837xD_Gpio.obj (.text)
                  00000644    00000138     RFFT_adc_f32.obj (.text)
                  0000077c    00000083     rts2800_fpu32.lib : fd_mpy28.asm.obj (.text)
                  000007ff    00000001                       : startup.c.obj (.text)

.text.2    0    00008000    00000800     
                  00008000    0000042d     F28379D_my_rfft.obj (.text)
                  0000842d    00000088     rts2800_fpu32.lib : fs_div28.asm.obj (.text)
                  000084b5    00000001     --HOLE-- [fill = 0]
                  000084b6    00000086     RFFT_f32_phase_TMU0.obj (.text)
                  0000853c    0000006d     RFFT_f32_sincostable.obj (.text)
                  000085a9    00000066     rts2800_fpu32.lib : s_sinf.c.obj (.text)
                  0000860f    00000063                       : s_cosf.c.obj (.text)
                  00008672    00000056                       : boot28.asm.obj (.text)
                  000086c8    00000052     F28379D_my_adc.obj (.text:retain)
                  0000871a    0000004e     RFFT_f32_mag_TMU0.obj (.text)
                  00008768    00000048     BlueTooth_HC_06.obj (.text:retain)
                  000087b0    00000034     main.obj (.text)
                  000087e4    0000001c     rts2800_fpu32.lib : fs_tofdfpu32.asm.obj (.text)

.text.3    0    00009000    0000017d     
                  00009000    00000029     rts2800_fpu32.lib : exit.c.obj (.text)
                  00009029    00000028     F2837xD_PieCtrl.obj (.text)
                  00009051    00000001     --HOLE-- [fill = 0]
                  00009052    00000027     rts2800_fpu32.lib : e_sqrtf.c.obj (.text)
                  00009079    00000026     F2837xD_PieVect.obj (.text)
                  0000909f    00000024     rts2800_fpu32.lib : cpy_tbl.c.obj (.text)
                  000090c3    00000023     RFFT_f32_phase.obj (.text)
                  000090e6    00000023     rts2800_fpu32.lib : fd_tofsfpu32.asm.obj (.text)
                  00009109    00000022                       : i_div28.asm.obj (.text)
                  0000912b    0000001d                       : memcpy.c.obj (.text)
                  00009148    00000012                       : args_main.c.obj (.text)
                  0000915a    0000000b                       : u_div28.asm.obj (.text)
                  00009165    00000009                       : _lock.c.obj (.text)
                  0000916e    00000008     F2837xD_CodeStartBranch.obj (.text)
                  00009176    00000007     F28379D_my_clocks.obj (.text)

.text.4    0    0000b000    00000800     
                  0000b000    00000585     F2837xD_DefaultISR.obj (.text:retain)
                  0000b585    000000f0     F2837xD_Adc.obj (.text)
                  0000b675    000000e0     BlueTooth_HC_06.obj (.text)
                  0000b755    00000001     --HOLE-- [fill = 0]
                  0000b756    0000009c     RFFT_f32_mag.obj (.text)
                  0000b7f2    0000000b     F28379D_my_pie.obj (.text)
                  0000b7fd    00000003     F2837xD_DBGIER.obj (.text)

.text.5    0    0000b800    000007fe     
                  0000b800    000004ab     F2837xD_SysCtrl.obj (.text)
                  0000bcab    000000d2     rts2800_fpu32.lib : e_atan2f.c.obj (.text)
                  0000bd7d    000000ca                       : s_atanf.c.obj (.text)
                  0000be47    000000be     F28379D_my_adc.obj (.text)
                  0000bf05    000000bc     F28379D_my_sci.obj (.text)
                  0000bfc1    0000003b     F28379D_my_epwm.obj (.text)
                  0000bffc    00000002     rts2800_fpu32.lib : pre_init.c.obj (.text)

MODULE SUMMARY

       Module                           code   initialized data   uninitialized data
       ------                           ----   ----------------   ------------------
    .\
       main.obj                         52     8                  15                
    +--+--------------------------------+------+------------------+--------------------+
       Total:                           52     8                  15                
                                                                                    
    .\DSP_FFT\F28379D_my_fft\
       F28379D_my_rfft.obj              1069   14                 4118              
    +--+--------------------------------+------+------------------+--------------------+
       Total:                           1069   14                 4118              
                                                                                    
    .\DSP_FFT\dsp_FPU_source\
       RFFT_adc_f32.obj                 312    0                  0                 
       RFFT_f32_mag.obj                 156    0                  0                 
       RFFT_f32_phase_TMU0.obj          134    0                  0                 
       RFFT_f32_sincostable.obj         109    0                  0                 
       RFFT_f32_mag_TMU0.obj            78     0                  0                 
       RFFT_f32_phase.obj               35     0                  0                 
    +--+--------------------------------+------+------------------+--------------------+
       Total:                           824    0                  0                 
                                                                                    
    .\Init_Conclusion_common\source\
       F2837xD_DefaultISR.obj           1413   0                  0                 
       F2837xD_SysCtrl.obj              1195   0                  0                 
       F2837xD_Gpio.obj                 580    0                  0                 
       F2837xD_PieVect.obj              38     448                0                 
       F2837xD_struct.obj               0      144                114               
       F2837xD_Adc.obj                  240    0                  0                 
       F2837xD_PieCtrl.obj              40     0                  0                 
       F2837xD_CpuTimers.obj            0      0                  24                
       F2837xD_CodeStartBranch.obj      10     0                  0                 
       F2837xD_TempSensorConv.obj       0      0                  6                 
       F2837xD_sci_io.obj               0      4                  1                 
       F2837xD_usDelay.obj              4      0                  0                 
       F2837xD_DBGIER.obj               3      0                  0                 
    +--+--------------------------------+------+------------------+--------------------+
       Total:                           3523   596                145               
                                                                                    
    .\Init_Conclusion_headers\source\
       F2837xD_GlobalVariableDefs.obj   0      0                  9854              
    +--+--------------------------------+------+------------------+--------------------+
       Total:                           0      0                  9854              
                                                                                    
    .\Init_Conclusion_my_lib\peripheral_control\
       BlueTooth_HC_06.obj              296    0                  0                 
    +--+--------------------------------+------+------------------+--------------------+
       Total:                           296    0                  0                 
                                                                                    
    .\Init_Conclusion_my_lib\source\
       F28379D_my_adc.obj               272    0                  0                 
       F28379D_my_sci.obj               188    0                  0                 
       F28379D_my_epwm.obj              59     0                  0                 
       F28379D_my_pie.obj               11     0                  0                 
       F28379D_my_clocks.obj            7      0                  0                 
    +--+--------------------------------+------+------------------+--------------------+
       Total:                           537    0                  0                 
                                                                                    
    D:\ti\ccs2020\ccs\tools\compiler\ti-cgt-c2000_22.6.2.LTS\lib\rts2800_fpu32.lib
       s_atanf.c.obj                    202    30                 0                 
       e_atan2f.c.obj                   210    12                 0                 
       fs_div28.asm.obj                 136    0                  0                 
       fd_mpy28.asm.obj                 131    0                  0                 
       s_sinf.c.obj                     102    0                  0                 
       s_cosf.c.obj                     99     0                  0                 
       boot28.asm.obj                   86     0                  0                 
       exit.c.obj                       41     14                 6                 
       e_sqrtf.c.obj                    39     0                  0                 
       cpy_tbl.c.obj                    36     0                  0                 
       fd_tofsfpu32.asm.obj             35     0                  0                 
       i_div28.asm.obj                  34     0                  0                 
       memcpy.c.obj                     29     0                  0                 
       fs_tofdfpu32.asm.obj             28     0                  0                 
       _lock.c.obj                      9      10                 4                 
       args_main.c.obj                  18     0                  0                 
       u_div28.asm.obj                  11     0                  0                 
       memory.c.obj                     0      4                  4                 
       vla_alloc.c.obj                  0      5                  2                 
       errno.c.obj                      0      4                  1                 
       pre_init.c.obj                   2      0                  0                 
       startup.c.obj                    1      0                  0                 
    +--+--------------------------------+------+------------------+--------------------+
       Total:                           1249   79                 17                
                                                                                    
       Heap:                            0      0                  1024              
       Stack:                           0      0                  512               
    +--+--------------------------------+------+------------------+--------------------+
       Grand Total:                     7550   697                15685             


GLOBAL DATA SYMBOLS: SORTED BY DATA PAGE

address     data page           name
--------    ----------------    ----
00000b00      2c (00000b00)     _AdcaResultRegs
00000b20      2c (00000b00)     _AdcbResultRegs

00000b40      2d (00000b40)     _AdccResultRegs
00000b60      2d (00000b40)     _AdcdResultRegs

00000c00      30 (00000c00)     _CpuTimer0Regs
00000c08      30 (00000c00)     _CpuTimer1Regs
00000c10      30 (00000c00)     _CpuTimer2Regs

00000ce0      33 (00000cc0)     _PieCtrlRegs

00000d00      34 (00000d00)     _PieVectTable

00001000      40 (00001000)     _DmaRegs

00001400      50 (00001400)     _Cla1Regs

00003000      c0 (00003000)     _Clb1LogicCfgRegs

00003100      c4 (00003100)     _Clb1LogicCtrlRegs

00003200      c8 (00003200)     _Clb1DataExchRegs

00003400      d0 (00003400)     _Clb2LogicCfgRegs

00003500      d4 (00003500)     _Clb2LogicCtrlRegs

00003600      d8 (00003600)     _Clb2DataExchRegs

00003800      e0 (00003800)     _Clb3LogicCfgRegs

00003900      e4 (00003900)     _Clb3LogicCtrlRegs

00003a00      e8 (00003a00)     _Clb3DataExchRegs

00003c00      f0 (00003c00)     _Clb4LogicCfgRegs

00003d00      f4 (00003d00)     _Clb4LogicCtrlRegs

00003e00      f8 (00003e00)     _Clb4DataExchRegs

00004000     100 (00004000)     _EPwm1Regs

00004100     104 (00004100)     _EPwm2Regs

00004200     108 (00004200)     _EPwm3Regs

00004300     10c (00004300)     _EPwm4Regs

00004400     110 (00004400)     _EPwm5Regs

00004500     114 (00004500)     _EPwm6Regs

00004600     118 (00004600)     _EPwm7Regs

00004700     11c (00004700)     _EPwm8Regs

00004800     120 (00004800)     _EPwm9Regs

00004900     124 (00004900)     _EPwm10Regs

00004a00     128 (00004a00)     _EPwm11Regs

00004b00     12c (00004b00)     _EPwm12Regs

00005000     140 (00005000)     _ECap1Regs
00005020     140 (00005000)     _ECap2Regs

00005040     141 (00005040)     _ECap3Regs
00005060     141 (00005040)     _ECap4Regs

00005080     142 (00005080)     _ECap5Regs
000050a0     142 (00005080)     _ECap6Regs

00005100     144 (00005100)     _EQep1Regs

00005140     145 (00005140)     _EQep2Regs

00005180     146 (00005180)     _EQep3Regs

00005c00     170 (00005c00)     _DacaRegs
00005c10     170 (00005c00)     _DacbRegs
00005c20     170 (00005c00)     _DaccRegs

00005c80     172 (00005c80)     _Cmpss1Regs
00005ca0     172 (00005c80)     _Cmpss2Regs

00005cc0     173 (00005cc0)     _Cmpss3Regs
00005ce0     173 (00005cc0)     _Cmpss4Regs

00005d00     174 (00005d00)     _Cmpss5Regs
00005d20     174 (00005d00)     _Cmpss6Regs

00005d40     175 (00005d40)     _Cmpss7Regs
00005d60     175 (00005d40)     _Cmpss8Regs

00005e00     178 (00005e00)     _Sdfm1Regs

00005e80     17a (00005e80)     _Sdfm2Regs

00006000     180 (00006000)     _McbspaRegs

00006040     181 (00006040)     _McbspbRegs

00006100     184 (00006100)     _SpiaRegs
00006110     184 (00006100)     _SpibRegs
00006120     184 (00006100)     _SpicRegs

00006200     188 (00006200)     _UppRegs

00007000     1c0 (00007000)     _WdRegs

00007060     1c1 (00007040)     _NmiIntruptRegs
00007070     1c1 (00007040)     _XintRegs

00007200     1c8 (00007200)     _SciaRegs
00007210     1c8 (00007200)     _ScibRegs
00007220     1c8 (00007200)     _ScicRegs
00007230     1c8 (00007200)     _ScidRegs

00007300     1cc (00007300)     _I2caRegs

00007340     1cd (00007340)     _I2cbRegs

00007400     1d0 (00007400)     _AdcaRegs

00007480     1d2 (00007480)     _AdcbRegs

00007500     1d4 (00007500)     _AdccRegs

00007580     1d6 (00007580)     _AdcdRegs

00007900     1e4 (00007900)     _InputXbarRegs
00007920     1e4 (00007900)     _XbarRegs

00007940     1e5 (00007940)     _SyncSocRegs

00007980     1e6 (00007980)     _DmaClaSrcSelRegs

00007a00     1e8 (00007a00)     _EPwmXbarRegs

00007a40     1e9 (00007a40)     _ClbXbarRegs

00007a80     1ea (00007a80)     _OutputXbarRegs

00007c00     1f0 (00007c00)     _GpioCtrlRegs

00007f00     1fc (00007f00)     _GpioDataRegs

0000a000     280 (0000a000)     __sys_memory

0000a400     290 (0000a400)     _PieVectTableInit

0000a5ee     297 (0000a5c0)     __stack

0000a800     2a0 (0000a800)     _TRIP_SEL
0000a81e     2a0 (0000a800)     _EPWM
0000a838     2a0 (0000a800)     _EQEP

0000a840     2a1 (0000a840)     _CpuTimer0
0000a848     2a1 (0000a840)     _CpuTimer1
0000a850     2a1 (0000a840)     _CpuTimer2
0000a858     2a1 (0000a840)     _hnd_rfft_adc
0000a85a     2a1 (0000a840)     _hnd_rfft
0000a85c     2a1 (0000a840)     _rfft_adc
0000a860     2a1 (0000a840)     _rfft
0000a86c     2a1 (0000a840)     _flagInputReady
0000a86d     2a1 (0000a840)     _sampleIndex
0000a86e     2a1 (0000a840)     _bluetooth_d
0000a87b     2a1 (0000a840)     _deviceOpen
0000a87c     2a1 (0000a840)     _I2C

0000a880     2a2 (0000a880)     _ECAP
0000a88e     2a2 (0000a880)     _ADC
0000a898     2a2 (0000a880)     _SPI
0000a8a0     2a2 (0000a880)     _tempSensor_tempSlope
0000a8a2     2a2 (0000a880)     _tempSensor_tempOffset
0000a8a4     2a2 (0000a880)     _tempSensor_scaleFactor
0000a8a6     2a2 (0000a880)     _SDFM
0000a8ac     2a2 (0000a880)     ___TI_enable_exit_profile_output
0000a8ae     2a2 (0000a880)     ___TI_cleanup_ptr
0000a8b0     2a2 (0000a880)     ___TI_dtors_ptr
0000a8b2     2a2 (0000a880)     _MCBSP
0000a8b6     2a2 (0000a880)     _SCI
0000a8be     2a2 (0000a880)     __lock

0000a8c0     2a3 (0000a8c0)     __unlock
0000a8c4     2a3 (0000a8c0)     _errno

00010000     400 (00010000)     _RFFTin1Buff

00012000     480 (00012000)     _RFFTphaseBuff

00012200     488 (00012200)     _RFFTmagBuff

00014000     500 (00014000)     _RFFToutBuff

00016000     580 (00016000)     _RFFTF32Coef

00047000    11c0 (00047000)     _Emif1Regs

00047800    11e0 (00047800)     _Emif2Regs

00048000    1200 (00048000)     _CanaRegs

0004a000    1280 (0004a000)     _CanbRegs

00050000    1400 (00050000)     _IpcRegs
00050024    1400 (00050000)     _FlashPumpSemaphoreRegs

0005d000    1740 (0005d000)     _DevCfgRegs

0005d180    1746 (0005d180)     _AnalogSubsysRegs

0005d200    1748 (0005d200)     _ClkCfgRegs

0005d300    174c (0005d300)     _CpuSysRegs

0005e608    1798 (0005e600)     _RomPrefetchRegs

0005f000    17c0 (0005f000)     _DcsmZ1Regs

0005f040    17c1 (0005f040)     _DcsmZ2Regs
0005f070    17c1 (0005f040)     _DcsmCommonRegs

0005f400    17d0 (0005f400)     _MemCfgRegs

0005f480    17d2 (0005f480)     _Emif1ConfigRegs
0005f4a0    17d2 (0005f480)     _Emif2ConfigRegs

0005f4c0    17d3 (0005f4c0)     _AccessProtectionRegs

0005f500    17d4 (0005f500)     _MemoryErrorRegs

0005f540    17d5 (0005f540)     _RomWaitStateRegs

0005f800    17e0 (0005f800)     _Flash0CtrlRegs

0005fb00    17ec (0005fb00)     _Flash0EccRegs


GLOBAL SYMBOLS: SORTED ALPHABETICALLY BY Name 

page  address   name                                  
----  -------   ----                                  
abs   ffffffff  .text                                 
0     00009000  C$$EXIT                               
0     0000077c  FD$$MPY                               
0     000090e6  FD$$TOFS                              
0     0000842d  FS$$DIV                               
0     000087e4  FS$$TOFD                              
0     00009109  I$$DIV                                
0     0000911a  I$$MOD                                
0     0000915a  U$$DIV                                
0     0000915f  U$$MOD                                
1     0000a88e  _ADC                                  
0     0000b0be  _ADCA1_ISR                            
0     0000b33e  _ADCA2_ISR                            
0     0000b348  _ADCA3_ISR                            
0     0000b352  _ADCA4_ISR                            
0     0000b334  _ADCA_EVT_ISR                         
0     0000b0c8  _ADCB1_ISR                            
0     0000b366  _ADCB2_ISR                            
0     0000b370  _ADCB3_ISR                            
0     0000b37a  _ADCB4_ISR                            
0     0000b35c  _ADCB_EVT_ISR                         
0     0000b0d2  _ADCC1_ISR                            
0     0000b4ce  _ADCC2_ISR                            
0     0000b4d8  _ADCC3_ISR                            
0     0000b4e2  _ADCC4_ISR                            
0     0000b4c4  _ADCC_EVT_ISR                         
0     0000b0f0  _ADCD1_ISR                            
0     0000b4f6  _ADCD2_ISR                            
0     0000b500  _ADCD3_ISR                            
0     0000b50a  _ADCD4_ISR                            
0     0000b4ec  _ADCD_EVT_ISR                         
0     0000b546  _AUX_PLL_SLIP_ISR                     
1     0005f4c0  _AccessProtectionRegs                 
0     0000b585  _AdcSetMode                           
1     00007400  _AdcaRegs                             
1     00000b00  _AdcaResultRegs                       
1     00007480  _AdcbRegs                             
1     00000b20  _AdcbResultRegs                       
1     00007500  _AdccRegs                             
1     00000b40  _AdccResultRegs                       
1     00007580  _AdcdRegs                             
1     00000b60  _AdcdResultRegs                       
1     0005d180  _AnalogSubsysRegs                     
0     0000bc3a  _AuxAuxClkSel                         
0     0000bc24  _AuxIntOsc2Sel                        
0     0000bc2e  _AuxXtalOscSel                        
0     0000b675  _BlueTooth_send                       
0     0000b30c  _CANA0_ISR                            
0     0000b316  _CANA1_ISR                            
0     0000b320  _CANB0_ISR                            
0     0000b32a  _CANB1_ISR                            
0     0000b384  _CLA1_1_ISR                           
0     0000b38e  _CLA1_2_ISR                           
0     0000b398  _CLA1_3_ISR                           
0     0000b3a2  _CLA1_4_ISR                           
0     0000b3ac  _CLA1_5_ISR                           
0     0000b3b6  _CLA1_6_ISR                           
0     0000b3c0  _CLA1_7_ISR                           
0     0000b3ca  _CLA1_8_ISR                           
0     0000b550  _CLA_OVERFLOW_ISR                     
0     0000b55a  _CLA_UNDERFLOW_ISR                    
0     000080b0  _Caculate_Freq                        
0     0000b63b  _CalAdcINL                            
1     00048000  _CanaRegs                             
1     0004a000  _CanbRegs                             
1     00001400  _Cla1Regs                             
1     00003200  _Clb1DataExchRegs                     
1     00003000  _Clb1LogicCfgRegs                     
1     00003100  _Clb1LogicCtrlRegs                    
1     00003600  _Clb2DataExchRegs                     
1     00003400  _Clb2LogicCfgRegs                     
1     00003500  _Clb2LogicCtrlRegs                    
1     00003a00  _Clb3DataExchRegs                     
1     00003800  _Clb3LogicCfgRegs                     
1     00003900  _Clb3LogicCtrlRegs                    
1     00003e00  _Clb4DataExchRegs                     
1     00003c00  _Clb4LogicCfgRegs                     
1     00003d00  _Clb4LogicCtrlRegs                    
1     00007a40  _ClbXbarRegs                          
1     0005d200  _ClkCfgRegs                           
1     00005c80  _Cmpss1Regs                           
1     00005ca0  _Cmpss2Regs                           
1     00005cc0  _Cmpss3Regs                           
1     00005ce0  _Cmpss4Regs                           
1     00005d00  _Cmpss5Regs                           
1     00005d20  _Cmpss6Regs                           
1     00005d40  _Cmpss7Regs                           
1     00005d60  _Cmpss8Regs                           
0     0000be47  _ConfigureADC                         
0     0000bfc1  _ConfigureEPWM1                       
0     0000bf05  _ConfigureSCIB                        
0     0000bf63  _ConfigureSCIC                        
0     0000bc8e  _ConfigureTMXAnalogTrim               
1     0005d300  _CpuSysRegs                           
1     0000a840  _CpuTimer0                            
1     00000c00  _CpuTimer0Regs                        
1     0000a848  _CpuTimer1                            
1     00000c08  _CpuTimer1Regs                        
1     0000a850  _CpuTimer2                            
1     00000c10  _CpuTimer2Regs                        
0     0000bbcf  _CsmUnlock                            
0     0000b014  _DATALOG_ISR                          
0     0000b258  _DMA_CH1_ISR                          
0     0000b262  _DMA_CH2_ISR                          
0     0000b26c  _DMA_CH3_ISR                          
0     0000b276  _DMA_CH4_ISR                          
0     0000b280  _DMA_CH5_ISR                          
0     0000b28a  _DMA_CH6_ISR                          
1     00005c00  _DacaRegs                             
1     00005c10  _DacbRegs                             
1     00005c20  _DaccRegs                             
1     0005f070  _DcsmCommonRegs                       
1     0005f000  _DcsmZ1Regs                           
1     0005f040  _DcsmZ2Regs                           
1     0005d000  _DevCfgRegs                           
0     0000b8e3  _DisableDog                           
0     0000b8a4  _DisablePeripheralClocks              
1     00007980  _DmaClaSrcSelRegs                     
1     00001000  _DmaRegs                              
1     0000a880  _ECAP                                 
0     0000b1ae  _ECAP1_ISR                            
0     0000b1b8  _ECAP2_ISR                            
0     0000b1c2  _ECAP3_ISR                            
0     0000b1cc  _ECAP4_ISR                            
0     0000b1d6  _ECAP5_ISR                            
0     0000b1e0  _ECAP6_ISR                            
1     00005000  _ECap1Regs                            
1     00005020  _ECap2Regs                            
1     00005040  _ECap3Regs                            
1     00005060  _ECap4Regs                            
1     00005080  _ECap5Regs                            
1     000050a0  _ECap6Regs                            
0     0000b514  _EMIF_ERROR_ISR                       
0     0000b56e  _EMPTY_ISR                            
0     0000b028  _EMU_ISR                              
1     0000a81e  _EPWM                                 
0     0000b46a  _EPWM10_ISR                           
0     0000b442  _EPWM10_TZ_ISR                        
0     0000b474  _EPWM11_ISR                           
0     0000b44c  _EPWM11_TZ_ISR                        
0     0000b47e  _EPWM12_ISR                           
0     0000b456  _EPWM12_TZ_ISR                        
0     0000b15e  _EPWM1_ISR                            
0     0000b10e  _EPWM1_TZ_ISR                         
0     0000b168  _EPWM2_ISR                            
0     0000b118  _EPWM2_TZ_ISR                         
0     0000b172  _EPWM3_ISR                            
0     0000b122  _EPWM3_TZ_ISR                         
0     0000b17c  _EPWM4_ISR                            
0     0000b12c  _EPWM4_TZ_ISR                         
0     0000b186  _EPWM5_ISR                            
0     0000b136  _EPWM5_TZ_ISR                         
0     0000b190  _EPWM6_ISR                            
0     0000b140  _EPWM6_TZ_ISR                         
0     0000b19a  _EPWM7_ISR                            
0     0000b14a  _EPWM7_TZ_ISR                         
0     0000b1a4  _EPWM8_ISR                            
0     0000b154  _EPWM8_TZ_ISR                         
0     0000b460  _EPWM9_ISR                            
0     0000b438  _EPWM9_TZ_ISR                         
1     00004900  _EPwm10Regs                           
1     00004a00  _EPwm11Regs                           
1     00004b00  _EPwm12Regs                           
1     00004000  _EPwm1Regs                            
1     00004100  _EPwm2Regs                            
1     00004200  _EPwm3Regs                            
1     00004300  _EPwm4Regs                            
1     00004400  _EPwm5Regs                            
1     00004500  _EPwm6Regs                            
1     00004600  _EPwm7Regs                            
1     00004700  _EPwm8Regs                            
1     00004800  _EPwm9Regs                            
1     00007a00  _EPwmXbarRegs                         
1     0000a838  _EQEP                                 
0     0000b1ea  _EQEP1_ISR                            
0     0000b1f4  _EQEP2_ISR                            
0     0000b1fe  _EQEP3_ISR                            
1     00005100  _EQep1Regs                            
1     00005140  _EQep2Regs                            
1     00005180  _EQep3Regs                            
1     0005f480  _Emif1ConfigRegs                      
1     00047000  _Emif1Regs                            
1     0005f4a0  _Emif2ConfigRegs                      
1     00047800  _Emif2Regs                            
0     00009048  _EnableInterrupts                     
0     00000122  _F28x_usDelay                         
0     0000b528  _FLASH_CORRECTABLE_ERROR_ISR          
0     0000b3fc  _FPU_OVERFLOW_ISR                     
0     0000b406  _FPU_UNDERFLOW_ISR                    
1     0005f800  _Flash0CtrlRegs                       
1     0005fb00  _Flash0EccRegs                        
1     00050024  _FlashPumpSemaphoreRegs               
0     000005f9  _GPIO_EnableUnbondedIOPullups         
0     000005d4  _GPIO_EnableUnbondedIOPullupsFor100Pin
0     000005bb  _GPIO_EnableUnbondedIOPullupsFor176Pin
0     0000060f  _GPIO_ReadPin                         
0     00000560  _GPIO_SetupLock                       
0     00000440  _GPIO_SetupPinMux                     
0     000004cc  _GPIO_SetupPinOptions                 
0     00000589  _GPIO_SetupXINT1Gpio                  
0     00000593  _GPIO_SetupXINT2Gpio                  
0     0000059d  _GPIO_SetupXINT3Gpio                  
0     000005a7  _GPIO_SetupXINT4Gpio                  
0     000005b1  _GPIO_SetupXINT5Gpio                  
0     00000626  _GPIO_WritePin                        
1     00007c00  _GpioCtrlRegs                         
1     00007f00  _GpioDataRegs                         
0     0000bc58  _HALT                                 
0     0000b6cc  _HC_06_Init                           
0     0000bc71  _HIB                                  
1     0000a87c  _I2C                                  
0     0000b29e  _I2CA_FIFO_ISR                        
0     0000b294  _I2CA_ISR                             
0     0000b2b2  _I2CB_FIFO_ISR                        
0     0000b2a8  _I2CB_ISR                             
1     00007300  _I2caRegs                             
1     00007340  _I2cbRegs                             
0     0000bc44  _IDLE                                 
0     0000b03c  _ILLEGAL_ISR                          
0     0000b410  _IPC0_ISR                             
0     0000b41a  _IPC1_ISR                             
0     0000b424  _IPC2_ISR                             
0     0000b42e  _IPC3_ISR                             
0     0000bae0  _InitAuxPll                           
0     0000b7f2  _InitEpie                             
0     00000400  _InitGpio                             
0     0000b820  _InitPeripheralClocks                 
0     00009029  _InitPieCtrl                          
0     00009079  _InitPieVectTable                     
0     0000b800  _InitSysCtrl                          
0     0000b8f1  _InitSysPll                           
0     00009176  _InitSystemClocks                     
0     00008000  _Init_Rfft_F32_Struct                 
1     00007900  _InputXbarRegs                        
1     00050000  _IpcRegs                              
1     0000a8b2  _MCBSP                                
0     0000b230  _MCBSPA_RX_ISR                        
0     0000b23a  _MCBSPA_TX_ISR                        
0     0000b244  _MCBSPB_RX_ISR                        
0     0000b24e  _MCBSPB_TX_ISR                        
1     00006000  _McbspaRegs                           
1     00006040  _McbspbRegs                           
1     0005f400  _MemCfgRegs                           
1     0005f500  _MemoryErrorRegs                      
0     0000b032  _NMI_ISR                              
0     0000b57b  _NOTUSED_ISR                          
1     00007060  _NmiIntruptRegs                       
1     00007a80  _OutputXbarRegs                       
0     0000b564  _PIE_RESERVED_ISR                     
1     00000ce0  _PieCtrlRegs                          
1     00000d00  _PieVectTable                         
1     0000a400  _PieVectTableInit                     
0     0000b532  _RAM_ACCESS_VIOLATION_ISR             
0     0000b51e  _RAM_CORRECTABLE_ERROR_ISR            
1     00016000  _RFFTF32Coef                          
0     00000644  _RFFT_adc_f32                         
0     0000b756  _RFFT_f32_mag                         
0     0000871a  _RFFT_f32_mag_TMU0                    
0     000090c3  _RFFT_f32_phase                       
0     000084b6  _RFFT_f32_phase_TMU0                  
0     0000853c  _RFFT_f32_sincostable                 
1     00010000  _RFFTin1Buff                          
1     00012200  _RFFTmagBuff                          
1     00014000  _RFFToutBuff                          
1     00012000  _RFFTphaseBuff                        
0     0000b01e  _RTOS_ISR                             
0     0000b8cb  _ReleaseFlashPump                     
0     00008062  _Rfft_F32                             
1     0005e608  _RomPrefetchRegs                      
1     0005f540  _RomWaitStateRegs                     
1     0000a8b6  _SCI                                  
0     0000b2e4  _SCIA_RX_ISR                          
0     0000b2ee  _SCIA_TX_ISR                          
0     0000b2f8  _SCIB_RX_ISR                          
0     0000b302  _SCIB_TX_ISR                          
0     0000b2bc  _SCIC_RX_ISR                          
0     0000b2c6  _SCIC_TX_ISR                          
0     0000b2d0  _SCID_RX_ISR                          
0     0000b2da  _SCID_TX_ISR                          
0     0000b488  _SD1_ISR                              
0     0000b492  _SD2_ISR                              
1     0000a8a6  _SDFM                                 
1     0000a898  _SPI                                  
0     0000b208  _SPIA_RX_ISR                          
0     0000b212  _SPIA_TX_ISR                          
0     0000b21c  _SPIB_RX_ISR                          
0     0000b226  _SPIB_TX_ISR                          
0     0000b49c  _SPIC_RX_ISR                          
0     0000b4a6  _SPIC_TX_ISR                          
0     0000bc4d  _STANDBY                              
0     0000b53c  _SYS_PLL_SLIP_ISR                     
1     00007200  _SciaRegs                             
1     00007210  _ScibRegs                             
1     00007220  _ScicRegs                             
1     00007230  _ScidRegs                             
1     00005e00  _Sdfm1Regs                            
1     00005e80  _Sdfm2Regs                            
0     0000b8bc  _SeizeFlashPump                       
0     0000b8d5  _ServiceDog                           
0     0000b7fd  _SetDBGIER                            
0     0000beab  _SetupADCAEpwm1                       
0     0000bede  _SetupADCBEpwm1                       
1     00006100  _SpiaRegs                             
1     00006110  _SpibRegs                             
1     00006120  _SpicRegs                             
0     0000bfde  _StartEPWM1                           
0     0000bff0  _StopEPWM1                            
1     00007940  _SyncSocRegs                          
0     0000bbf0  _SysIntOsc1Sel                        
0     0000bc00  _SysIntOsc2Sel                        
0     0000bc14  _SysXtalOscSel                        
0     0000b0fa  _TIMER0_ISR                           
0     0000b000  _TIMER1_ISR                           
0     0000b00a  _TIMER2_ISR                           
1     0000a800  _TRIP_SEL                             
0     0000b4b0  _UPPA_ISR                             
0     0000b4ba  _USBA_ISR                             
0     0000b0a0  _USER10_ISR                           
0     0000b0aa  _USER11_ISR                           
0     0000b0b4  _USER12_ISR                           
0     0000b046  _USER1_ISR                            
0     0000b050  _USER2_ISR                            
0     0000b05a  _USER3_ISR                            
0     0000b064  _USER4_ISR                            
0     0000b06e  _USER5_ISR                            
0     0000b078  _USER6_ISR                            
0     0000b082  _USER7_ISR                            
0     0000b08c  _USER8_ISR                            
0     0000b096  _USER9_ISR                            
1     00006200  _UppRegs                              
0     0000b3f2  _VCU_ISR                              
0     0000b104  _WAKE_ISR                             
0     0000befe  _Wait_ADC_ENDING                      
1     00007000  _WdRegs                               
0     0000b0dc  _XINT1_ISR                            
0     0000b0e6  _XINT2_ISR                            
0     0000b3d4  _XINT3_ISR                            
0     0000b3de  _XINT4_ISR                            
0     0000b3e8  _XINT5_ISR                            
1     00007920  _XbarRegs                             
1     00007070  _XintRegs                             
1     0000a7ee  __STACK_END                           
abs   00000200  __STACK_SIZE                          
abs   00000400  __SYSMEM_SIZE                         
1     0000a8ae  ___TI_cleanup_ptr                     
1     0000a8b0  ___TI_dtors_ptr                       
1     0000a8ac  ___TI_enable_exit_profile_output      
abs   ffffffff  ___TI_pprof_out_hndl                  
abs   ffffffff  ___TI_prof_data_size                  
abs   ffffffff  ___TI_prof_data_start                 
abs   ffffffff  ___binit__                            
abs   ffffffff  ___c_args__                           
0     00008800  ___cinit__                            
abs   ffffffff  ___etext__                            
abs   ffffffff  ___pinit__                            
abs   ffffffff  ___text__                             
0     00009148  __args_main                           
1     0000a8be  __lock                                
0     0000916d  __nop                                 
0     00009169  __register_lock                       
0     00009165  __register_unlock                     
1     0000a5ee  __stack                               
1     0000a000  __sys_memory                          
0     000007ff  __system_post_cinit                   
0     0000bffc  __system_pre_init                     
1     0000a8c0  __unlock                              
0     00009000  _abort                                
0     000086c8  _adcaIsr                              
0     0000b69b  _adjust_receivedata                   
0     0000bd7d  _atan                                 
0     0000bcab  _atan2                                
0     0000bcab  _atan2f                               
0     0000bd7d  _atanf                                
1     0000a86e  _bluetooth_d                          
0     00008672  _c_int00                              
0     0000b713  _char_float                           
0     0000b729  _char_int                             
0     0000b73f  _char_short                           
0     0000909f  _copy_in                              
0     0000860f  _cos                                  
0     0000860f  _cosf                                 
1     0000a87b  _deviceOpen                           
1     0000a8c4  _errno                                
0     00009002  _exit                                 
1     0000a86c  _flagInputReady                       
1     0000a85a  _hnd_rfft                             
1     0000a858  _hnd_rfft_adc                         
0     000087b0  _main                                 
0     0000912b  _memcpy                               
1     0000a860  _rfft                                 
1     0000a85c  _rfft_adc                             
0     000006d4  _rfft_adc_f32_Stages4andUp            
1     0000a86d  _sampleIndex                          
0     00008768  _scibRxFifoIsr                        
0     0000bf5a  _scib_read                            
0     0000bf3d  _scib_send                            
0     0000bf46  _scib_send_string                     
0     0000bfa4  _scic_read                            
0     0000bf9b  _scic_send                            
0     0000bfad  _scic_send_string                     
0     000081ed  _simplify_mag_phase                   
0     000085a9  _sin                                  
0     000085a9  _sinf                                 
0     00009052  _sqrt                                 
0     00009052  _sqrtf                                
1     0000a8a4  _tempSensor_scaleFactor               
1     0000a8a2  _tempSensor_tempOffset                
1     0000a8a0  _tempSensor_tempSlope                 
abs   ffffffff  binit                                 
0     00008800  cinit                                 
0     00000000  code_start                            
abs   ffffffff  etext                                 
abs   ffffffff  pinit                                 


GLOBAL SYMBOLS: SORTED BY Symbol Address 

page  address   name                                  
----  -------   ----                                  
0     00000000  code_start                            
0     00000122  _F28x_usDelay                         
0     00000400  _InitGpio                             
0     00000440  _GPIO_SetupPinMux                     
0     000004cc  _GPIO_SetupPinOptions                 
0     00000560  _GPIO_SetupLock                       
0     00000589  _GPIO_SetupXINT1Gpio                  
0     00000593  _GPIO_SetupXINT2Gpio                  
0     0000059d  _GPIO_SetupXINT3Gpio                  
0     000005a7  _GPIO_SetupXINT4Gpio                  
0     000005b1  _GPIO_SetupXINT5Gpio                  
0     000005bb  _GPIO_EnableUnbondedIOPullupsFor176Pin
0     000005d4  _GPIO_EnableUnbondedIOPullupsFor100Pin
0     000005f9  _GPIO_EnableUnbondedIOPullups         
0     0000060f  _GPIO_ReadPin                         
0     00000626  _GPIO_WritePin                        
0     00000644  _RFFT_adc_f32                         
0     000006d4  _rfft_adc_f32_Stages4andUp            
0     0000077c  FD$$MPY                               
0     000007ff  __system_post_cinit                   
0     00008000  _Init_Rfft_F32_Struct                 
0     00008062  _Rfft_F32                             
0     000080b0  _Caculate_Freq                        
0     000081ed  _simplify_mag_phase                   
0     0000842d  FS$$DIV                               
0     000084b6  _RFFT_f32_phase_TMU0                  
0     0000853c  _RFFT_f32_sincostable                 
0     000085a9  _sin                                  
0     000085a9  _sinf                                 
0     0000860f  _cos                                  
0     0000860f  _cosf                                 
0     00008672  _c_int00                              
0     000086c8  _adcaIsr                              
0     0000871a  _RFFT_f32_mag_TMU0                    
0     00008768  _scibRxFifoIsr                        
0     000087b0  _main                                 
0     000087e4  FS$$TOFD                              
0     00008800  ___cinit__                            
0     00008800  cinit                                 
0     00009000  C$$EXIT                               
0     00009000  _abort                                
0     00009002  _exit                                 
0     00009029  _InitPieCtrl                          
0     00009048  _EnableInterrupts                     
0     00009052  _sqrt                                 
0     00009052  _sqrtf                                
0     00009079  _InitPieVectTable                     
0     0000909f  _copy_in                              
0     000090c3  _RFFT_f32_phase                       
0     000090e6  FD$$TOFS                              
0     00009109  I$$DIV                                
0     0000911a  I$$MOD                                
0     0000912b  _memcpy                               
0     00009148  __args_main                           
0     0000915a  U$$DIV                                
0     0000915f  U$$MOD                                
0     00009165  __register_unlock                     
0     00009169  __register_lock                       
0     0000916d  __nop                                 
0     00009176  _InitSystemClocks                     
0     0000b000  _TIMER1_ISR                           
0     0000b00a  _TIMER2_ISR                           
0     0000b014  _DATALOG_ISR                          
0     0000b01e  _RTOS_ISR                             
0     0000b028  _EMU_ISR                              
0     0000b032  _NMI_ISR                              
0     0000b03c  _ILLEGAL_ISR                          
0     0000b046  _USER1_ISR                            
0     0000b050  _USER2_ISR                            
0     0000b05a  _USER3_ISR                            
0     0000b064  _USER4_ISR                            
0     0000b06e  _USER5_ISR                            
0     0000b078  _USER6_ISR                            
0     0000b082  _USER7_ISR                            
0     0000b08c  _USER8_ISR                            
0     0000b096  _USER9_ISR                            
0     0000b0a0  _USER10_ISR                           
0     0000b0aa  _USER11_ISR                           
0     0000b0b4  _USER12_ISR                           
0     0000b0be  _ADCA1_ISR                            
0     0000b0c8  _ADCB1_ISR                            
0     0000b0d2  _ADCC1_ISR                            
0     0000b0dc  _XINT1_ISR                            
0     0000b0e6  _XINT2_ISR                            
0     0000b0f0  _ADCD1_ISR                            
0     0000b0fa  _TIMER0_ISR                           
0     0000b104  _WAKE_ISR                             
0     0000b10e  _EPWM1_TZ_ISR                         
0     0000b118  _EPWM2_TZ_ISR                         
0     0000b122  _EPWM3_TZ_ISR                         
0     0000b12c  _EPWM4_TZ_ISR                         
0     0000b136  _EPWM5_TZ_ISR                         
0     0000b140  _EPWM6_TZ_ISR                         
0     0000b14a  _EPWM7_TZ_ISR                         
0     0000b154  _EPWM8_TZ_ISR                         
0     0000b15e  _EPWM1_ISR                            
0     0000b168  _EPWM2_ISR                            
0     0000b172  _EPWM3_ISR                            
0     0000b17c  _EPWM4_ISR                            
0     0000b186  _EPWM5_ISR                            
0     0000b190  _EPWM6_ISR                            
0     0000b19a  _EPWM7_ISR                            
0     0000b1a4  _EPWM8_ISR                            
0     0000b1ae  _ECAP1_ISR                            
0     0000b1b8  _ECAP2_ISR                            
0     0000b1c2  _ECAP3_ISR                            
0     0000b1cc  _ECAP4_ISR                            
0     0000b1d6  _ECAP5_ISR                            
0     0000b1e0  _ECAP6_ISR                            
0     0000b1ea  _EQEP1_ISR                            
0     0000b1f4  _EQEP2_ISR                            
0     0000b1fe  _EQEP3_ISR                            
0     0000b208  _SPIA_RX_ISR                          
0     0000b212  _SPIA_TX_ISR                          
0     0000b21c  _SPIB_RX_ISR                          
0     0000b226  _SPIB_TX_ISR                          
0     0000b230  _MCBSPA_RX_ISR                        
0     0000b23a  _MCBSPA_TX_ISR                        
0     0000b244  _MCBSPB_RX_ISR                        
0     0000b24e  _MCBSPB_TX_ISR                        
0     0000b258  _DMA_CH1_ISR                          
0     0000b262  _DMA_CH2_ISR                          
0     0000b26c  _DMA_CH3_ISR                          
0     0000b276  _DMA_CH4_ISR                          
0     0000b280  _DMA_CH5_ISR                          
0     0000b28a  _DMA_CH6_ISR                          
0     0000b294  _I2CA_ISR                             
0     0000b29e  _I2CA_FIFO_ISR                        
0     0000b2a8  _I2CB_ISR                             
0     0000b2b2  _I2CB_FIFO_ISR                        
0     0000b2bc  _SCIC_RX_ISR                          
0     0000b2c6  _SCIC_TX_ISR                          
0     0000b2d0  _SCID_RX_ISR                          
0     0000b2da  _SCID_TX_ISR                          
0     0000b2e4  _SCIA_RX_ISR                          
0     0000b2ee  _SCIA_TX_ISR                          
0     0000b2f8  _SCIB_RX_ISR                          
0     0000b302  _SCIB_TX_ISR                          
0     0000b30c  _CANA0_ISR                            
0     0000b316  _CANA1_ISR                            
0     0000b320  _CANB0_ISR                            
0     0000b32a  _CANB1_ISR                            
0     0000b334  _ADCA_EVT_ISR                         
0     0000b33e  _ADCA2_ISR                            
0     0000b348  _ADCA3_ISR                            
0     0000b352  _ADCA4_ISR                            
0     0000b35c  _ADCB_EVT_ISR                         
0     0000b366  _ADCB2_ISR                            
0     0000b370  _ADCB3_ISR                            
0     0000b37a  _ADCB4_ISR                            
0     0000b384  _CLA1_1_ISR                           
0     0000b38e  _CLA1_2_ISR                           
0     0000b398  _CLA1_3_ISR                           
0     0000b3a2  _CLA1_4_ISR                           
0     0000b3ac  _CLA1_5_ISR                           
0     0000b3b6  _CLA1_6_ISR                           
0     0000b3c0  _CLA1_7_ISR                           
0     0000b3ca  _CLA1_8_ISR                           
0     0000b3d4  _XINT3_ISR                            
0     0000b3de  _XINT4_ISR                            
0     0000b3e8  _XINT5_ISR                            
0     0000b3f2  _VCU_ISR                              
0     0000b3fc  _FPU_OVERFLOW_ISR                     
0     0000b406  _FPU_UNDERFLOW_ISR                    
0     0000b410  _IPC0_ISR                             
0     0000b41a  _IPC1_ISR                             
0     0000b424  _IPC2_ISR                             
0     0000b42e  _IPC3_ISR                             
0     0000b438  _EPWM9_TZ_ISR                         
0     0000b442  _EPWM10_TZ_ISR                        
0     0000b44c  _EPWM11_TZ_ISR                        
0     0000b456  _EPWM12_TZ_ISR                        
0     0000b460  _EPWM9_ISR                            
0     0000b46a  _EPWM10_ISR                           
0     0000b474  _EPWM11_ISR                           
0     0000b47e  _EPWM12_ISR                           
0     0000b488  _SD1_ISR                              
0     0000b492  _SD2_ISR                              
0     0000b49c  _SPIC_RX_ISR                          
0     0000b4a6  _SPIC_TX_ISR                          
0     0000b4b0  _UPPA_ISR                             
0     0000b4ba  _USBA_ISR                             
0     0000b4c4  _ADCC_EVT_ISR                         
0     0000b4ce  _ADCC2_ISR                            
0     0000b4d8  _ADCC3_ISR                            
0     0000b4e2  _ADCC4_ISR                            
0     0000b4ec  _ADCD_EVT_ISR                         
0     0000b4f6  _ADCD2_ISR                            
0     0000b500  _ADCD3_ISR                            
0     0000b50a  _ADCD4_ISR                            
0     0000b514  _EMIF_ERROR_ISR                       
0     0000b51e  _RAM_CORRECTABLE_ERROR_ISR            
0     0000b528  _FLASH_CORRECTABLE_ERROR_ISR          
0     0000b532  _RAM_ACCESS_VIOLATION_ISR             
0     0000b53c  _SYS_PLL_SLIP_ISR                     
0     0000b546  _AUX_PLL_SLIP_ISR                     
0     0000b550  _CLA_OVERFLOW_ISR                     
0     0000b55a  _CLA_UNDERFLOW_ISR                    
0     0000b564  _PIE_RESERVED_ISR                     
0     0000b56e  _EMPTY_ISR                            
0     0000b57b  _NOTUSED_ISR                          
0     0000b585  _AdcSetMode                           
0     0000b63b  _CalAdcINL                            
0     0000b675  _BlueTooth_send                       
0     0000b69b  _adjust_receivedata                   
0     0000b6cc  _HC_06_Init                           
0     0000b713  _char_float                           
0     0000b729  _char_int                             
0     0000b73f  _char_short                           
0     0000b756  _RFFT_f32_mag                         
0     0000b7f2  _InitEpie                             
0     0000b7fd  _SetDBGIER                            
0     0000b800  _InitSysCtrl                          
0     0000b820  _InitPeripheralClocks                 
0     0000b8a4  _DisablePeripheralClocks              
0     0000b8bc  _SeizeFlashPump                       
0     0000b8cb  _ReleaseFlashPump                     
0     0000b8d5  _ServiceDog                           
0     0000b8e3  _DisableDog                           
0     0000b8f1  _InitSysPll                           
0     0000bae0  _InitAuxPll                           
0     0000bbcf  _CsmUnlock                            
0     0000bbf0  _SysIntOsc1Sel                        
0     0000bc00  _SysIntOsc2Sel                        
0     0000bc14  _SysXtalOscSel                        
0     0000bc24  _AuxIntOsc2Sel                        
0     0000bc2e  _AuxXtalOscSel                        
0     0000bc3a  _AuxAuxClkSel                         
0     0000bc44  _IDLE                                 
0     0000bc4d  _STANDBY                              
0     0000bc58  _HALT                                 
0     0000bc71  _HIB                                  
0     0000bc8e  _ConfigureTMXAnalogTrim               
0     0000bcab  _atan2                                
0     0000bcab  _atan2f                               
0     0000bd7d  _atan                                 
0     0000bd7d  _atanf                                
0     0000be47  _ConfigureADC                         
0     0000beab  _SetupADCAEpwm1                       
0     0000bede  _SetupADCBEpwm1                       
0     0000befe  _Wait_ADC_ENDING                      
0     0000bf05  _ConfigureSCIB                        
0     0000bf3d  _scib_send                            
0     0000bf46  _scib_send_string                     
0     0000bf5a  _scib_read                            
0     0000bf63  _ConfigureSCIC                        
0     0000bf9b  _scic_send                            
0     0000bfa4  _scic_read                            
0     0000bfad  _scic_send_string                     
0     0000bfc1  _ConfigureEPWM1                       
0     0000bfde  _StartEPWM1                           
0     0000bff0  _StopEPWM1                            
0     0000bffc  __system_pre_init                     
1     00000b00  _AdcaResultRegs                       
1     00000b20  _AdcbResultRegs                       
1     00000b40  _AdccResultRegs                       
1     00000b60  _AdcdResultRegs                       
1     00000c00  _CpuTimer0Regs                        
1     00000c08  _CpuTimer1Regs                        
1     00000c10  _CpuTimer2Regs                        
1     00000ce0  _PieCtrlRegs                          
1     00000d00  _PieVectTable                         
1     00001000  _DmaRegs                              
1     00001400  _Cla1Regs                             
1     00003000  _Clb1LogicCfgRegs                     
1     00003100  _Clb1LogicCtrlRegs                    
1     00003200  _Clb1DataExchRegs                     
1     00003400  _Clb2LogicCfgRegs                     
1     00003500  _Clb2LogicCtrlRegs                    
1     00003600  _Clb2DataExchRegs                     
1     00003800  _Clb3LogicCfgRegs                     
1     00003900  _Clb3LogicCtrlRegs                    
1     00003a00  _Clb3DataExchRegs                     
1     00003c00  _Clb4LogicCfgRegs                     
1     00003d00  _Clb4LogicCtrlRegs                    
1     00003e00  _Clb4DataExchRegs                     
1     00004000  _EPwm1Regs                            
1     00004100  _EPwm2Regs                            
1     00004200  _EPwm3Regs                            
1     00004300  _EPwm4Regs                            
1     00004400  _EPwm5Regs                            
1     00004500  _EPwm6Regs                            
1     00004600  _EPwm7Regs                            
1     00004700  _EPwm8Regs                            
1     00004800  _EPwm9Regs                            
1     00004900  _EPwm10Regs                           
1     00004a00  _EPwm11Regs                           
1     00004b00  _EPwm12Regs                           
1     00005000  _ECap1Regs                            
1     00005020  _ECap2Regs                            
1     00005040  _ECap3Regs                            
1     00005060  _ECap4Regs                            
1     00005080  _ECap5Regs                            
1     000050a0  _ECap6Regs                            
1     00005100  _EQep1Regs                            
1     00005140  _EQep2Regs                            
1     00005180  _EQep3Regs                            
1     00005c00  _DacaRegs                             
1     00005c10  _DacbRegs                             
1     00005c20  _DaccRegs                             
1     00005c80  _Cmpss1Regs                           
1     00005ca0  _Cmpss2Regs                           
1     00005cc0  _Cmpss3Regs                           
1     00005ce0  _Cmpss4Regs                           
1     00005d00  _Cmpss5Regs                           
1     00005d20  _Cmpss6Regs                           
1     00005d40  _Cmpss7Regs                           
1     00005d60  _Cmpss8Regs                           
1     00005e00  _Sdfm1Regs                            
1     00005e80  _Sdfm2Regs                            
1     00006000  _McbspaRegs                           
1     00006040  _McbspbRegs                           
1     00006100  _SpiaRegs                             
1     00006110  _SpibRegs                             
1     00006120  _SpicRegs                             
1     00006200  _UppRegs                              
1     00007000  _WdRegs                               
1     00007060  _NmiIntruptRegs                       
1     00007070  _XintRegs                             
1     00007200  _SciaRegs                             
1     00007210  _ScibRegs                             
1     00007220  _ScicRegs                             
1     00007230  _ScidRegs                             
1     00007300  _I2caRegs                             
1     00007340  _I2cbRegs                             
1     00007400  _AdcaRegs                             
1     00007480  _AdcbRegs                             
1     00007500  _AdccRegs                             
1     00007580  _AdcdRegs                             
1     00007900  _InputXbarRegs                        
1     00007920  _XbarRegs                             
1     00007940  _SyncSocRegs                          
1     00007980  _DmaClaSrcSelRegs                     
1     00007a00  _EPwmXbarRegs                         
1     00007a40  _ClbXbarRegs                          
1     00007a80  _OutputXbarRegs                       
1     00007c00  _GpioCtrlRegs                         
1     00007f00  _GpioDataRegs                         
1     0000a000  __sys_memory                          
1     0000a400  _PieVectTableInit                     
1     0000a5ee  __stack                               
1     0000a7ee  __STACK_END                           
1     0000a800  _TRIP_SEL                             
1     0000a81e  _EPWM                                 
1     0000a838  _EQEP                                 
1     0000a840  _CpuTimer0                            
1     0000a848  _CpuTimer1                            
1     0000a850  _CpuTimer2                            
1     0000a858  _hnd_rfft_adc                         
1     0000a85a  _hnd_rfft                             
1     0000a85c  _rfft_adc                             
1     0000a860  _rfft                                 
1     0000a86c  _flagInputReady                       
1     0000a86d  _sampleIndex                          
1     0000a86e  _bluetooth_d                          
1     0000a87b  _deviceOpen                           
1     0000a87c  _I2C                                  
1     0000a880  _ECAP                                 
1     0000a88e  _ADC                                  
1     0000a898  _SPI                                  
1     0000a8a0  _tempSensor_tempSlope                 
1     0000a8a2  _tempSensor_tempOffset                
1     0000a8a4  _tempSensor_scaleFactor               
1     0000a8a6  _SDFM                                 
1     0000a8ac  ___TI_enable_exit_profile_output      
1     0000a8ae  ___TI_cleanup_ptr                     
1     0000a8b0  ___TI_dtors_ptr                       
1     0000a8b2  _MCBSP                                
1     0000a8b6  _SCI                                  
1     0000a8be  __lock                                
1     0000a8c0  __unlock                              
1     0000a8c4  _errno                                
1     00010000  _RFFTin1Buff                          
1     00012000  _RFFTphaseBuff                        
1     00012200  _RFFTmagBuff                          
1     00014000  _RFFToutBuff                          
1     00016000  _RFFTF32Coef                          
1     00047000  _Emif1Regs                            
1     00047800  _Emif2Regs                            
1     00048000  _CanaRegs                             
1     0004a000  _CanbRegs                             
1     00050000  _IpcRegs                              
1     00050024  _FlashPumpSemaphoreRegs               
1     0005d000  _DevCfgRegs                           
1     0005d180  _AnalogSubsysRegs                     
1     0005d200  _ClkCfgRegs                           
1     0005d300  _CpuSysRegs                           
1     0005e608  _RomPrefetchRegs                      
1     0005f000  _DcsmZ1Regs                           
1     0005f040  _DcsmZ2Regs                           
1     0005f070  _DcsmCommonRegs                       
1     0005f400  _MemCfgRegs                           
1     0005f480  _Emif1ConfigRegs                      
1     0005f4a0  _Emif2ConfigRegs                      
1     0005f4c0  _AccessProtectionRegs                 
1     0005f500  _MemoryErrorRegs                      
1     0005f540  _RomWaitStateRegs                     
1     0005f800  _Flash0CtrlRegs                       
1     0005fb00  _Flash0EccRegs                        
abs   00000200  __STACK_SIZE                          
abs   00000400  __SYSMEM_SIZE                         
abs   ffffffff  .text                                 
abs   ffffffff  ___TI_pprof_out_hndl                  
abs   ffffffff  ___TI_prof_data_size                  
abs   ffffffff  ___TI_prof_data_start                 
abs   ffffffff  ___binit__                            
abs   ffffffff  ___c_args__                           
abs   ffffffff  ___etext__                            
abs   ffffffff  ___pinit__                            
abs   ffffffff  ___text__                             
abs   ffffffff  binit                                 
abs   ffffffff  etext                                 
abs   ffffffff  pinit                                 

[413 symbols]
