<?xml version="1.0" encoding="ISO-8859-1" ?>
<link_info>
   <banner>TMS320C2000 Linker PC v22.6.0.LTS</banner>
   <copyright>Copyright (c) 1996-2018 Texas Instruments Incorporated</copyright>
   <link_time>0x685f4c81</link_time>
   <link_errors>0x0</link_errors>
   <output_file>adc_soc_multiple_epwm.out</output_file>
   <entry_point>
      <name>code_start</name>
      <address>0x0</address>
   </entry_point>
   <input_file_list>
      <input_file id="fl-2">
         <path>.\</path>
         <kind>object</kind>
         <file>adc_multiple_soc_epwm.obj</file>
         <name>adc_multiple_soc_epwm.obj</name>
      </input_file>
      <input_file id="fl-3">
         <path>.\syscfg\</path>
         <kind>object</kind>
         <file>board.obj</file>
         <name>board.obj</name>
      </input_file>
      <input_file id="fl-4">
         <path>.\device\</path>
         <kind>object</kind>
         <file>F2837xD_CodeStartBranch.obj</file>
         <name>F2837xD_CodeStartBranch.obj</name>
      </input_file>
      <input_file id="fl-5">
         <path>.\device\</path>
         <kind>object</kind>
         <file>device.obj</file>
         <name>device.obj</name>
      </input_file>
      <input_file id="fl-b">
         <kind>object</kind>
         <file>&lt;internal&gt;</file>
         <name>&lt;internal&gt;</name>
      </input_file>
      <input_file id="fl-12">
         <path>D:\ti\c2000\C2000Ware_4_00_00_00\driverlib\f2837xd\driverlib\ccs\Debug\</path>
         <kind>archive</kind>
         <file>driverlib_eabi.lib</file>
         <name>adc.obj</name>
      </input_file>
      <input_file id="fl-13">
         <path>D:\ti\c2000\C2000Ware_4_00_00_00\driverlib\f2837xd\driverlib\ccs\Debug\</path>
         <kind>archive</kind>
         <file>driverlib_eabi.lib</file>
         <name>dma.obj</name>
      </input_file>
      <input_file id="fl-14">
         <path>D:\ti\c2000\C2000Ware_4_00_00_00\driverlib\f2837xd\driverlib\ccs\Debug\</path>
         <kind>archive</kind>
         <file>driverlib_eabi.lib</file>
         <name>gpio.obj</name>
      </input_file>
      <input_file id="fl-15">
         <path>D:\ti\c2000\C2000Ware_4_00_00_00\driverlib\f2837xd\driverlib\ccs\Debug\</path>
         <kind>archive</kind>
         <file>driverlib_eabi.lib</file>
         <name>interrupt.obj</name>
      </input_file>
      <input_file id="fl-16">
         <path>D:\ti\c2000\C2000Ware_4_00_00_00\driverlib\f2837xd\driverlib\ccs\Debug\</path>
         <kind>archive</kind>
         <file>driverlib_eabi.lib</file>
         <name>sysctl.obj</name>
      </input_file>
      <input_file id="fl-22">
         <path>D:\ti\ccs1210\ccs\tools\compiler\ti-cgt-c2000_22.6.0.LTS\lib\</path>
         <kind>archive</kind>
         <file>rts2800_fpu32_eabi.lib</file>
         <name>boot28.asm.obj</name>
      </input_file>
      <input_file id="fl-23">
         <path>D:\ti\ccs1210\ccs\tools\compiler\ti-cgt-c2000_22.6.0.LTS\lib\</path>
         <kind>archive</kind>
         <file>rts2800_fpu32_eabi.lib</file>
         <name>fs_div28.asm.obj</name>
      </input_file>
      <input_file id="fl-24">
         <path>D:\ti\ccs1210\ccs\tools\compiler\ti-cgt-c2000_22.6.0.LTS\lib\</path>
         <kind>archive</kind>
         <file>rts2800_fpu32_eabi.lib</file>
         <name>pre_init.c.obj</name>
      </input_file>
      <input_file id="fl-25">
         <path>D:\ti\ccs1210\ccs\tools\compiler\ti-cgt-c2000_22.6.0.LTS\lib\</path>
         <kind>archive</kind>
         <file>rts2800_fpu32_eabi.lib</file>
         <name>autoinit.c.obj</name>
      </input_file>
      <input_file id="fl-26">
         <path>D:\ti\ccs1210\ccs\tools\compiler\ti-cgt-c2000_22.6.0.LTS\lib\</path>
         <kind>archive</kind>
         <file>rts2800_fpu32_eabi.lib</file>
         <name>copy_zero_init.c.obj</name>
      </input_file>
      <input_file id="fl-27">
         <path>D:\ti\ccs1210\ccs\tools\compiler\ti-cgt-c2000_22.6.0.LTS\lib\</path>
         <kind>archive</kind>
         <file>rts2800_fpu32_eabi.lib</file>
         <name>copy_decompress_none.c.obj</name>
      </input_file>
      <input_file id="fl-28">
         <path>D:\ti\ccs1210\ccs\tools\compiler\ti-cgt-c2000_22.6.0.LTS\lib\</path>
         <kind>archive</kind>
         <file>rts2800_fpu32_eabi.lib</file>
         <name>copy_decompress_lzss.c.obj</name>
      </input_file>
      <input_file id="fl-29">
         <path>D:\ti\ccs1210\ccs\tools\compiler\ti-cgt-c2000_22.6.0.LTS\lib\</path>
         <kind>archive</kind>
         <file>rts2800_fpu32_eabi.lib</file>
         <name>exit.c.obj</name>
      </input_file>
      <input_file id="fl-2a">
         <path>D:\ti\ccs1210\ccs\tools\compiler\ti-cgt-c2000_22.6.0.LTS\lib\</path>
         <kind>archive</kind>
         <file>rts2800_fpu32_eabi.lib</file>
         <name>_lock.c.obj</name>
      </input_file>
      <input_file id="fl-2b">
         <path>D:\ti\ccs1210\ccs\tools\compiler\ti-cgt-c2000_22.6.0.LTS\lib\</path>
         <kind>archive</kind>
         <file>rts2800_fpu32_eabi.lib</file>
         <name>args_main.c.obj</name>
      </input_file>
      <input_file id="fl-2c">
         <path>D:\ti\ccs1210\ccs\tools\compiler\ti-cgt-c2000_22.6.0.LTS\lib\</path>
         <kind>archive</kind>
         <file>rts2800_fpu32_eabi.lib</file>
         <name>memset.c.obj</name>
      </input_file>
      <input_file id="fl-2d">
         <path>D:\ti\ccs1210\ccs\tools\compiler\ti-cgt-c2000_22.6.0.LTS\lib\</path>
         <kind>archive</kind>
         <file>rts2800_fpu32_eabi.lib</file>
         <name>cpy_tbl.c.obj</name>
      </input_file>
      <input_file id="fl-2e">
         <path>D:\ti\ccs1210\ccs\tools\compiler\ti-cgt-c2000_22.6.0.LTS\lib\</path>
         <kind>archive</kind>
         <file>rts2800_fpu32_eabi.lib</file>
         <name>memcpy.c.obj</name>
      </input_file>
      <input_file id="fl-2f">
         <path>D:\ti\ccs1210\ccs\tools\compiler\ti-cgt-c2000_22.6.0.LTS\lib\</path>
         <kind>archive</kind>
         <file>rts2800_fpu32_eabi.lib</file>
         <name>startup.c.obj</name>
      </input_file>
   </input_file_list>
   <object_component_list>
      <object_component id="oc-2d">
         <name>codestart</name>
         <load_address>0x0</load_address>
         <run_address>0x0</run_address>
         <size>0x2</size>
         <input_file_ref idref="fl-4"/>
      </object_component>
      <object_component id="oc-bd">
         <name>.text:SysCtl_setClock</name>
         <load_address>0x8000</load_address>
         <run_address>0x8000</run_address>
         <size>0x207</size>
         <input_file_ref idref="fl-16"/>
      </object_component>
      <object_component id="oc-73">
         <name>.text</name>
         <load_address>0x8207</load_address>
         <run_address>0x8207</run_address>
         <size>0x1ea</size>
         <input_file_ref idref="fl-3"/>
      </object_component>
      <object_component id="oc-8e">
         <name>.text:DMA_configMode</name>
         <load_address>0x83f1</load_address>
         <run_address>0x83f1</run_address>
         <size>0xa3</size>
         <input_file_ref idref="fl-13"/>
      </object_component>
      <object_component id="oc-158">
         <name>.text</name>
         <load_address>0x8494</load_address>
         <run_address>0x8494</run_address>
         <size>0x88</size>
         <input_file_ref idref="fl-23"/>
      </object_component>
      <object_component id="oc-1d8">
         <name>.text:SysCtl_selectXTAL</name>
         <load_address>0x851c</load_address>
         <run_address>0x851c</run_address>
         <size>0x6b</size>
         <input_file_ref idref="fl-16"/>
      </object_component>
      <object_component id="oc-b7">
         <name>.text:SysCtl_getDeviceParametric</name>
         <load_address>0x8587</load_address>
         <run_address>0x8587</run_address>
         <size>0x68</size>
         <input_file_ref idref="fl-16"/>
      </object_component>
      <object_component id="oc-185">
         <name>.text:ADC_setOffsetTrim</name>
         <load_address>0x85ef</load_address>
         <run_address>0x85ef</run_address>
         <size>0x64</size>
         <input_file_ref idref="fl-12"/>
      </object_component>
      <object_component id="oc-14c">
         <name>.text:SysCtl_selectOscSource</name>
         <load_address>0x8653</load_address>
         <run_address>0x8653</run_address>
         <size>0x54</size>
         <input_file_ref idref="fl-16"/>
      </object_component>
      <object_component id="oc-c3">
         <name>.text:SysCtl_getClock</name>
         <load_address>0x86a7</load_address>
         <run_address>0x86a7</run_address>
         <size>0x51</size>
         <input_file_ref idref="fl-16"/>
      </object_component>
      <object_component id="oc-67">
         <name>.text:Interrupt_initModule</name>
         <load_address>0x86f8</load_address>
         <run_address>0x86f8</run_address>
         <size>0x3d</size>
         <input_file_ref idref="fl-15"/>
      </object_component>
      <object_component id="oc-e2">
         <name>.text:GPIO_setMasterCore</name>
         <load_address>0x8735</load_address>
         <run_address>0x8735</run_address>
         <size>0x38</size>
         <input_file_ref idref="fl-14"/>
      </object_component>
      <object_component id="oc-d6">
         <name>.text:GPIO_setQualificationMode</name>
         <load_address>0x876d</load_address>
         <run_address>0x876d</run_address>
         <size>0x38</size>
         <input_file_ref idref="fl-14"/>
      </object_component>
      <object_component id="oc-dc">
         <name>.text:GPIO_setPinConfig</name>
         <load_address>0x87a5</load_address>
         <run_address>0x87a5</run_address>
         <size>0x37</size>
         <input_file_ref idref="fl-14"/>
      </object_component>
      <object_component id="oc-226">
         <name>.text:CPUTimer_selectClockSource</name>
         <load_address>0x87dc</load_address>
         <run_address>0x87dc</run_address>
         <size>0x24</size>
         <input_file_ref idref="fl-16"/>
      </object_component>
      <object_component id="oc-94">
         <name>.text:Interrupt_enable</name>
         <load_address>0x8800</load_address>
         <run_address>0x8800</run_address>
         <size>0x34</size>
         <input_file_ref idref="fl-15"/>
      </object_component>
      <object_component id="oc-32">
         <name>.text:retain</name>
         <load_address>0x8834</load_address>
         <run_address>0x8834</run_address>
         <size>0x32</size>
         <input_file_ref idref="fl-2"/>
      </object_component>
      <object_component id="oc-d0">
         <name>.text:GPIO_setDirectionMode</name>
         <load_address>0x8866</load_address>
         <run_address>0x8866</run_address>
         <size>0x31</size>
         <input_file_ref idref="fl-14"/>
      </object_component>
      <object_component id="oc-109">
         <name>.text:ADC_setMode</name>
         <load_address>0x8897</load_address>
         <run_address>0x8897</run_address>
         <size>0x2f</size>
         <input_file_ref idref="fl-12"/>
      </object_component>
      <object_component id="oc-20">
         <name>.text:decompress:lzss</name>
         <load_address>0x88c6</load_address>
         <run_address>0x88c6</run_address>
         <size>0x2e</size>
         <input_file_ref idref="fl-28"/>
      </object_component>
      <object_component id="oc-19a">
         <name>.text:__TI_auto_init_nobinit_nopinit</name>
         <load_address>0x88f4</load_address>
         <run_address>0x88f4</run_address>
         <size>0x2b</size>
         <input_file_ref idref="fl-25"/>
      </object_component>
      <object_component id="oc-88">
         <name>.text:DMA_configTransfer</name>
         <load_address>0x891f</load_address>
         <run_address>0x891f</run_address>
         <size>0x29</size>
         <input_file_ref idref="fl-13"/>
      </object_component>
      <object_component id="oc-114">
         <name>.text:DMA_isBaseValid</name>
         <load_address>0x8948</load_address>
         <run_address>0x8948</run_address>
         <size>0x29</size>
         <input_file_ref idref="fl-13"/>
      </object_component>
      <object_component id="oc-13c">
         <name>.text</name>
         <load_address>0x8971</load_address>
         <run_address>0x8971</run_address>
         <size>0x29</size>
         <input_file_ref idref="fl-29"/>
      </object_component>
      <object_component id="oc-7c">
         <name>.text:DMA_configAddresses</name>
         <load_address>0x899a</load_address>
         <run_address>0x899a</run_address>
         <size>0x25</size>
         <input_file_ref idref="fl-13"/>
      </object_component>
      <object_component id="oc-82">
         <name>.text:DMA_configBurst</name>
         <load_address>0x89bf</load_address>
         <run_address>0x89bf</run_address>
         <size>0x24</size>
         <input_file_ref idref="fl-13"/>
      </object_component>
      <object_component id="oc-25f">
         <name>.text:CPUTimer_getTimerOverflowStatus</name>
         <load_address>0x89e3</load_address>
         <run_address>0x89e3</run_address>
         <size>0x20</size>
         <input_file_ref idref="fl-16"/>
      </object_component>
      <object_component id="oc-178">
         <name>.text:ADC_isBaseValid</name>
         <load_address>0x8a03</load_address>
         <run_address>0x8a03</run_address>
         <size>0x1f</size>
         <input_file_ref idref="fl-12"/>
      </object_component>
      <object_component id="oc-6d">
         <name>.text:Interrupt_initVectorTable</name>
         <load_address>0x8a22</load_address>
         <run_address>0x8a22</run_address>
         <size>0x1e</size>
         <input_file_ref idref="fl-15"/>
      </object_component>
      <object_component id="oc-41">
         <name>.text</name>
         <load_address>0x8a40</load_address>
         <run_address>0x8a40</run_address>
         <size>0x1d</size>
         <input_file_ref idref="fl-2e"/>
      </object_component>
      <object_component id="oc-232">
         <name>.text:CPUTimer_startTimer</name>
         <load_address>0x8a5d</load_address>
         <run_address>0x8a5d</run_address>
         <size>0x1b</size>
         <input_file_ref idref="fl-16"/>
      </object_component>
      <object_component id="oc-253">
         <name>.text:CPUTimer_isBaseValid</name>
         <load_address>0x8a78</load_address>
         <run_address>0x8a78</run_address>
         <size>0x1a</size>
         <input_file_ref idref="fl-16"/>
      </object_component>
      <object_component id="oc-ca">
         <name>.text:SysCtl_getLowSpeedClock</name>
         <load_address>0x8a92</load_address>
         <run_address>0x8a92</run_address>
         <size>0x1a</size>
         <input_file_ref idref="fl-16"/>
      </object_component>
      <object_component id="oc-238">
         <name>.text:SysCtl_pollCpuTimer</name>
         <load_address>0x8aac</load_address>
         <run_address>0x8aac</run_address>
         <size>0x19</size>
         <input_file_ref idref="fl-16"/>
      </object_component>
      <object_component id="oc-ac">
         <name>.text</name>
         <load_address>0x8ac5</load_address>
         <run_address>0x8ac5</run_address>
         <size>0x17</size>
         <input_file_ref idref="fl-22"/>
      </object_component>
      <object_component id="oc-21a">
         <name>.text:CPUTimer_stopTimer</name>
         <load_address>0x8adc</load_address>
         <run_address>0x8adc</run_address>
         <size>0x14</size>
         <input_file_ref idref="fl-16"/>
      </object_component>
      <object_component id="oc-22c">
         <name>.text:CPUTimer_clearOverflowFlag</name>
         <load_address>0x8af0</load_address>
         <run_address>0x8af0</run_address>
         <size>0x12</size>
         <input_file_ref idref="fl-16"/>
      </object_component>
      <object_component id="oc-214">
         <name>.text:CPUTimer_disableInterrupt</name>
         <load_address>0x8b02</load_address>
         <run_address>0x8b02</run_address>
         <size>0x12</size>
         <input_file_ref idref="fl-16"/>
      </object_component>
      <object_component id="oc-220">
         <name>.text:CPUTimer_setPeriod</name>
         <load_address>0x8b14</load_address>
         <run_address>0x8b14</run_address>
         <size>0x12</size>
         <input_file_ref idref="fl-16"/>
      </object_component>
      <object_component id="oc-160">
         <name>.text:GPIO_isPinValid</name>
         <load_address>0x8b26</load_address>
         <run_address>0x8b26</run_address>
         <size>0xe</size>
         <input_file_ref idref="fl-14"/>
      </object_component>
      <object_component id="oc-f5">
         <name>.text:Interrupt_defaultHandler</name>
         <load_address>0x8b34</load_address>
         <run_address>0x8b34</run_address>
         <size>0xe</size>
         <input_file_ref idref="fl-15"/>
      </object_component>
      <object_component id="oc-ed">
         <name>.text:Interrupt_disableMaster</name>
         <load_address>0x8b42</load_address>
         <run_address>0x8b42</run_address>
         <size>0xd</size>
         <input_file_ref idref="fl-15"/>
      </object_component>
      <object_component id="oc-120">
         <name>.text:Interrupt_enableMaster</name>
         <load_address>0x8b4f</load_address>
         <run_address>0x8b4f</run_address>
         <size>0xd</size>
         <input_file_ref idref="fl-15"/>
      </object_component>
      <object_component id="oc-49">
         <name>.text:decompress:ZI:__TI_zero_init_nomemset</name>
         <load_address>0x8b5c</load_address>
         <run_address>0x8b5c</run_address>
         <size>0xd</size>
         <input_file_ref idref="fl-26"/>
      </object_component>
      <object_component id="oc-146">
         <name>.text:SysCtl_isMCDClockFailureDetected</name>
         <load_address>0x8b69</load_address>
         <run_address>0x8b69</run_address>
         <size>0xb</size>
         <input_file_ref idref="fl-16"/>
      </object_component>
      <object_component id="oc-152">
         <name>.text:SysCtl_serviceWatchdog</name>
         <load_address>0x8b74</load_address>
         <run_address>0x8b74</run_address>
         <size>0x9</size>
         <input_file_ref idref="fl-16"/>
      </object_component>
      <object_component id="oc-208">
         <name>.text</name>
         <load_address>0x8b7d</load_address>
         <run_address>0x8b7d</run_address>
         <size>0x9</size>
         <input_file_ref idref="fl-2a"/>
      </object_component>
      <object_component id="oc-55">
         <name>.text</name>
         <load_address>0x8b86</load_address>
         <run_address>0x8b86</run_address>
         <size>0x8</size>
         <input_file_ref idref="fl-4"/>
      </object_component>
      <object_component id="oc-26">
         <name>.text:decompress:none</name>
         <load_address>0x8b8e</load_address>
         <run_address>0x8b8e</run_address>
         <size>0x8</size>
         <input_file_ref idref="fl-27"/>
      </object_component>
      <object_component id="oc-23e">
         <name>.text:SysCtl_resetMCD</name>
         <load_address>0x8b96</load_address>
         <run_address>0x8b96</run_address>
         <size>0x7</size>
         <input_file_ref idref="fl-16"/>
      </object_component>
      <object_component id="oc-101">
         <name>.text:Interrupt_illegalOperationHandler</name>
         <load_address>0x8b9d</load_address>
         <run_address>0x8b9d</run_address>
         <size>0x2</size>
         <input_file_ref idref="fl-15"/>
      </object_component>
      <object_component id="oc-fb">
         <name>.text:Interrupt_nmiHandler</name>
         <load_address>0x8b9f</load_address>
         <run_address>0x8b9f</run_address>
         <size>0x2</size>
         <input_file_ref idref="fl-15"/>
      </object_component>
      <object_component id="oc-12f">
         <name>.text</name>
         <load_address>0x8ba1</load_address>
         <run_address>0x8ba1</run_address>
         <size>0x2</size>
         <input_file_ref idref="fl-24"/>
      </object_component>
      <object_component id="oc-1ee">
         <name>.text</name>
         <load_address>0x8ba3</load_address>
         <run_address>0x8ba3</run_address>
         <size>0x1</size>
         <input_file_ref idref="fl-2f"/>
      </object_component>
      <object_component id="oc-61">
         <name>.text</name>
         <load_address>0xb000</load_address>
         <run_address>0xb000</run_address>
         <size>0x3fa</size>
         <input_file_ref idref="fl-5"/>
      </object_component>
      <object_component id="oc-38">
         <name>.text</name>
         <load_address>0xb3fa</load_address>
         <run_address>0xb3fa</run_address>
         <size>0x387</size>
         <input_file_ref idref="fl-2"/>
      </object_component>
      <object_component id="oc-17f">
         <name>.text:ADC_setINLTrim</name>
         <load_address>0xb781</load_address>
         <run_address>0xb781</run_address>
         <size>0x73</size>
         <input_file_ref idref="fl-12"/>
      </object_component>
      <object_component id="oc-136">
         <name>.text</name>
         <load_address>0xb7f4</load_address>
         <run_address>0xb7f4</run_address>
         <size>0xc</size>
         <input_file_ref idref="fl-2b"/>
      </object_component>
      <object_component id="oc-2a5">
         <name>.cinit..data.load</name>
         <load_address>0x128</load_address>
         <run_address>0x128</run_address>
         <size>0x9</size>
      </object_component>
      <object_component id="oc-2a2">
         <name>__TI_handler_table</name>
         <load_address>0x132</load_address>
         <run_address>0x132</run_address>
         <size>0x6</size>
      </object_component>
      <object_component id="oc-2a4">
         <name>.cinit..bss.load</name>
         <load_address>0x138</load_address>
         <run_address>0x138</run_address>
         <size>0x4</size>
      </object_component>
      <object_component id="oc-2a6">
         <name>.cinit.ramgs0.load</name>
         <load_address>0x13c</load_address>
         <run_address>0x13c</run_address>
         <size>0x4</size>
      </object_component>
      <object_component id="oc-2a3">
         <name>__TI_cinit_table</name>
         <load_address>0x140</load_address>
         <run_address>0x140</run_address>
         <size>0xc</size>
      </object_component>
      <object_component id="oc-3e">
         <name>.stack</name>
         <uninitialized>true</uninitialized>
         <run_address>0x400</run_address>
         <size>0x0</size>
         <input_file_ref idref="fl-22"/>
      </object_component>
      <object_component id="oc-2a7">
         <name>.stack</name>
         <uninitialized>true</uninitialized>
         <run_address>0x400</run_address>
         <size>0x0</size>
      </object_component>
      <object_component id="oc-5b">
         <name>.bss</name>
         <uninitialized>true</uninitialized>
         <run_address>0xab2a</run_address>
         <size>0x2</size>
         <input_file_ref idref="fl-2"/>
      </object_component>
      <object_component id="oc-145">
         <name>.const:.string</name>
         <load_address>0xa800</load_address>
         <run_address>0xa800</run_address>
         <size>0xc2</size>
         <input_file_ref idref="fl-16"/>
      </object_component>
      <object_component id="oc-166">
         <name>.const:.string</name>
         <load_address>0xa8c2</load_address>
         <run_address>0xa8c2</run_address>
         <size>0xbc</size>
         <input_file_ref idref="fl-14"/>
      </object_component>
      <object_component id="oc-60">
         <name>.const:.string</name>
         <load_address>0xa97e</load_address>
         <run_address>0xa97e</run_address>
         <size>0x88</size>
         <input_file_ref idref="fl-2"/>
      </object_component>
      <object_component id="oc-17e">
         <name>.const:.string</name>
         <load_address>0xaa06</load_address>
         <run_address>0xaa06</run_address>
         <size>0x5d</size>
         <input_file_ref idref="fl-12"/>
      </object_component>
      <object_component id="oc-11a">
         <name>.const:.string</name>
         <load_address>0xaa64</load_address>
         <run_address>0xaa64</run_address>
         <size>0x5d</size>
         <input_file_ref idref="fl-13"/>
      </object_component>
      <object_component id="oc-108">
         <name>.const:.string</name>
         <load_address>0xaac2</load_address>
         <run_address>0xaac2</run_address>
         <size>0x43</size>
         <input_file_ref idref="fl-3"/>
      </object_component>
      <object_component id="oc-c9">
         <name>.const:.string</name>
         <load_address>0xab06</load_address>
         <run_address>0xab06</run_address>
         <size>0x13</size>
         <input_file_ref idref="fl-5"/>
      </object_component>
      <object_component id="oc-e8">
         <name>.data</name>
         <load_address>0xab1a</load_address>
         <run_address>0xab1a</run_address>
         <size>0x6</size>
         <input_file_ref idref="fl-5"/>
      </object_component>
      <object_component id="oc-1cc">
         <name>.data</name>
         <load_address>0xab20</load_address>
         <run_address>0xab20</run_address>
         <size>0x6</size>
         <input_file_ref idref="fl-29"/>
      </object_component>
      <object_component id="oc-1cf">
         <name>.data:_lock</name>
         <load_address>0xab26</load_address>
         <run_address>0xab26</run_address>
         <size>0x2</size>
         <input_file_ref idref="fl-2a"/>
      </object_component>
      <object_component id="oc-24c">
         <name>.data:_unlock</name>
         <load_address>0xab28</load_address>
         <run_address>0xab28</run_address>
         <size>0x2</size>
         <input_file_ref idref="fl-2a"/>
      </object_component>
      <object_component id="oc-79">
         <name>ramgs0</name>
         <uninitialized>true</uninitialized>
         <run_address>0xc000</run_address>
         <size>0x200</size>
         <input_file_ref idref="fl-2"/>
      </object_component>
      <object_component id="oc-10f">
         <name>.TI.ramfunc</name>
         <load_address>0x123</load_address>
         <run_address>0x123</run_address>
         <size>0x4</size>
         <input_file_ref idref="fl-16"/>
      </object_component>
      <object_component id="oc-5f">
         <name>.debug_types</name>
         <load_address>0x0</load_address>
         <run_address>0x0</run_address>
         <size>0x1525</size>
         <input_file_ref idref="fl-2"/>
      </object_component>
      <object_component id="oc-111">
         <name>.debug_types</name>
         <load_address>0x1525</load_address>
         <run_address>0x1525</run_address>
         <size>0xf9a</size>
         <input_file_ref idref="fl-3"/>
      </object_component>
      <object_component id="oc-ec">
         <name>.debug_types</name>
         <load_address>0x24bf</load_address>
         <run_address>0x24bf</run_address>
         <size>0x103d</size>
         <input_file_ref idref="fl-5"/>
      </object_component>
      <object_component id="oc-18c">
         <name>.debug_types</name>
         <load_address>0x34fc</load_address>
         <run_address>0x34fc</run_address>
         <size>0x12c</size>
         <input_file_ref idref="fl-12"/>
      </object_component>
      <object_component id="oc-11c">
         <name>.debug_types</name>
         <load_address>0x0</load_address>
         <run_address>0x0</run_address>
         <size>0x0</size>
         <input_file_ref idref="fl-13"/>
      </object_component>
      <object_component id="oc-168">
         <name>.debug_types</name>
         <load_address>0x3628</load_address>
         <run_address>0x3628</run_address>
         <size>0x334</size>
         <input_file_ref idref="fl-14"/>
      </object_component>
      <object_component id="oc-f4">
         <name>.debug_types</name>
         <load_address>0x0</load_address>
         <run_address>0x0</run_address>
         <size>0x0</size>
         <input_file_ref idref="fl-15"/>
      </object_component>
      <object_component id="oc-144">
         <name>.debug_types</name>
         <load_address>0x395c</load_address>
         <run_address>0x395c</run_address>
         <size>0x254</size>
         <input_file_ref idref="fl-16"/>
      </object_component>
      <object_component id="oc-199">
         <name>.debug_types</name>
         <load_address>0x0</load_address>
         <run_address>0x0</run_address>
         <size>0x0</size>
         <input_file_ref idref="fl-24"/>
      </object_component>
      <object_component id="oc-1f5">
         <name>.debug_types</name>
         <load_address>0x3bb0</load_address>
         <run_address>0x3bb0</run_address>
         <size>0x49b</size>
         <input_file_ref idref="fl-25"/>
      </object_component>
      <object_component id="oc-a4">
         <name>.debug_types</name>
         <load_address>0x404b</load_address>
         <run_address>0x404b</run_address>
         <size>0x1f3</size>
         <input_file_ref idref="fl-26"/>
      </object_component>
      <object_component id="oc-48">
         <name>.debug_types</name>
         <load_address>0x0</load_address>
         <run_address>0x0</run_address>
         <size>0x0</size>
         <input_file_ref idref="fl-27"/>
      </object_component>
      <object_component id="oc-40">
         <name>.debug_types</name>
         <load_address>0x423e</load_address>
         <run_address>0x423e</run_address>
         <size>0x191</size>
         <input_file_ref idref="fl-28"/>
      </object_component>
      <object_component id="oc-1d3">
         <name>.debug_types</name>
         <load_address>0x43cf</load_address>
         <run_address>0x43cf</run_address>
         <size>0xbf</size>
         <input_file_ref idref="fl-29"/>
      </object_component>
      <object_component id="oc-210">
         <name>.debug_types</name>
         <load_address>0x448e</load_address>
         <run_address>0x448e</run_address>
         <size>0x2f</size>
         <input_file_ref idref="fl-2a"/>
      </object_component>
      <object_component id="oc-1cb">
         <name>.debug_types</name>
         <load_address>0x44bd</load_address>
         <run_address>0x44bd</run_address>
         <size>0xe1</size>
         <input_file_ref idref="fl-2b"/>
      </object_component>
      <object_component id="oc-9f">
         <name>.debug_types</name>
         <load_address>0x459e</load_address>
         <run_address>0x459e</run_address>
         <size>0x5e</size>
         <input_file_ref idref="fl-2e"/>
      </object_component>
      <object_component id="oc-246">
         <name>.debug_types</name>
         <load_address>0x0</load_address>
         <run_address>0x0</run_address>
         <size>0x0</size>
         <input_file_ref idref="fl-2f"/>
      </object_component>
      <object_component id="oc-5c">
         <name>.debug_info</name>
         <load_address>0x0</load_address>
         <run_address>0x0</run_address>
         <size>0x10d</size>
         <input_file_ref idref="fl-2"/>
      </object_component>
      <object_component id="oc-7a">
         <name>.debug_info</name>
         <load_address>0x10d</load_address>
         <run_address>0x10d</run_address>
         <size>0x11b</size>
         <input_file_ref idref="fl-2"/>
      </object_component>
      <object_component id="oc-39">
         <name>.debug_info</name>
         <load_address>0x228</load_address>
         <run_address>0x228</run_address>
         <size>0x197e</size>
         <input_file_ref idref="fl-2"/>
      </object_component>
      <object_component id="oc-33">
         <name>.debug_info</name>
         <load_address>0x1ba6</load_address>
         <run_address>0x1ba6</run_address>
         <size>0x134</size>
         <input_file_ref idref="fl-2"/>
      </object_component>
      <object_component id="oc-76">
         <name>.debug_info</name>
         <load_address>0x1cda</load_address>
         <run_address>0x1cda</run_address>
         <size>0x101d</size>
         <input_file_ref idref="fl-3"/>
      </object_component>
      <object_component id="oc-2e">
         <name>.debug_info</name>
         <load_address>0x2cf7</load_address>
         <run_address>0x2cf7</run_address>
         <size>0x106</size>
         <input_file_ref idref="fl-4"/>
      </object_component>
      <object_component id="oc-56">
         <name>.debug_info</name>
         <load_address>0x2dfd</load_address>
         <run_address>0x2dfd</run_address>
         <size>0x107</size>
         <input_file_ref idref="fl-4"/>
      </object_component>
      <object_component id="oc-e9">
         <name>.debug_info</name>
         <load_address>0x2f04</load_address>
         <run_address>0x2f04</run_address>
         <size>0x151</size>
         <input_file_ref idref="fl-5"/>
      </object_component>
      <object_component id="oc-64">
         <name>.debug_info</name>
         <load_address>0x3055</load_address>
         <run_address>0x3055</run_address>
         <size>0x1ca3</size>
         <input_file_ref idref="fl-5"/>
      </object_component>
      <object_component id="oc-17b">
         <name>.debug_info</name>
         <load_address>0x4cf8</load_address>
         <run_address>0x4cf8</run_address>
         <size>0x207</size>
         <input_file_ref idref="fl-12"/>
      </object_component>
      <object_component id="oc-10b">
         <name>.debug_info</name>
         <load_address>0x4eff</load_address>
         <run_address>0x4eff</run_address>
         <size>0x2bc</size>
         <input_file_ref idref="fl-12"/>
      </object_component>
      <object_component id="oc-180">
         <name>.debug_info</name>
         <load_address>0x51bb</load_address>
         <run_address>0x51bb</run_address>
         <size>0x24a</size>
         <input_file_ref idref="fl-12"/>
      </object_component>
      <object_component id="oc-186">
         <name>.debug_info</name>
         <load_address>0x5405</load_address>
         <run_address>0x5405</run_address>
         <size>0x288</size>
         <input_file_ref idref="fl-12"/>
      </object_component>
      <object_component id="oc-115">
         <name>.debug_info</name>
         <load_address>0x568d</load_address>
         <run_address>0x568d</run_address>
         <size>0x205</size>
         <input_file_ref idref="fl-13"/>
      </object_component>
      <object_component id="oc-7f">
         <name>.debug_info</name>
         <load_address>0x5892</load_address>
         <run_address>0x5892</run_address>
         <size>0x279</size>
         <input_file_ref idref="fl-13"/>
      </object_component>
      <object_component id="oc-83">
         <name>.debug_info</name>
         <load_address>0x5b0b</load_address>
         <run_address>0x5b0b</run_address>
         <size>0x28d</size>
         <input_file_ref idref="fl-13"/>
      </object_component>
      <object_component id="oc-89">
         <name>.debug_info</name>
         <load_address>0x5d98</load_address>
         <run_address>0x5d98</run_address>
         <size>0x29f</size>
         <input_file_ref idref="fl-13"/>
      </object_component>
      <object_component id="oc-91">
         <name>.debug_info</name>
         <load_address>0x6037</load_address>
         <run_address>0x6037</run_address>
         <size>0x25a</size>
         <input_file_ref idref="fl-13"/>
      </object_component>
      <object_component id="oc-161">
         <name>.debug_info</name>
         <load_address>0x6291</load_address>
         <run_address>0x6291</run_address>
         <size>0x205</size>
         <input_file_ref idref="fl-14"/>
      </object_component>
      <object_component id="oc-d1">
         <name>.debug_info</name>
         <load_address>0x6496</load_address>
         <run_address>0x6496</run_address>
         <size>0x27d</size>
         <input_file_ref idref="fl-14"/>
      </object_component>
      <object_component id="oc-d7">
         <name>.debug_info</name>
         <load_address>0x6713</load_address>
         <run_address>0x6713</run_address>
         <size>0x2ae</size>
         <input_file_ref idref="fl-14"/>
      </object_component>
      <object_component id="oc-e3">
         <name>.debug_info</name>
         <load_address>0x69c1</load_address>
         <run_address>0x69c1</run_address>
         <size>0x28e</size>
         <input_file_ref idref="fl-14"/>
      </object_component>
      <object_component id="oc-dd">
         <name>.debug_info</name>
         <load_address>0x6c4f</load_address>
         <run_address>0x6c4f</run_address>
         <size>0x24f</size>
         <input_file_ref idref="fl-14"/>
      </object_component>
      <object_component id="oc-122">
         <name>.debug_info</name>
         <load_address>0x6e9e</load_address>
         <run_address>0x6e9e</run_address>
         <size>0x1fe</size>
         <input_file_ref idref="fl-15"/>
      </object_component>
      <object_component id="oc-ee">
         <name>.debug_info</name>
         <load_address>0x709c</load_address>
         <run_address>0x709c</run_address>
         <size>0x202</size>
         <input_file_ref idref="fl-15"/>
      </object_component>
      <object_component id="oc-f7">
         <name>.debug_info</name>
         <load_address>0x729e</load_address>
         <run_address>0x729e</run_address>
         <size>0x21c</size>
         <input_file_ref idref="fl-15"/>
      </object_component>
      <object_component id="oc-102">
         <name>.debug_info</name>
         <load_address>0x74ba</load_address>
         <run_address>0x74ba</run_address>
         <size>0x202</size>
         <input_file_ref idref="fl-15"/>
      </object_component>
      <object_component id="oc-fd">
         <name>.debug_info</name>
         <load_address>0x76bc</load_address>
         <run_address>0x76bc</run_address>
         <size>0x1e8</size>
         <input_file_ref idref="fl-15"/>
      </object_component>
      <object_component id="oc-68">
         <name>.debug_info</name>
         <load_address>0x78a4</load_address>
         <run_address>0x78a4</run_address>
         <size>0x20f</size>
         <input_file_ref idref="fl-15"/>
      </object_component>
      <object_component id="oc-6e">
         <name>.debug_info</name>
         <load_address>0x7ab3</load_address>
         <run_address>0x7ab3</run_address>
         <size>0x20a</size>
         <input_file_ref idref="fl-15"/>
      </object_component>
      <object_component id="oc-95">
         <name>.debug_info</name>
         <load_address>0x7cbd</load_address>
         <run_address>0x7cbd</run_address>
         <size>0x2b2</size>
         <input_file_ref idref="fl-15"/>
      </object_component>
      <object_component id="oc-154">
         <name>.debug_info</name>
         <load_address>0x7f6f</load_address>
         <run_address>0x7f6f</run_address>
         <size>0x1f2</size>
         <input_file_ref idref="fl-16"/>
      </object_component>
      <object_component id="oc-147">
         <name>.debug_info</name>
         <load_address>0x8161</load_address>
         <run_address>0x8161</run_address>
         <size>0x20e</size>
         <input_file_ref idref="fl-16"/>
      </object_component>
      <object_component id="oc-240">
         <name>.debug_info</name>
         <load_address>0x836f</load_address>
         <run_address>0x836f</run_address>
         <size>0x1e4</size>
         <input_file_ref idref="fl-16"/>
      </object_component>
      <object_component id="oc-254">
         <name>.debug_info</name>
         <load_address>0x8553</load_address>
         <run_address>0x8553</run_address>
         <size>0x217</size>
         <input_file_ref idref="fl-16"/>
      </object_component>
      <object_component id="oc-22f">
         <name>.debug_info</name>
         <load_address>0x876a</load_address>
         <run_address>0x876a</run_address>
         <size>0x244</size>
         <input_file_ref idref="fl-16"/>
      </object_component>
      <object_component id="oc-215">
         <name>.debug_info</name>
         <load_address>0x89ae</load_address>
         <run_address>0x89ae</run_address>
         <size>0x242</size>
         <input_file_ref idref="fl-16"/>
      </object_component>
      <object_component id="oc-21c">
         <name>.debug_info</name>
         <load_address>0x8bf0</load_address>
         <run_address>0x8bf0</run_address>
         <size>0x24a</size>
         <input_file_ref idref="fl-16"/>
      </object_component>
      <object_component id="oc-234">
         <name>.debug_info</name>
         <load_address>0x8e3a</load_address>
         <run_address>0x8e3a</run_address>
         <size>0x24d</size>
         <input_file_ref idref="fl-16"/>
      </object_component>
      <object_component id="oc-221">
         <name>.debug_info</name>
         <load_address>0x9087</load_address>
         <run_address>0x9087</run_address>
         <size>0x24e</size>
         <input_file_ref idref="fl-16"/>
      </object_component>
      <object_component id="oc-260">
         <name>.debug_info</name>
         <load_address>0x92d5</load_address>
         <run_address>0x92d5</run_address>
         <size>0x258</size>
         <input_file_ref idref="fl-16"/>
      </object_component>
      <object_component id="oc-228">
         <name>.debug_info</name>
         <load_address>0x952d</load_address>
         <run_address>0x952d</run_address>
         <size>0x27c</size>
         <input_file_ref idref="fl-16"/>
      </object_component>
      <object_component id="oc-239">
         <name>.debug_info</name>
         <load_address>0x97a9</load_address>
         <run_address>0x97a9</run_address>
         <size>0x257</size>
         <input_file_ref idref="fl-16"/>
      </object_component>
      <object_component id="oc-c5">
         <name>.debug_info</name>
         <load_address>0x9a00</load_address>
         <run_address>0x9a00</run_address>
         <size>0x277</size>
         <input_file_ref idref="fl-16"/>
      </object_component>
      <object_component id="oc-bf">
         <name>.debug_info</name>
         <load_address>0x9c77</load_address>
         <run_address>0x9c77</run_address>
         <size>0x51a</size>
         <input_file_ref idref="fl-16"/>
      </object_component>
      <object_component id="oc-1da">
         <name>.debug_info</name>
         <load_address>0xa191</load_address>
         <run_address>0xa191</run_address>
         <size>0x373</size>
         <input_file_ref idref="fl-16"/>
      </object_component>
      <object_component id="oc-14e">
         <name>.debug_info</name>
         <load_address>0xa504</load_address>
         <run_address>0xa504</run_address>
         <size>0x243</size>
         <input_file_ref idref="fl-16"/>
      </object_component>
      <object_component id="oc-cb">
         <name>.debug_info</name>
         <load_address>0xa747</load_address>
         <run_address>0xa747</run_address>
         <size>0x251</size>
         <input_file_ref idref="fl-16"/>
      </object_component>
      <object_component id="oc-b9">
         <name>.debug_info</name>
         <load_address>0xa998</load_address>
         <run_address>0xa998</run_address>
         <size>0x241</size>
         <input_file_ref idref="fl-16"/>
      </object_component>
      <object_component id="oc-ae">
         <name>.debug_info</name>
         <load_address>0xabd9</load_address>
         <run_address>0xabd9</run_address>
         <size>0x158</size>
         <input_file_ref idref="fl-22"/>
      </object_component>
      <object_component id="oc-15a">
         <name>.debug_info</name>
         <load_address>0xad31</load_address>
         <run_address>0xad31</run_address>
         <size>0x127</size>
         <input_file_ref idref="fl-23"/>
      </object_component>
      <object_component id="oc-132">
         <name>.debug_info</name>
         <load_address>0xae58</load_address>
         <run_address>0xae58</run_address>
         <size>0x14d</size>
         <input_file_ref idref="fl-24"/>
      </object_component>
      <object_component id="oc-19c">
         <name>.debug_info</name>
         <load_address>0xafa5</load_address>
         <run_address>0xafa5</run_address>
         <size>0x1bf</size>
         <input_file_ref idref="fl-25"/>
      </object_component>
      <object_component id="oc-4c">
         <name>.debug_info</name>
         <load_address>0xb164</load_address>
         <run_address>0xb164</run_address>
         <size>0x1b6</size>
         <input_file_ref idref="fl-26"/>
      </object_component>
      <object_component id="oc-29">
         <name>.debug_info</name>
         <load_address>0xb31a</load_address>
         <run_address>0xb31a</run_address>
         <size>0x1b7</size>
         <input_file_ref idref="fl-27"/>
      </object_component>
      <object_component id="oc-22">
         <name>.debug_info</name>
         <load_address>0xb4d1</load_address>
         <run_address>0xb4d1</run_address>
         <size>0x20c</size>
         <input_file_ref idref="fl-28"/>
      </object_component>
      <object_component id="oc-1cd">
         <name>.debug_info</name>
         <load_address>0xb6dd</load_address>
         <run_address>0xb6dd</run_address>
         <size>0x19e</size>
         <input_file_ref idref="fl-29"/>
      </object_component>
      <object_component id="oc-140">
         <name>.debug_info</name>
         <load_address>0xb87b</load_address>
         <run_address>0xb87b</run_address>
         <size>0x1a9</size>
         <input_file_ref idref="fl-29"/>
      </object_component>
      <object_component id="oc-1d0">
         <name>.debug_info</name>
         <load_address>0xba24</load_address>
         <run_address>0xba24</run_address>
         <size>0x107</size>
         <input_file_ref idref="fl-2a"/>
      </object_component>
      <object_component id="oc-24d">
         <name>.debug_info</name>
         <load_address>0xbb2b</load_address>
         <run_address>0xbb2b</run_address>
         <size>0x10b</size>
         <input_file_ref idref="fl-2a"/>
      </object_component>
      <object_component id="oc-20a">
         <name>.debug_info</name>
         <load_address>0xbc36</load_address>
         <run_address>0xbc36</run_address>
         <size>0x203</size>
         <input_file_ref idref="fl-2a"/>
      </object_component>
      <object_component id="oc-137">
         <name>.debug_info</name>
         <load_address>0xbe39</load_address>
         <run_address>0xbe39</run_address>
         <size>0x15d</size>
         <input_file_ref idref="fl-2b"/>
      </object_component>
      <object_component id="oc-45">
         <name>.debug_info</name>
         <load_address>0xbf96</load_address>
         <run_address>0xbf96</run_address>
         <size>0x19b</size>
         <input_file_ref idref="fl-2e"/>
      </object_component>
      <object_component id="oc-1f0">
         <name>.debug_info</name>
         <load_address>0xc131</load_address>
         <run_address>0xc131</run_address>
         <size>0x147</size>
         <input_file_ref idref="fl-2f"/>
      </object_component>
      <object_component id="oc-2ab">
         <name>.debug_info</name>
         <load_address>0xc278</load_address>
         <run_address>0xc278</run_address>
         <size>0xa6</size>
      </object_component>
      <object_component id="oc-b3">
         <name>.debug_line</name>
         <load_address>0x0</load_address>
         <run_address>0x0</run_address>
         <size>0x3f</size>
         <input_file_ref idref="fl-2"/>
      </object_component>
      <object_component id="oc-113">
         <name>.debug_line</name>
         <load_address>0x3f</load_address>
         <run_address>0x3f</run_address>
         <size>0x3f</size>
         <input_file_ref idref="fl-2"/>
      </object_component>
      <object_component id="oc-3d">
         <name>.debug_line</name>
         <load_address>0x7e</load_address>
         <run_address>0x7e</run_address>
         <size>0x4b7</size>
         <input_file_ref idref="fl-2"/>
      </object_component>
      <object_component id="oc-36">
         <name>.debug_line</name>
         <load_address>0x535</load_address>
         <run_address>0x535</run_address>
         <size>0x56</size>
         <input_file_ref idref="fl-2"/>
      </object_component>
      <object_component id="oc-b5">
         <name>.debug_line</name>
         <load_address>0x58b</load_address>
         <run_address>0x58b</run_address>
         <size>0x17d</size>
         <input_file_ref idref="fl-2"/>
      </object_component>
      <object_component id="oc-74">
         <name>.debug_line</name>
         <load_address>0x708</load_address>
         <run_address>0x708</run_address>
         <size>0x22b</size>
         <input_file_ref idref="fl-3"/>
      </object_component>
      <object_component id="oc-18e">
         <name>.debug_line</name>
         <load_address>0x933</load_address>
         <run_address>0x933</run_address>
         <size>0xaf</size>
         <input_file_ref idref="fl-3"/>
      </object_component>
      <object_component id="oc-31">
         <name>.debug_line</name>
         <load_address>0x9e2</load_address>
         <run_address>0x9e2</run_address>
         <size>0x55</size>
         <input_file_ref idref="fl-4"/>
      </object_component>
      <object_component id="oc-59">
         <name>.debug_line</name>
         <load_address>0xa37</load_address>
         <run_address>0xa37</run_address>
         <size>0x5d</size>
         <input_file_ref idref="fl-4"/>
      </object_component>
      <object_component id="oc-16d">
         <name>.debug_line</name>
         <load_address>0xa94</load_address>
         <run_address>0xa94</run_address>
         <size>0x37</size>
         <input_file_ref idref="fl-5"/>
      </object_component>
      <object_component id="oc-63">
         <name>.debug_line</name>
         <load_address>0xacb</load_address>
         <run_address>0xacb</run_address>
         <size>0x414</size>
         <input_file_ref idref="fl-5"/>
      </object_component>
      <object_component id="oc-16f">
         <name>.debug_line</name>
         <load_address>0xedf</load_address>
         <run_address>0xedf</run_address>
         <size>0xb1</size>
         <input_file_ref idref="fl-5"/>
      </object_component>
      <object_component id="oc-179">
         <name>.debug_line</name>
         <load_address>0xf90</load_address>
         <run_address>0xf90</run_address>
         <size>0x97</size>
         <input_file_ref idref="fl-12"/>
      </object_component>
      <object_component id="oc-10e">
         <name>.debug_line</name>
         <load_address>0x1027</load_address>
         <run_address>0x1027</run_address>
         <size>0xa3</size>
         <input_file_ref idref="fl-12"/>
      </object_component>
      <object_component id="oc-183">
         <name>.debug_line</name>
         <load_address>0x10ca</load_address>
         <run_address>0x10ca</run_address>
         <size>0xe2</size>
         <input_file_ref idref="fl-12"/>
      </object_component>
      <object_component id="oc-189">
         <name>.debug_line</name>
         <load_address>0x11ac</load_address>
         <run_address>0x11ac</run_address>
         <size>0xc3</size>
         <input_file_ref idref="fl-12"/>
      </object_component>
      <object_component id="oc-1e9">
         <name>.debug_line</name>
         <load_address>0x126f</load_address>
         <run_address>0x126f</run_address>
         <size>0xe3</size>
         <input_file_ref idref="fl-12"/>
      </object_component>
      <object_component id="oc-118">
         <name>.debug_line</name>
         <load_address>0x1352</load_address>
         <run_address>0x1352</run_address>
         <size>0x97</size>
         <input_file_ref idref="fl-13"/>
      </object_component>
      <object_component id="oc-7d">
         <name>.debug_line</name>
         <load_address>0x13e9</load_address>
         <run_address>0x13e9</run_address>
         <size>0x9c</size>
         <input_file_ref idref="fl-13"/>
      </object_component>
      <object_component id="oc-86">
         <name>.debug_line</name>
         <load_address>0x1485</load_address>
         <run_address>0x1485</run_address>
         <size>0x9d</size>
         <input_file_ref idref="fl-13"/>
      </object_component>
      <object_component id="oc-8c">
         <name>.debug_line</name>
         <load_address>0x1522</load_address>
         <run_address>0x1522</run_address>
         <size>0x9d</size>
         <input_file_ref idref="fl-13"/>
      </object_component>
      <object_component id="oc-8f">
         <name>.debug_line</name>
         <load_address>0x15bf</load_address>
         <run_address>0x15bf</run_address>
         <size>0xdb</size>
         <input_file_ref idref="fl-13"/>
      </object_component>
      <object_component id="oc-192">
         <name>.debug_line</name>
         <load_address>0x169a</load_address>
         <run_address>0x169a</run_address>
         <size>0xe3</size>
         <input_file_ref idref="fl-13"/>
      </object_component>
      <object_component id="oc-165">
         <name>.debug_line</name>
         <load_address>0x177d</load_address>
         <run_address>0x177d</run_address>
         <size>0x98</size>
         <input_file_ref idref="fl-14"/>
      </object_component>
      <object_component id="oc-d4">
         <name>.debug_line</name>
         <load_address>0x1815</load_address>
         <run_address>0x1815</run_address>
         <size>0xa2</size>
         <input_file_ref idref="fl-14"/>
      </object_component>
      <object_component id="oc-da">
         <name>.debug_line</name>
         <load_address>0x18b7</load_address>
         <run_address>0x18b7</run_address>
         <size>0x9f</size>
         <input_file_ref idref="fl-14"/>
      </object_component>
      <object_component id="oc-e7">
         <name>.debug_line</name>
         <load_address>0x1956</load_address>
         <run_address>0x1956</run_address>
         <size>0x9f</size>
         <input_file_ref idref="fl-14"/>
      </object_component>
      <object_component id="oc-e0">
         <name>.debug_line</name>
         <load_address>0x19f5</load_address>
         <run_address>0x19f5</run_address>
         <size>0x9f</size>
         <input_file_ref idref="fl-14"/>
      </object_component>
      <object_component id="oc-1e3">
         <name>.debug_line</name>
         <load_address>0x1a94</load_address>
         <run_address>0x1a94</run_address>
         <size>0xe4</size>
         <input_file_ref idref="fl-14"/>
      </object_component>
      <object_component id="oc-121">
         <name>.debug_line</name>
         <load_address>0x1b78</load_address>
         <run_address>0x1b78</run_address>
         <size>0x9d</size>
         <input_file_ref idref="fl-15"/>
      </object_component>
      <object_component id="oc-f1">
         <name>.debug_line</name>
         <load_address>0x1c15</load_address>
         <run_address>0x1c15</run_address>
         <size>0x9d</size>
         <input_file_ref idref="fl-15"/>
      </object_component>
      <object_component id="oc-f6">
         <name>.debug_line</name>
         <load_address>0x1cb2</load_address>
         <run_address>0x1cb2</run_address>
         <size>0xa3</size>
         <input_file_ref idref="fl-15"/>
      </object_component>
      <object_component id="oc-105">
         <name>.debug_line</name>
         <load_address>0x1d55</load_address>
         <run_address>0x1d55</run_address>
         <size>0x9b</size>
         <input_file_ref idref="fl-15"/>
      </object_component>
      <object_component id="oc-fc">
         <name>.debug_line</name>
         <load_address>0x1df0</load_address>
         <run_address>0x1df0</run_address>
         <size>0x9b</size>
         <input_file_ref idref="fl-15"/>
      </object_component>
      <object_component id="oc-6b">
         <name>.debug_line</name>
         <load_address>0x1e8b</load_address>
         <run_address>0x1e8b</run_address>
         <size>0xb8</size>
         <input_file_ref idref="fl-15"/>
      </object_component>
      <object_component id="oc-71">
         <name>.debug_line</name>
         <load_address>0x1f43</load_address>
         <run_address>0x1f43</run_address>
         <size>0xb1</size>
         <input_file_ref idref="fl-15"/>
      </object_component>
      <object_component id="oc-98">
         <name>.debug_line</name>
         <load_address>0x1ff4</load_address>
         <run_address>0x1ff4</run_address>
         <size>0xb1</size>
         <input_file_ref idref="fl-15"/>
      </object_component>
      <object_component id="oc-173">
         <name>.debug_line</name>
         <load_address>0x20a5</load_address>
         <run_address>0x20a5</run_address>
         <size>0x21</size>
         <input_file_ref idref="fl-15"/>
      </object_component>
      <object_component id="oc-157">
         <name>.debug_line</name>
         <load_address>0x20c6</load_address>
         <run_address>0x20c6</run_address>
         <size>0x9d</size>
         <input_file_ref idref="fl-16"/>
      </object_component>
      <object_component id="oc-14b">
         <name>.debug_line</name>
         <load_address>0x2163</load_address>
         <run_address>0x2163</run_address>
         <size>0x9a</size>
         <input_file_ref idref="fl-16"/>
      </object_component>
      <object_component id="oc-243">
         <name>.debug_line</name>
         <load_address>0x21fd</load_address>
         <run_address>0x21fd</run_address>
         <size>0x9c</size>
         <input_file_ref idref="fl-16"/>
      </object_component>
      <object_component id="oc-258">
         <name>.debug_line</name>
         <load_address>0x2299</load_address>
         <run_address>0x2299</run_address>
         <size>0x9c</size>
         <input_file_ref idref="fl-16"/>
      </object_component>
      <object_component id="oc-22d">
         <name>.debug_line</name>
         <load_address>0x2335</load_address>
         <run_address>0x2335</run_address>
         <size>0x9d</size>
         <input_file_ref idref="fl-16"/>
      </object_component>
      <object_component id="oc-219">
         <name>.debug_line</name>
         <load_address>0x23d2</load_address>
         <run_address>0x23d2</run_address>
         <size>0x9d</size>
         <input_file_ref idref="fl-16"/>
      </object_component>
      <object_component id="oc-21b">
         <name>.debug_line</name>
         <load_address>0x246f</load_address>
         <run_address>0x246f</run_address>
         <size>0xa1</size>
         <input_file_ref idref="fl-16"/>
      </object_component>
      <object_component id="oc-237">
         <name>.debug_line</name>
         <load_address>0x2510</load_address>
         <run_address>0x2510</run_address>
         <size>0xa2</size>
         <input_file_ref idref="fl-16"/>
      </object_component>
      <object_component id="oc-224">
         <name>.debug_line</name>
         <load_address>0x25b2</load_address>
         <run_address>0x25b2</run_address>
         <size>0x9d</size>
         <input_file_ref idref="fl-16"/>
      </object_component>
      <object_component id="oc-263">
         <name>.debug_line</name>
         <load_address>0x264f</load_address>
         <run_address>0x264f</run_address>
         <size>0x9d</size>
         <input_file_ref idref="fl-16"/>
      </object_component>
      <object_component id="oc-227">
         <name>.debug_line</name>
         <load_address>0x26ec</load_address>
         <run_address>0x26ec</run_address>
         <size>0xa5</size>
         <input_file_ref idref="fl-16"/>
      </object_component>
      <object_component id="oc-23c">
         <name>.debug_line</name>
         <load_address>0x2791</load_address>
         <run_address>0x2791</run_address>
         <size>0xaa</size>
         <input_file_ref idref="fl-16"/>
      </object_component>
      <object_component id="oc-c4">
         <name>.debug_line</name>
         <load_address>0x283b</load_address>
         <run_address>0x283b</run_address>
         <size>0xb4</size>
         <input_file_ref idref="fl-16"/>
      </object_component>
      <object_component id="oc-be">
         <name>.debug_line</name>
         <load_address>0x28ef</load_address>
         <run_address>0x28ef</run_address>
         <size>0x19c</size>
         <input_file_ref idref="fl-16"/>
      </object_component>
      <object_component id="oc-1d9">
         <name>.debug_line</name>
         <load_address>0x2a8b</load_address>
         <run_address>0x2a8b</run_address>
         <size>0xc5</size>
         <input_file_ref idref="fl-16"/>
      </object_component>
      <object_component id="oc-14d">
         <name>.debug_line</name>
         <load_address>0x2b50</load_address>
         <run_address>0x2b50</run_address>
         <size>0xb8</size>
         <input_file_ref idref="fl-16"/>
      </object_component>
      <object_component id="oc-ce">
         <name>.debug_line</name>
         <load_address>0x2c08</load_address>
         <run_address>0x2c08</run_address>
         <size>0xa1</size>
         <input_file_ref idref="fl-16"/>
      </object_component>
      <object_component id="oc-b8">
         <name>.debug_line</name>
         <load_address>0x2ca9</load_address>
         <run_address>0x2ca9</run_address>
         <size>0xc7</size>
         <input_file_ref idref="fl-16"/>
      </object_component>
      <object_component id="oc-1d5">
         <name>.debug_line</name>
         <load_address>0x2d70</load_address>
         <run_address>0x2d70</run_address>
         <size>0x14b</size>
         <input_file_ref idref="fl-16"/>
      </object_component>
      <object_component id="oc-b0">
         <name>.debug_line</name>
         <load_address>0x2ebb</load_address>
         <run_address>0x2ebb</run_address>
         <size>0x4f</size>
         <input_file_ref idref="fl-22"/>
      </object_component>
      <object_component id="oc-15c">
         <name>.debug_line</name>
         <load_address>0x2f0a</load_address>
         <run_address>0x2f0a</run_address>
         <size>0xae</size>
         <input_file_ref idref="fl-23"/>
      </object_component>
      <object_component id="oc-134">
         <name>.debug_line</name>
         <load_address>0x2fb8</load_address>
         <run_address>0x2fb8</run_address>
         <size>0x3f</size>
         <input_file_ref idref="fl-24"/>
      </object_component>
      <object_component id="oc-1ec">
         <name>.debug_line</name>
         <load_address>0x2ff7</load_address>
         <run_address>0x2ff7</run_address>
         <size>0x21</size>
         <input_file_ref idref="fl-24"/>
      </object_component>
      <object_component id="oc-19b">
         <name>.debug_line</name>
         <load_address>0x3018</load_address>
         <run_address>0x3018</run_address>
         <size>0x74</size>
         <input_file_ref idref="fl-25"/>
      </object_component>
      <object_component id="oc-248">
         <name>.debug_line</name>
         <load_address>0x308c</load_address>
         <run_address>0x308c</run_address>
         <size>0x21</size>
         <input_file_ref idref="fl-25"/>
      </object_component>
      <object_component id="oc-4a">
         <name>.debug_line</name>
         <load_address>0x30ad</load_address>
         <run_address>0x30ad</run_address>
         <size>0x4d</size>
         <input_file_ref idref="fl-26"/>
      </object_component>
      <object_component id="oc-12b">
         <name>.debug_line</name>
         <load_address>0x30fa</load_address>
         <run_address>0x30fa</run_address>
         <size>0x21</size>
         <input_file_ref idref="fl-26"/>
      </object_component>
      <object_component id="oc-2b">
         <name>.debug_line</name>
         <load_address>0x311b</load_address>
         <run_address>0x311b</run_address>
         <size>0x57</size>
         <input_file_ref idref="fl-27"/>
      </object_component>
      <object_component id="oc-a1">
         <name>.debug_line</name>
         <load_address>0x3172</load_address>
         <run_address>0x3172</run_address>
         <size>0x21</size>
         <input_file_ref idref="fl-27"/>
      </object_component>
      <object_component id="oc-24">
         <name>.debug_line</name>
         <load_address>0x3193</load_address>
         <run_address>0x3193</run_address>
         <size>0x9a</size>
         <input_file_ref idref="fl-28"/>
      </object_component>
      <object_component id="oc-9c">
         <name>.debug_line</name>
         <load_address>0x322d</load_address>
         <run_address>0x322d</run_address>
         <size>0x21</size>
         <input_file_ref idref="fl-28"/>
      </object_component>
      <object_component id="oc-207">
         <name>.debug_line</name>
         <load_address>0x324e</load_address>
         <run_address>0x324e</run_address>
         <size>0x2b</size>
         <input_file_ref idref="fl-29"/>
      </object_component>
      <object_component id="oc-13d">
         <name>.debug_line</name>
         <load_address>0x3279</load_address>
         <run_address>0x3279</run_address>
         <size>0x66</size>
         <input_file_ref idref="fl-29"/>
      </object_component>
      <object_component id="oc-212">
         <name>.debug_line</name>
         <load_address>0x32df</load_address>
         <run_address>0x32df</run_address>
         <size>0x21</size>
         <input_file_ref idref="fl-29"/>
      </object_component>
      <object_component id="oc-20f">
         <name>.debug_line</name>
         <load_address>0x3300</load_address>
         <run_address>0x3300</run_address>
         <size>0x2c</size>
         <input_file_ref idref="fl-2a"/>
      </object_component>
      <object_component id="oc-26e">
         <name>.debug_line</name>
         <load_address>0x332c</load_address>
         <run_address>0x332c</run_address>
         <size>0x2c</size>
         <input_file_ref idref="fl-2a"/>
      </object_component>
      <object_component id="oc-209">
         <name>.debug_line</name>
         <load_address>0x3358</load_address>
         <run_address>0x3358</run_address>
         <size>0x5f</size>
         <input_file_ref idref="fl-2a"/>
      </object_component>
      <object_component id="oc-251">
         <name>.debug_line</name>
         <load_address>0x33b7</load_address>
         <run_address>0x33b7</run_address>
         <size>0x21</size>
         <input_file_ref idref="fl-2a"/>
      </object_component>
      <object_component id="oc-13a">
         <name>.debug_line</name>
         <load_address>0x33d8</load_address>
         <run_address>0x33d8</run_address>
         <size>0x4e</size>
         <input_file_ref idref="fl-2b"/>
      </object_component>
      <object_component id="oc-204">
         <name>.debug_line</name>
         <load_address>0x3426</load_address>
         <run_address>0x3426</run_address>
         <size>0x30</size>
         <input_file_ref idref="fl-2b"/>
      </object_component>
      <object_component id="oc-43">
         <name>.debug_line</name>
         <load_address>0x3456</load_address>
         <run_address>0x3456</run_address>
         <size>0x63</size>
         <input_file_ref idref="fl-2e"/>
      </object_component>
      <object_component id="oc-128">
         <name>.debug_line</name>
         <load_address>0x34b9</load_address>
         <run_address>0x34b9</run_address>
         <size>0x21</size>
         <input_file_ref idref="fl-2e"/>
      </object_component>
      <object_component id="oc-1f3">
         <name>.debug_line</name>
         <load_address>0x34da</load_address>
         <run_address>0x34da</run_address>
         <size>0x3b</size>
         <input_file_ref idref="fl-2f"/>
      </object_component>
      <object_component id="oc-268">
         <name>.debug_line</name>
         <load_address>0x3515</load_address>
         <run_address>0x3515</run_address>
         <size>0x21</size>
         <input_file_ref idref="fl-2f"/>
      </object_component>
      <object_component id="oc-3c">
         <name>.debug_frame</name>
         <load_address>0x0</load_address>
         <run_address>0x0</run_address>
         <size>0x2d0</size>
         <input_file_ref idref="fl-2"/>
      </object_component>
      <object_component id="oc-37">
         <name>.debug_frame</name>
         <load_address>0x2d0</load_address>
         <run_address>0x2d0</run_address>
         <size>0xac</size>
         <input_file_ref idref="fl-2"/>
      </object_component>
      <object_component id="oc-75">
         <name>.debug_frame</name>
         <load_address>0x37c</load_address>
         <run_address>0x37c</run_address>
         <size>0x1c4</size>
         <input_file_ref idref="fl-3"/>
      </object_component>
      <object_component id="oc-62">
         <name>.debug_frame</name>
         <load_address>0x540</load_address>
         <run_address>0x540</run_address>
         <size>0x230</size>
         <input_file_ref idref="fl-5"/>
      </object_component>
      <object_component id="oc-17a">
         <name>.debug_frame</name>
         <load_address>0x770</load_address>
         <run_address>0x770</run_address>
         <size>0x44</size>
         <input_file_ref idref="fl-12"/>
      </object_component>
      <object_component id="oc-10d">
         <name>.debug_frame</name>
         <load_address>0x7b4</load_address>
         <run_address>0x7b4</run_address>
         <size>0x44</size>
         <input_file_ref idref="fl-12"/>
      </object_component>
      <object_component id="oc-184">
         <name>.debug_frame</name>
         <load_address>0x7f8</load_address>
         <run_address>0x7f8</run_address>
         <size>0x44</size>
         <input_file_ref idref="fl-12"/>
      </object_component>
      <object_component id="oc-18a">
         <name>.debug_frame</name>
         <load_address>0x83c</load_address>
         <run_address>0x83c</run_address>
         <size>0x44</size>
         <input_file_ref idref="fl-12"/>
      </object_component>
      <object_component id="oc-119">
         <name>.debug_frame</name>
         <load_address>0x880</load_address>
         <run_address>0x880</run_address>
         <size>0x44</size>
         <input_file_ref idref="fl-13"/>
      </object_component>
      <object_component id="oc-7e">
         <name>.debug_frame</name>
         <load_address>0x8c4</load_address>
         <run_address>0x8c4</run_address>
         <size>0x44</size>
         <input_file_ref idref="fl-13"/>
      </object_component>
      <object_component id="oc-87">
         <name>.debug_frame</name>
         <load_address>0x908</load_address>
         <run_address>0x908</run_address>
         <size>0x44</size>
         <input_file_ref idref="fl-13"/>
      </object_component>
      <object_component id="oc-8d">
         <name>.debug_frame</name>
         <load_address>0x94c</load_address>
         <run_address>0x94c</run_address>
         <size>0x44</size>
         <input_file_ref idref="fl-13"/>
      </object_component>
      <object_component id="oc-90">
         <name>.debug_frame</name>
         <load_address>0x990</load_address>
         <run_address>0x990</run_address>
         <size>0x44</size>
         <input_file_ref idref="fl-13"/>
      </object_component>
      <object_component id="oc-164">
         <name>.debug_frame</name>
         <load_address>0x9d4</load_address>
         <run_address>0x9d4</run_address>
         <size>0x44</size>
         <input_file_ref idref="fl-14"/>
      </object_component>
      <object_component id="oc-d5">
         <name>.debug_frame</name>
         <load_address>0xa18</load_address>
         <run_address>0xa18</run_address>
         <size>0x44</size>
         <input_file_ref idref="fl-14"/>
      </object_component>
      <object_component id="oc-db">
         <name>.debug_frame</name>
         <load_address>0xa5c</load_address>
         <run_address>0xa5c</run_address>
         <size>0x44</size>
         <input_file_ref idref="fl-14"/>
      </object_component>
      <object_component id="oc-e6">
         <name>.debug_frame</name>
         <load_address>0xaa0</load_address>
         <run_address>0xaa0</run_address>
         <size>0x44</size>
         <input_file_ref idref="fl-14"/>
      </object_component>
      <object_component id="oc-e1">
         <name>.debug_frame</name>
         <load_address>0xae4</load_address>
         <run_address>0xae4</run_address>
         <size>0x44</size>
         <input_file_ref idref="fl-14"/>
      </object_component>
      <object_component id="oc-125">
         <name>.debug_frame</name>
         <load_address>0xb28</load_address>
         <run_address>0xb28</run_address>
         <size>0x40</size>
         <input_file_ref idref="fl-15"/>
      </object_component>
      <object_component id="oc-f2">
         <name>.debug_frame</name>
         <load_address>0xb68</load_address>
         <run_address>0xb68</run_address>
         <size>0x40</size>
         <input_file_ref idref="fl-15"/>
      </object_component>
      <object_component id="oc-fa">
         <name>.debug_frame</name>
         <load_address>0xba8</load_address>
         <run_address>0xba8</run_address>
         <size>0x40</size>
         <input_file_ref idref="fl-15"/>
      </object_component>
      <object_component id="oc-106">
         <name>.debug_frame</name>
         <load_address>0xbe8</load_address>
         <run_address>0xbe8</run_address>
         <size>0x40</size>
         <input_file_ref idref="fl-15"/>
      </object_component>
      <object_component id="oc-100">
         <name>.debug_frame</name>
         <load_address>0xc28</load_address>
         <run_address>0xc28</run_address>
         <size>0x40</size>
         <input_file_ref idref="fl-15"/>
      </object_component>
      <object_component id="oc-6c">
         <name>.debug_frame</name>
         <load_address>0xc68</load_address>
         <run_address>0xc68</run_address>
         <size>0x40</size>
         <input_file_ref idref="fl-15"/>
      </object_component>
      <object_component id="oc-72">
         <name>.debug_frame</name>
         <load_address>0xca8</load_address>
         <run_address>0xca8</run_address>
         <size>0x44</size>
         <input_file_ref idref="fl-15"/>
      </object_component>
      <object_component id="oc-99">
         <name>.debug_frame</name>
         <load_address>0xcec</load_address>
         <run_address>0xcec</run_address>
         <size>0x44</size>
         <input_file_ref idref="fl-15"/>
      </object_component>
      <object_component id="oc-153">
         <name>.debug_frame</name>
         <load_address>0xd30</load_address>
         <run_address>0xd30</run_address>
         <size>0x40</size>
         <input_file_ref idref="fl-16"/>
      </object_component>
      <object_component id="oc-14a">
         <name>.debug_frame</name>
         <load_address>0xd70</load_address>
         <run_address>0xd70</run_address>
         <size>0x40</size>
         <input_file_ref idref="fl-16"/>
      </object_component>
      <object_component id="oc-23f">
         <name>.debug_frame</name>
         <load_address>0xdb0</load_address>
         <run_address>0xdb0</run_address>
         <size>0x40</size>
         <input_file_ref idref="fl-16"/>
      </object_component>
      <object_component id="oc-257">
         <name>.debug_frame</name>
         <load_address>0xdf0</load_address>
         <run_address>0xdf0</run_address>
         <size>0x44</size>
         <input_file_ref idref="fl-16"/>
      </object_component>
      <object_component id="oc-22e">
         <name>.debug_frame</name>
         <load_address>0xe34</load_address>
         <run_address>0xe34</run_address>
         <size>0x44</size>
         <input_file_ref idref="fl-16"/>
      </object_component>
      <object_component id="oc-218">
         <name>.debug_frame</name>
         <load_address>0xe78</load_address>
         <run_address>0xe78</run_address>
         <size>0x44</size>
         <input_file_ref idref="fl-16"/>
      </object_component>
      <object_component id="oc-21f">
         <name>.debug_frame</name>
         <load_address>0xebc</load_address>
         <run_address>0xebc</run_address>
         <size>0x44</size>
         <input_file_ref idref="fl-16"/>
      </object_component>
      <object_component id="oc-233">
         <name>.debug_frame</name>
         <load_address>0xf00</load_address>
         <run_address>0xf00</run_address>
         <size>0x44</size>
         <input_file_ref idref="fl-16"/>
      </object_component>
      <object_component id="oc-225">
         <name>.debug_frame</name>
         <load_address>0xf44</load_address>
         <run_address>0xf44</run_address>
         <size>0x44</size>
         <input_file_ref idref="fl-16"/>
      </object_component>
      <object_component id="oc-264">
         <name>.debug_frame</name>
         <load_address>0xf88</load_address>
         <run_address>0xf88</run_address>
         <size>0x44</size>
         <input_file_ref idref="fl-16"/>
      </object_component>
      <object_component id="oc-22b">
         <name>.debug_frame</name>
         <load_address>0xfcc</load_address>
         <run_address>0xfcc</run_address>
         <size>0x44</size>
         <input_file_ref idref="fl-16"/>
      </object_component>
      <object_component id="oc-23d">
         <name>.debug_frame</name>
         <load_address>0x1010</load_address>
         <run_address>0x1010</run_address>
         <size>0x44</size>
         <input_file_ref idref="fl-16"/>
      </object_component>
      <object_component id="oc-c8">
         <name>.debug_frame</name>
         <load_address>0x1054</load_address>
         <run_address>0x1054</run_address>
         <size>0x44</size>
         <input_file_ref idref="fl-16"/>
      </object_component>
      <object_component id="oc-c2">
         <name>.debug_frame</name>
         <load_address>0x1098</load_address>
         <run_address>0x1098</run_address>
         <size>0x50</size>
         <input_file_ref idref="fl-16"/>
      </object_component>
      <object_component id="oc-1dd">
         <name>.debug_frame</name>
         <load_address>0x10e8</load_address>
         <run_address>0x10e8</run_address>
         <size>0x44</size>
         <input_file_ref idref="fl-16"/>
      </object_component>
      <object_component id="oc-151">
         <name>.debug_frame</name>
         <load_address>0x112c</load_address>
         <run_address>0x112c</run_address>
         <size>0x44</size>
         <input_file_ref idref="fl-16"/>
      </object_component>
      <object_component id="oc-cf">
         <name>.debug_frame</name>
         <load_address>0x1170</load_address>
         <run_address>0x1170</run_address>
         <size>0x44</size>
         <input_file_ref idref="fl-16"/>
      </object_component>
      <object_component id="oc-bc">
         <name>.debug_frame</name>
         <load_address>0x11b4</load_address>
         <run_address>0x11b4</run_address>
         <size>0x44</size>
         <input_file_ref idref="fl-16"/>
      </object_component>
      <object_component id="oc-130">
         <name>.debug_frame</name>
         <load_address>0x11f8</load_address>
         <run_address>0x11f8</run_address>
         <size>0x40</size>
         <input_file_ref idref="fl-24"/>
      </object_component>
      <object_component id="oc-19f">
         <name>.debug_frame</name>
         <load_address>0x1238</load_address>
         <run_address>0x1238</run_address>
         <size>0x58</size>
         <input_file_ref idref="fl-25"/>
      </object_component>
      <object_component id="oc-4b">
         <name>.debug_frame</name>
         <load_address>0x1290</load_address>
         <run_address>0x1290</run_address>
         <size>0x40</size>
         <input_file_ref idref="fl-26"/>
      </object_component>
      <object_component id="oc-28">
         <name>.debug_frame</name>
         <load_address>0x12d0</load_address>
         <run_address>0x12d0</run_address>
[...]
         </usage_details>
      </memory_area>
      <memory_area display="yes" color="green">
         <name>RAMGS5</name>
         <page_id>0x1</page_id>
         <origin>0x11000</origin>
         <length>0x1000</length>
         <used_space>0x0</used_space>
         <unused_space>0x1000</unused_space>
         <attributes>RWIX</attributes>
         <usage_details>
         </usage_details>
      </memory_area>
      <memory_area display="yes" color="green">
         <name>RAMGS6</name>
         <page_id>0x1</page_id>
         <origin>0x12000</origin>
         <length>0x1000</length>
         <used_space>0x0</used_space>
         <unused_space>0x1000</unused_space>
         <attributes>RWIX</attributes>
         <usage_details>
         </usage_details>
      </memory_area>
      <memory_area display="yes" color="green">
         <name>RAMGS7</name>
         <page_id>0x1</page_id>
         <origin>0x13000</origin>
         <length>0x1000</length>
         <used_space>0x0</used_space>
         <unused_space>0x1000</unused_space>
         <attributes>RWIX</attributes>
         <usage_details>
         </usage_details>
      </memory_area>
      <memory_area display="yes" color="green">
         <name>RAMGS8</name>
         <page_id>0x1</page_id>
         <origin>0x14000</origin>
         <length>0x1000</length>
         <used_space>0x0</used_space>
         <unused_space>0x1000</unused_space>
         <attributes>RWIX</attributes>
         <usage_details>
         </usage_details>
      </memory_area>
      <memory_area display="yes" color="green">
         <name>RAMGS9</name>
         <page_id>0x1</page_id>
         <origin>0x15000</origin>
         <length>0x1000</length>
         <used_space>0x0</used_space>
         <unused_space>0x1000</unused_space>
         <attributes>RWIX</attributes>
         <usage_details>
         </usage_details>
      </memory_area>
      <memory_area display="yes" color="green">
         <name>RAMGS10</name>
         <page_id>0x1</page_id>
         <origin>0x16000</origin>
         <length>0x1000</length>
         <used_space>0x0</used_space>
         <unused_space>0x1000</unused_space>
         <attributes>RWIX</attributes>
         <usage_details>
         </usage_details>
      </memory_area>
      <memory_area display="yes" color="green">
         <name>RAMGS11</name>
         <page_id>0x1</page_id>
         <origin>0x17000</origin>
         <length>0x1000</length>
         <used_space>0x0</used_space>
         <unused_space>0x1000</unused_space>
         <attributes>RWIX</attributes>
         <usage_details>
         </usage_details>
      </memory_area>
      <memory_area display="yes" color="green">
         <name>RAMGS12</name>
         <page_id>0x1</page_id>
         <origin>0x18000</origin>
         <length>0x1000</length>
         <used_space>0x0</used_space>
         <unused_space>0x1000</unused_space>
         <attributes>RWIX</attributes>
         <usage_details>
         </usage_details>
      </memory_area>
      <memory_area display="yes" color="green">
         <name>RAMGS13</name>
         <page_id>0x1</page_id>
         <origin>0x19000</origin>
         <length>0x1000</length>
         <used_space>0x0</used_space>
         <unused_space>0x1000</unused_space>
         <attributes>RWIX</attributes>
         <usage_details>
         </usage_details>
      </memory_area>
      <memory_area display="yes" color="green">
         <name>RAMGS14</name>
         <page_id>0x1</page_id>
         <origin>0x1a000</origin>
         <length>0x1000</length>
         <used_space>0x0</used_space>
         <unused_space>0x1000</unused_space>
         <attributes>RWIX</attributes>
         <usage_details>
         </usage_details>
      </memory_area>
      <memory_area display="yes" color="green">
         <name>RAMGS15</name>
         <page_id>0x1</page_id>
         <origin>0x1b000</origin>
         <length>0xff8</length>
         <used_space>0x0</used_space>
         <unused_space>0xff8</unused_space>
         <attributes>RWIX</attributes>
         <usage_details>
         </usage_details>
      </memory_area>
      <memory_area display="yes" color="green">
         <name>CPU2TOCPU1RAM</name>
         <page_id>0x1</page_id>
         <origin>0x3f800</origin>
         <length>0x400</length>
         <used_space>0x0</used_space>
         <unused_space>0x400</unused_space>
         <attributes>RWIX</attributes>
         <usage_details>
         </usage_details>
      </memory_area>
      <memory_area display="yes" color="green">
         <name>CPU1TOCPU2RAM</name>
         <page_id>0x1</page_id>
         <origin>0x3fc00</origin>
         <length>0x400</length>
         <used_space>0x0</used_space>
         <unused_space>0x400</unused_space>
         <attributes>RWIX</attributes>
         <usage_details>
         </usage_details>
      </memory_area>
      <memory_area display="yes" color="green">
         <name>CANA_MSG_RAM</name>
         <page_id>0x1</page_id>
         <origin>0x49000</origin>
         <length>0x800</length>
         <used_space>0x0</used_space>
         <unused_space>0x800</unused_space>
         <attributes>RWIX</attributes>
         <usage_details>
         </usage_details>
      </memory_area>
      <memory_area display="yes" color="green">
         <name>CANB_MSG_RAM</name>
         <page_id>0x1</page_id>
         <origin>0x4b000</origin>
         <length>0x800</length>
         <used_space>0x0</used_space>
         <unused_space>0x800</unused_space>
         <attributes>RWIX</attributes>
         <usage_details>
         </usage_details>
      </memory_area>
   </placement_map>
   <cptbl_list>
      <cptbl>
         <name>__TI_cinit_table</name>
         <cprec>
            <name>.data</name>
            <load_address>0x128</load_address>
            <load_size>0x9</load_size>
            <run_address>0xab1a</run_address>
            <run_size>0x10</run_size>
            <compression>lzss</compression>
         </cprec>
         <cprec>
            <name>.bss</name>
            <load_address>0x138</load_address>
            <load_size>0x4</load_size>
            <run_address>0xab2a</run_address>
            <run_size>0x2</run_size>
            <compression>zero_init</compression>
         </cprec>
         <cprec>
            <name>ramgs0</name>
            <load_address>0x13c</load_address>
            <load_size>0x4</load_size>
            <run_address>0xc000</run_address>
            <run_size>0x200</run_size>
            <compression>zero_init</compression>
         </cprec>
      </cptbl>
   </cptbl_list>
   <handler_table>
      <handler_table_name>__TI_handler_table</handler_table_name>
      <handler>
         <index>0x0</index>
         <name>__TI_zero_init</name>
      </handler>
      <handler>
         <index>0x1</index>
         <name>__TI_decompress_lzss</name>
      </handler>
      <handler>
         <index>0x2</index>
         <name>__TI_decompress_none</name>
      </handler>
   </handler_table>
   <symbol_table>
      <symbol id="sm-1">
         <name>__TI_CINIT_Base</name>
         <value>0x140</value>
      </symbol>
      <symbol id="sm-2">
         <name>__TI_CINIT_Limit</name>
         <value>0x14c</value>
      </symbol>
      <symbol id="sm-3">
         <name>__TI_CINIT_Warm</name>
         <value>0x14c</value>
      </symbol>
      <symbol id="sm-4">
         <name>__TI_Handler_Table_Base</name>
         <value>0x132</value>
      </symbol>
      <symbol id="sm-5">
         <name>__TI_Handler_Table_Limit</name>
         <value>0x138</value>
      </symbol>
      <symbol id="sm-6">
         <name>__TI_STACK_SIZE</name>
         <value>0x3f8</value>
      </symbol>
      <symbol id="sm-7">
         <name>__TI_STACK_END</name>
         <value>0x7f8</value>
      </symbol>
      <symbol id="sm-8">
         <name>__TI_pprof_out_hndl</name>
         <value>0xffffffff</value>
      </symbol>
      <symbol id="sm-9">
         <name>__TI_prof_data_start</name>
         <value>0xffffffff</value>
      </symbol>
      <symbol id="sm-a">
         <name>__TI_prof_data_size</name>
         <value>0xffffffff</value>
      </symbol>
      <symbol id="sm-95">
         <name>INTERRUPT_init</name>
         <value>0xb774</value>
         <object_component_ref idref="oc-38"/>
      </symbol>
      <symbol id="sm-96">
         <name>adcAResults</name>
         <value>0xc000</value>
         <object_component_ref idref="oc-79"/>
      </symbol>
      <symbol id="sm-97">
         <name>initializeDMA</name>
         <value>0xb709</value>
         <object_component_ref idref="oc-38"/>
      </symbol>
      <symbol id="sm-98">
         <name>main</name>
         <value>0xb643</value>
         <object_component_ref idref="oc-38"/>
      </symbol>
      <symbol id="sm-99">
         <name>index</name>
         <value>0xab2a</value>
         <object_component_ref idref="oc-5b"/>
      </symbol>
      <symbol id="sm-9a">
         <name>bufferFull</name>
         <value>0xab2b</value>
         <object_component_ref idref="oc-5b"/>
      </symbol>
      <symbol id="sm-9b">
         <name>dmach1ISR</name>
         <value>0x8834</value>
         <object_component_ref idref="oc-32"/>
      </symbol>
      <symbol id="sm-9c">
         <name>SetSamplingRate</name>
         <value>0xb6ec</value>
         <object_component_ref idref="oc-38"/>
      </symbol>
      <symbol id="sm-9d">
         <name>initEPWM</name>
         <value>0xb6c4</value>
         <object_component_ref idref="oc-38"/>
      </symbol>
      <symbol id="sm-9e">
         <name>adcBResults</name>
         <value>0xc100</value>
         <object_component_ref idref="oc-79"/>
      </symbol>
      <symbol id="sm-9f">
         <name>configureDMAChannels</name>
         <value>0xb70f</value>
         <object_component_ref idref="oc-38"/>
      </symbol>
      <symbol id="sm-c9">
         <name>PinMux_init</name>
         <value>0x8377</value>
         <object_component_ref idref="oc-73"/>
      </symbol>
      <symbol id="sm-ca">
         <name>Board_init</name>
         <value>0x8370</value>
         <object_component_ref idref="oc-73"/>
      </symbol>
      <symbol id="sm-cb">
         <name>ADC_init</name>
         <value>0x8378</value>
         <object_component_ref idref="oc-73"/>
      </symbol>
      <symbol id="sm-da">
         <name>code_start</name>
         <value>0x0</value>
         <object_component_ref idref="oc-2d"/>
      </symbol>
      <symbol id="sm-10c">
         <name>Device_enableAllPeripherals</name>
         <value>0xb0eb</value>
         <object_component_ref idref="oc-61"/>
      </symbol>
      <symbol id="sm-10d">
         <name>Device_initGPIO</name>
         <value>0xb1d6</value>
         <object_component_ref idref="oc-61"/>
      </symbol>
      <symbol id="sm-10e">
         <name>Example_Fail</name>
         <value>0xab1e</value>
         <object_component_ref idref="oc-e8"/>
      </symbol>
      <symbol id="sm-10f">
         <name>Example_setResultFail</name>
         <value>0xb3f4</value>
         <object_component_ref idref="oc-61"/>
      </symbol>
      <symbol id="sm-110">
         <name>Device_bootCPU2</name>
         <value>0xb26e</value>
         <object_component_ref idref="oc-61"/>
      </symbol>
      <symbol id="sm-111">
         <name>Device_init</name>
         <value>0xb0ab</value>
         <object_component_ref idref="oc-61"/>
      </symbol>
      <symbol id="sm-112">
         <name>Example_Result</name>
         <value>0xab1a</value>
         <object_component_ref idref="oc-e8"/>
      </symbol>
      <symbol id="sm-113">
         <name>Device_enableUnbondedGPIOPullups</name>
         <value>0xb227</value>
         <object_component_ref idref="oc-61"/>
      </symbol>
      <symbol id="sm-114">
         <name>__error__</name>
         <value>0xb3e8</value>
         <object_component_ref idref="oc-61"/>
      </symbol>
      <symbol id="sm-115">
         <name>Example_setResultPass</name>
         <value>0xb3ef</value>
         <object_component_ref idref="oc-61"/>
      </symbol>
      <symbol id="sm-116">
         <name>Device_configureTMXAnalogTrim</name>
         <value>0xb23d</value>
         <object_component_ref idref="oc-61"/>
      </symbol>
      <symbol id="sm-117">
         <name>Device_enableUnbondedGPIOPullupsFor176Pin</name>
         <value>0xb1f7</value>
         <object_component_ref idref="oc-61"/>
      </symbol>
      <symbol id="sm-118">
         <name>Example_done</name>
         <value>0xb3f9</value>
         <object_component_ref idref="oc-61"/>
      </symbol>
      <symbol id="sm-119">
         <name>Example_PassCount</name>
         <value>0xab1c</value>
         <object_component_ref idref="oc-e8"/>
      </symbol>
      <symbol id="sm-11a">
         <name>Device_enableUnbondedGPIOPullupsFor100Pin</name>
         <value>0xb20a</value>
         <object_component_ref idref="oc-61"/>
      </symbol>
      <symbol id="sm-15b">
         <name>ADC_setOffsetTrim</name>
         <value>0x85ef</value>
         <object_component_ref idref="oc-185"/>
      </symbol>
      <symbol id="sm-15c">
         <name>ADC_setMode</name>
         <value>0x8897</value>
         <object_component_ref idref="oc-109"/>
      </symbol>
      <symbol id="sm-15d">
         <name>ADC_setINLTrim</name>
         <value>0xb781</value>
         <object_component_ref idref="oc-17f"/>
      </symbol>
      <symbol id="sm-19a">
         <name>DMA_configTransfer</name>
         <value>0x891f</value>
         <object_component_ref idref="oc-88"/>
      </symbol>
      <symbol id="sm-19b">
         <name>DMA_configAddresses</name>
         <value>0x899a</value>
         <object_component_ref idref="oc-7c"/>
      </symbol>
      <symbol id="sm-19c">
         <name>DMA_configBurst</name>
         <value>0x89bf</value>
         <object_component_ref idref="oc-82"/>
      </symbol>
      <symbol id="sm-19d">
         <name>DMA_configMode</name>
         <value>0x83f1</value>
         <object_component_ref idref="oc-8e"/>
      </symbol>
      <symbol id="sm-1d1">
         <name>GPIO_setQualificationMode</name>
         <value>0x876d</value>
         <object_component_ref idref="oc-d6"/>
      </symbol>
      <symbol id="sm-1d2">
         <name>GPIO_setDirectionMode</name>
         <value>0x8866</value>
         <object_component_ref idref="oc-d0"/>
      </symbol>
      <symbol id="sm-1d3">
         <name>GPIO_setPinConfig</name>
         <value>0x87a5</value>
         <object_component_ref idref="oc-dc"/>
      </symbol>
      <symbol id="sm-1d4">
         <name>GPIO_setMasterCore</name>
         <value>0x8735</value>
         <object_component_ref idref="oc-e2"/>
      </symbol>
      <symbol id="sm-226">
         <name>Interrupt_initModule</name>
         <value>0x86f8</value>
         <object_component_ref idref="oc-67"/>
      </symbol>
      <symbol id="sm-227">
         <name>Interrupt_enable</name>
         <value>0x8800</value>
         <object_component_ref idref="oc-94"/>
      </symbol>
      <symbol id="sm-228">
         <name>Interrupt_initVectorTable</name>
         <value>0x8a22</value>
         <object_component_ref idref="oc-6d"/>
      </symbol>
      <symbol id="sm-304">
         <name>SysCtl_delay</name>
         <value>0x123</value>
         <object_component_ref idref="oc-10f"/>
      </symbol>
      <symbol id="sm-305">
         <name>SysCtl_getDeviceParametric</name>
         <value>0x8587</value>
         <object_component_ref idref="oc-b7"/>
      </symbol>
      <symbol id="sm-306">
         <name>SysCtl_selectXTAL</name>
         <value>0x851c</value>
         <object_component_ref idref="oc-1d8"/>
      </symbol>
      <symbol id="sm-307">
         <name>SysCtl_selectOscSource</name>
         <value>0x8653</value>
         <object_component_ref idref="oc-14c"/>
      </symbol>
      <symbol id="sm-308">
         <name>SysCtl_getLowSpeedClock</name>
         <value>0x8a92</value>
         <object_component_ref idref="oc-ca"/>
      </symbol>
      <symbol id="sm-309">
         <name>SysCtl_setClock</name>
         <value>0x8000</value>
         <object_component_ref idref="oc-bd"/>
      </symbol>
      <symbol id="sm-30a">
         <name>SysCtl_getClock</name>
         <value>0x86a7</value>
         <object_component_ref idref="oc-c3"/>
      </symbol>
      <symbol id="sm-314">
         <name>_c_int00</name>
         <value>0x8ac5</value>
         <object_component_ref idref="oc-ac"/>
      </symbol>
      <symbol id="sm-315">
         <name>__stack</name>
         <value>0x400</value>
         <object_component_ref idref="oc-3e"/>
      </symbol>
      <symbol id="sm-322">
         <name>__c28xabi_divf</name>
         <value>0x8494</value>
         <object_component_ref idref="oc-158"/>
      </symbol>
      <symbol id="sm-32f">
         <name>_system_pre_init</name>
         <value>0x8ba1</value>
         <object_component_ref idref="oc-12f"/>
      </symbol>
      <symbol id="sm-33e">
         <name>__TI_auto_init_nobinit_nopinit</name>
         <value>0x88f4</value>
         <object_component_ref idref="oc-19a"/>
      </symbol>
      <symbol id="sm-34d">
         <name>__TI_zero_init_nomemset</name>
         <value>0x8b5c</value>
         <object_component_ref idref="oc-49"/>
      </symbol>
      <symbol id="sm-35a">
         <name>__TI_decompress_none</name>
         <value>0x8b8e</value>
         <object_component_ref idref="oc-26"/>
      </symbol>
      <symbol id="sm-36e">
         <name>__TI_decompress_lzss</name>
         <value>0x88c6</value>
         <object_component_ref idref="oc-20"/>
      </symbol>
      <symbol id="sm-384">
         <name>C$$EXIT</name>
         <value>0x8971</value>
         <object_component_ref idref="oc-13c"/>
      </symbol>
      <symbol id="sm-385">
         <name>abort</name>
         <value>0x8971</value>
         <object_component_ref idref="oc-13c"/>
      </symbol>
      <symbol id="sm-386">
         <name>exit</name>
         <value>0x8973</value>
         <object_component_ref idref="oc-13c"/>
      </symbol>
      <symbol id="sm-387">
         <name>__TI_dtors_ptr</name>
         <value>0xab24</value>
         <object_component_ref idref="oc-1cc"/>
      </symbol>
      <symbol id="sm-388">
         <name>__TI_cleanup_ptr</name>
         <value>0xab22</value>
         <object_component_ref idref="oc-1cc"/>
      </symbol>
      <symbol id="sm-389">
         <name>__TI_enable_exit_profile_output</name>
         <value>0xab20</value>
         <object_component_ref idref="oc-1cc"/>
      </symbol>
      <symbol id="sm-3a0">
         <name>_nop</name>
         <value>0x8b85</value>
         <object_component_ref idref="oc-208"/>
      </symbol>
      <symbol id="sm-3a1">
         <name>_lock</name>
         <value>0xab26</value>
         <object_component_ref idref="oc-1cf"/>
      </symbol>
      <symbol id="sm-3a2">
         <name>_unlock</name>
         <value>0xab28</value>
         <object_component_ref idref="oc-24c"/>
      </symbol>
      <symbol id="sm-3a3">
         <name>_register_lock</name>
         <value>0x8b81</value>
         <object_component_ref idref="oc-208"/>
      </symbol>
      <symbol id="sm-3a4">
         <name>_register_unlock</name>
         <value>0x8b7d</value>
         <object_component_ref idref="oc-208"/>
      </symbol>
      <symbol id="sm-3b3">
         <name>_args_main</name>
         <value>0xb7f4</value>
         <object_component_ref idref="oc-136"/>
      </symbol>
      <symbol id="sm-3c7">
         <name>memcpy</name>
         <value>0x8a40</value>
         <object_component_ref idref="oc-41"/>
      </symbol>
      <symbol id="sm-3d4">
         <name>_system_post_cinit</name>
         <value>0x8ba3</value>
         <object_component_ref idref="oc-1ee"/>
      </symbol>
      <symbol id="sm-3d6">
         <name>__c_args__</name>
         <value>0x0</value>
      </symbol>
   </symbol_table>
   <title>Link successful</title>
</link_info>
