<?xml version="1.0" encoding="ISO-8859-1" ?>
<link_info>
   <banner>TMS320C2000 Linker PC v22.6.0.LTS</banner>
   <copyright>Copyright (c) 1996-2018 Texas Instruments Incorporated</copyright>
   <link_time>0x685d5674</link_time>
   <link_errors>0x0</link_errors>
   <output_file>adc_soc_multiple_epwm.out</output_file>
   <entry_point>
      <name>code_start</name>
      <address>0x0</address>
   </entry_point>
   <input_file_list>
      <input_file id="fl-2">
         <path>.\</path>
         <kind>object</kind>
         <file>adc_multiple_soc_epwm.obj</file>
         <name>adc_multiple_soc_epwm.obj</name>
      </input_file>
      <input_file id="fl-3">
         <path>.\syscfg\</path>
         <kind>object</kind>
         <file>board.obj</file>
         <name>board.obj</name>
      </input_file>
      <input_file id="fl-4">
         <path>.\device\</path>
         <kind>object</kind>
         <file>F2837xD_CodeStartBranch.obj</file>
         <name>F2837xD_CodeStartBranch.obj</name>
      </input_file>
      <input_file id="fl-5">
         <path>.\device\</path>
         <kind>object</kind>
         <file>device.obj</file>
         <name>device.obj</name>
      </input_file>
      <input_file id="fl-b">
         <kind>object</kind>
         <file>&lt;internal&gt;</file>
         <name>&lt;internal&gt;</name>
      </input_file>
      <input_file id="fl-12">
         <path>D:\ti\c2000\C2000Ware_4_00_00_00\driverlib\f2837xd\driverlib\ccs\Debug\</path>
         <kind>archive</kind>
         <file>driverlib_eabi.lib</file>
         <name>adc.obj</name>
      </input_file>
      <input_file id="fl-13">
         <path>D:\ti\c2000\C2000Ware_4_00_00_00\driverlib\f2837xd\driverlib\ccs\Debug\</path>
         <kind>archive</kind>
         <file>driverlib_eabi.lib</file>
         <name>gpio.obj</name>
      </input_file>
      <input_file id="fl-14">
         <path>D:\ti\c2000\C2000Ware_4_00_00_00\driverlib\f2837xd\driverlib\ccs\Debug\</path>
         <kind>archive</kind>
         <file>driverlib_eabi.lib</file>
         <name>interrupt.obj</name>
      </input_file>
      <input_file id="fl-15">
         <path>D:\ti\c2000\C2000Ware_4_00_00_00\driverlib\f2837xd\driverlib\ccs\Debug\</path>
         <kind>archive</kind>
         <file>driverlib_eabi.lib</file>
         <name>sysctl.obj</name>
      </input_file>
      <input_file id="fl-21">
         <path>D:\ti\ccs1210\ccs\tools\compiler\ti-cgt-c2000_22.6.0.LTS\lib\</path>
         <kind>archive</kind>
         <file>rts2800_fpu32_eabi.lib</file>
         <name>boot28.asm.obj</name>
      </input_file>
      <input_file id="fl-22">
         <path>D:\ti\ccs1210\ccs\tools\compiler\ti-cgt-c2000_22.6.0.LTS\lib\</path>
         <kind>archive</kind>
         <file>rts2800_fpu32_eabi.lib</file>
         <name>fs_div28.asm.obj</name>
      </input_file>
      <input_file id="fl-23">
         <path>D:\ti\ccs1210\ccs\tools\compiler\ti-cgt-c2000_22.6.0.LTS\lib\</path>
         <kind>archive</kind>
         <file>rts2800_fpu32_eabi.lib</file>
         <name>pre_init.c.obj</name>
      </input_file>
      <input_file id="fl-24">
         <path>D:\ti\ccs1210\ccs\tools\compiler\ti-cgt-c2000_22.6.0.LTS\lib\</path>
         <kind>archive</kind>
         <file>rts2800_fpu32_eabi.lib</file>
         <name>autoinit.c.obj</name>
      </input_file>
      <input_file id="fl-25">
         <path>D:\ti\ccs1210\ccs\tools\compiler\ti-cgt-c2000_22.6.0.LTS\lib\</path>
         <kind>archive</kind>
         <file>rts2800_fpu32_eabi.lib</file>
         <name>copy_zero_init.c.obj</name>
      </input_file>
      <input_file id="fl-26">
         <path>D:\ti\ccs1210\ccs\tools\compiler\ti-cgt-c2000_22.6.0.LTS\lib\</path>
         <kind>archive</kind>
         <file>rts2800_fpu32_eabi.lib</file>
         <name>copy_decompress_none.c.obj</name>
      </input_file>
      <input_file id="fl-27">
         <path>D:\ti\ccs1210\ccs\tools\compiler\ti-cgt-c2000_22.6.0.LTS\lib\</path>
         <kind>archive</kind>
         <file>rts2800_fpu32_eabi.lib</file>
         <name>copy_decompress_lzss.c.obj</name>
      </input_file>
      <input_file id="fl-28">
         <path>D:\ti\ccs1210\ccs\tools\compiler\ti-cgt-c2000_22.6.0.LTS\lib\</path>
         <kind>archive</kind>
         <file>rts2800_fpu32_eabi.lib</file>
         <name>exit.c.obj</name>
      </input_file>
      <input_file id="fl-29">
         <path>D:\ti\ccs1210\ccs\tools\compiler\ti-cgt-c2000_22.6.0.LTS\lib\</path>
         <kind>archive</kind>
         <file>rts2800_fpu32_eabi.lib</file>
         <name>_lock.c.obj</name>
      </input_file>
      <input_file id="fl-2a">
         <path>D:\ti\ccs1210\ccs\tools\compiler\ti-cgt-c2000_22.6.0.LTS\lib\</path>
         <kind>archive</kind>
         <file>rts2800_fpu32_eabi.lib</file>
         <name>args_main.c.obj</name>
      </input_file>
      <input_file id="fl-2b">
         <path>D:\ti\ccs1210\ccs\tools\compiler\ti-cgt-c2000_22.6.0.LTS\lib\</path>
         <kind>archive</kind>
         <file>rts2800_fpu32_eabi.lib</file>
         <name>memset.c.obj</name>
      </input_file>
      <input_file id="fl-2c">
         <path>D:\ti\ccs1210\ccs\tools\compiler\ti-cgt-c2000_22.6.0.LTS\lib\</path>
         <kind>archive</kind>
         <file>rts2800_fpu32_eabi.lib</file>
         <name>cpy_tbl.c.obj</name>
      </input_file>
      <input_file id="fl-2d">
         <path>D:\ti\ccs1210\ccs\tools\compiler\ti-cgt-c2000_22.6.0.LTS\lib\</path>
         <kind>archive</kind>
         <file>rts2800_fpu32_eabi.lib</file>
         <name>memcpy.c.obj</name>
      </input_file>
      <input_file id="fl-2e">
         <path>D:\ti\ccs1210\ccs\tools\compiler\ti-cgt-c2000_22.6.0.LTS\lib\</path>
         <kind>archive</kind>
         <file>rts2800_fpu32_eabi.lib</file>
         <name>startup.c.obj</name>
      </input_file>
   </input_file_list>
   <object_component_list>
      <object_component id="oc-2d">
         <name>codestart</name>
         <load_address>0x0</load_address>
         <run_address>0x0</run_address>
         <size>0x2</size>
         <input_file_ref idref="fl-4"/>
      </object_component>
      <object_component id="oc-38">
         <name>.text</name>
         <load_address>0x8000</load_address>
         <run_address>0x8000</run_address>
         <size>0x24a</size>
         <input_file_ref idref="fl-3"/>
      </object_component>
      <object_component id="oc-c0">
         <name>.text:SysCtl_setClock</name>
         <load_address>0x824a</load_address>
         <run_address>0x824a</run_address>
         <size>0x207</size>
         <input_file_ref idref="fl-15"/>
      </object_component>
      <object_component id="oc-1c5">
         <name>.text:SysCtl_selectXTAL</name>
         <load_address>0x8451</load_address>
         <run_address>0x8451</run_address>
         <size>0x6b</size>
         <input_file_ref idref="fl-15"/>
      </object_component>
      <object_component id="oc-ba">
         <name>.text:SysCtl_getDeviceParametric</name>
         <load_address>0x84bc</load_address>
         <run_address>0x84bc</run_address>
         <size>0x68</size>
         <input_file_ref idref="fl-15"/>
      </object_component>
      <object_component id="oc-fd">
         <name>.text:ADC_setOffsetTrim</name>
         <load_address>0x8524</load_address>
         <run_address>0x8524</run_address>
         <size>0x64</size>
         <input_file_ref idref="fl-12"/>
      </object_component>
      <object_component id="oc-14f">
         <name>.text:SysCtl_selectOscSource</name>
         <load_address>0x8588</load_address>
         <run_address>0x8588</run_address>
         <size>0x54</size>
         <input_file_ref idref="fl-15"/>
      </object_component>
      <object_component id="oc-c6">
         <name>.text:SysCtl_getClock</name>
         <load_address>0x85dc</load_address>
         <run_address>0x85dc</run_address>
         <size>0x51</size>
         <input_file_ref idref="fl-15"/>
      </object_component>
      <object_component id="oc-a2">
         <name>.text:Interrupt_initModule</name>
         <load_address>0x862d</load_address>
         <run_address>0x862d</run_address>
         <size>0x3d</size>
         <input_file_ref idref="fl-14"/>
      </object_component>
      <object_component id="oc-e5">
         <name>.text:GPIO_setMasterCore</name>
         <load_address>0x866a</load_address>
         <run_address>0x866a</run_address>
         <size>0x38</size>
         <input_file_ref idref="fl-13"/>
      </object_component>
      <object_component id="oc-d9">
         <name>.text:GPIO_setQualificationMode</name>
         <load_address>0x86a2</load_address>
         <run_address>0x86a2</run_address>
         <size>0x38</size>
         <input_file_ref idref="fl-13"/>
      </object_component>
      <object_component id="oc-df">
         <name>.text:GPIO_setPinConfig</name>
         <load_address>0x86da</load_address>
         <run_address>0x86da</run_address>
         <size>0x37</size>
         <input_file_ref idref="fl-13"/>
      </object_component>
      <object_component id="oc-80">
         <name>.text:Interrupt_enable</name>
         <load_address>0x8711</load_address>
         <run_address>0x8711</run_address>
         <size>0x34</size>
         <input_file_ref idref="fl-14"/>
      </object_component>
      <object_component id="oc-d3">
         <name>.text:GPIO_setDirectionMode</name>
         <load_address>0x8745</load_address>
         <run_address>0x8745</run_address>
         <size>0x31</size>
         <input_file_ref idref="fl-13"/>
      </object_component>
      <object_component id="oc-79">
         <name>.text:ADC_setMode</name>
         <load_address>0x8776</load_address>
         <run_address>0x8776</run_address>
         <size>0x2f</size>
         <input_file_ref idref="fl-12"/>
      </object_component>
      <object_component id="oc-20">
         <name>.text:decompress:lzss</name>
         <load_address>0x87a5</load_address>
         <run_address>0x87a5</run_address>
         <size>0x2e</size>
         <input_file_ref idref="fl-27"/>
      </object_component>
      <object_component id="oc-184">
         <name>.text:__TI_auto_init_nobinit_nopinit</name>
         <load_address>0x87d3</load_address>
         <run_address>0x87d3</run_address>
         <size>0x2b</size>
         <input_file_ref idref="fl-24"/>
      </object_component>
      <object_component id="oc-13f">
         <name>.text:Interrupt_illegalOperationHandler</name>
         <load_address>0x87fe</load_address>
         <run_address>0x87fe</run_address>
         <size>0x2</size>
         <input_file_ref idref="fl-14"/>
      </object_component>
      <object_component id="oc-12b">
         <name>.text</name>
         <load_address>0x8800</load_address>
         <run_address>0x8800</run_address>
         <size>0x29</size>
         <input_file_ref idref="fl-28"/>
      </object_component>
      <object_component id="oc-20d">
         <name>.text:CPUTimer_selectClockSource</name>
         <load_address>0x8829</load_address>
         <run_address>0x8829</run_address>
         <size>0x24</size>
         <input_file_ref idref="fl-15"/>
      </object_component>
      <object_component id="oc-246">
         <name>.text:CPUTimer_getTimerOverflowStatus</name>
         <load_address>0x884d</load_address>
         <run_address>0x884d</run_address>
         <size>0x20</size>
         <input_file_ref idref="fl-15"/>
      </object_component>
      <object_component id="oc-f0">
         <name>.text:ADC_isBaseValid</name>
         <load_address>0x886d</load_address>
         <run_address>0x886d</run_address>
         <size>0x1f</size>
         <input_file_ref idref="fl-12"/>
      </object_component>
      <object_component id="oc-a8">
         <name>.text:Interrupt_initVectorTable</name>
         <load_address>0x888c</load_address>
         <run_address>0x888c</run_address>
         <size>0x1e</size>
         <input_file_ref idref="fl-14"/>
      </object_component>
      <object_component id="oc-41">
         <name>.text</name>
         <load_address>0x88aa</load_address>
         <run_address>0x88aa</run_address>
         <size>0x1d</size>
         <input_file_ref idref="fl-2d"/>
      </object_component>
      <object_component id="oc-219">
         <name>.text:CPUTimer_startTimer</name>
         <load_address>0x88c7</load_address>
         <run_address>0x88c7</run_address>
         <size>0x1b</size>
         <input_file_ref idref="fl-15"/>
      </object_component>
      <object_component id="oc-23a">
         <name>.text:CPUTimer_isBaseValid</name>
         <load_address>0x88e2</load_address>
         <run_address>0x88e2</run_address>
         <size>0x1a</size>
         <input_file_ref idref="fl-15"/>
      </object_component>
      <object_component id="oc-cd">
         <name>.text:SysCtl_getLowSpeedClock</name>
         <load_address>0x88fc</load_address>
         <run_address>0x88fc</run_address>
         <size>0x1a</size>
         <input_file_ref idref="fl-15"/>
      </object_component>
      <object_component id="oc-21f">
         <name>.text:SysCtl_pollCpuTimer</name>
         <load_address>0x8916</load_address>
         <run_address>0x8916</run_address>
         <size>0x19</size>
         <input_file_ref idref="fl-15"/>
      </object_component>
      <object_component id="oc-99">
         <name>.text</name>
         <load_address>0x892f</load_address>
         <run_address>0x892f</run_address>
         <size>0x17</size>
         <input_file_ref idref="fl-21"/>
      </object_component>
      <object_component id="oc-201">
         <name>.text:CPUTimer_stopTimer</name>
         <load_address>0x8946</load_address>
         <run_address>0x8946</run_address>
         <size>0x14</size>
         <input_file_ref idref="fl-15"/>
      </object_component>
      <object_component id="oc-213">
         <name>.text:CPUTimer_clearOverflowFlag</name>
         <load_address>0x895a</load_address>
         <run_address>0x895a</run_address>
         <size>0x12</size>
         <input_file_ref idref="fl-15"/>
      </object_component>
      <object_component id="oc-1fb">
         <name>.text:CPUTimer_disableInterrupt</name>
         <load_address>0x896c</load_address>
         <run_address>0x896c</run_address>
         <size>0x12</size>
         <input_file_ref idref="fl-15"/>
      </object_component>
      <object_component id="oc-207">
         <name>.text:CPUTimer_setPeriod</name>
         <load_address>0x897e</load_address>
         <run_address>0x897e</run_address>
         <size>0x12</size>
         <input_file_ref idref="fl-15"/>
      </object_component>
      <object_component id="oc-163">
         <name>.text:GPIO_isPinValid</name>
         <load_address>0x8990</load_address>
         <run_address>0x8990</run_address>
         <size>0xe</size>
         <input_file_ref idref="fl-13"/>
      </object_component>
      <object_component id="oc-133">
         <name>.text:Interrupt_defaultHandler</name>
         <load_address>0x899e</load_address>
         <run_address>0x899e</run_address>
         <size>0xe</size>
         <input_file_ref idref="fl-14"/>
      </object_component>
      <object_component id="oc-10b">
         <name>.text:Interrupt_enableMaster</name>
         <load_address>0x89ac</load_address>
         <run_address>0x89ac</run_address>
         <size>0xd</size>
         <input_file_ref idref="fl-14"/>
      </object_component>
      <object_component id="oc-125">
         <name>.text</name>
         <load_address>0x89b9</load_address>
         <run_address>0x89b9</run_address>
         <size>0xc</size>
         <input_file_ref idref="fl-2a"/>
      </object_component>
      <object_component id="oc-149">
         <name>.text:SysCtl_isMCDClockFailureDetected</name>
         <load_address>0x89c5</load_address>
         <run_address>0x89c5</run_address>
         <size>0xb</size>
         <input_file_ref idref="fl-15"/>
      </object_component>
      <object_component id="oc-155">
         <name>.text:SysCtl_serviceWatchdog</name>
         <load_address>0x89d0</load_address>
         <run_address>0x89d0</run_address>
         <size>0x9</size>
         <input_file_ref idref="fl-15"/>
      </object_component>
      <object_component id="oc-1ef">
         <name>.text</name>
         <load_address>0x89d9</load_address>
         <run_address>0x89d9</run_address>
         <size>0x9</size>
         <input_file_ref idref="fl-29"/>
      </object_component>
      <object_component id="oc-55">
         <name>.text</name>
         <load_address>0x89e2</load_address>
         <run_address>0x89e2</run_address>
         <size>0x8</size>
         <input_file_ref idref="fl-4"/>
      </object_component>
      <object_component id="oc-26">
         <name>.text:decompress:none</name>
         <load_address>0x89ea</load_address>
         <run_address>0x89ea</run_address>
         <size>0x8</size>
         <input_file_ref idref="fl-26"/>
      </object_component>
      <object_component id="oc-225">
         <name>.text:SysCtl_resetMCD</name>
         <load_address>0x89f2</load_address>
         <run_address>0x89f2</run_address>
         <size>0x7</size>
         <input_file_ref idref="fl-15"/>
      </object_component>
      <object_component id="oc-92">
         <name>.text</name>
         <load_address>0x89f9</load_address>
         <run_address>0x89f9</run_address>
         <size>0x7</size>
         <input_file_ref idref="fl-2b"/>
      </object_component>
      <object_component id="oc-4f">
         <name>.text:decompress:ZI</name>
         <load_address>0x8a00</load_address>
         <run_address>0x8a00</run_address>
         <size>0x6</size>
         <input_file_ref idref="fl-25"/>
      </object_component>
      <object_component id="oc-139">
         <name>.text:Interrupt_nmiHandler</name>
         <load_address>0x8a06</load_address>
         <run_address>0x8a06</run_address>
         <size>0x2</size>
         <input_file_ref idref="fl-14"/>
      </object_component>
      <object_component id="oc-11e">
         <name>.text</name>
         <load_address>0x8a08</load_address>
         <run_address>0x8a08</run_address>
         <size>0x2</size>
         <input_file_ref idref="fl-23"/>
      </object_component>
      <object_component id="oc-1d5">
         <name>.text</name>
         <load_address>0x8a0a</load_address>
         <run_address>0x8a0a</run_address>
         <size>0x1</size>
         <input_file_ref idref="fl-2e"/>
      </object_component>
      <object_component id="oc-73">
         <name>.text</name>
         <load_address>0xb000</load_address>
         <run_address>0xb000</run_address>
         <size>0x3fa</size>
         <input_file_ref idref="fl-5"/>
      </object_component>
      <object_component id="oc-5e">
         <name>.text</name>
         <load_address>0xb3fa</load_address>
         <run_address>0xb3fa</run_address>
         <size>0x283</size>
         <input_file_ref idref="fl-2"/>
      </object_component>
      <object_component id="oc-15b">
         <name>.text</name>
         <load_address>0xb67d</load_address>
         <run_address>0xb67d</run_address>
         <size>0x88</size>
         <input_file_ref idref="fl-22"/>
      </object_component>
      <object_component id="oc-32">
         <name>.text:retain</name>
         <load_address>0xb705</load_address>
         <run_address>0xb705</run_address>
         <size>0x7b</size>
         <input_file_ref idref="fl-2"/>
      </object_component>
      <object_component id="oc-f7">
         <name>.text:ADC_setINLTrim</name>
         <load_address>0xb780</load_address>
         <run_address>0xb780</run_address>
         <size>0x73</size>
         <input_file_ref idref="fl-12"/>
      </object_component>
      <object_component id="oc-105">
         <name>.text:Interrupt_disableMaster</name>
         <load_address>0xb7f3</load_address>
         <run_address>0xb7f3</run_address>
         <size>0xd</size>
         <input_file_ref idref="fl-14"/>
      </object_component>
      <object_component id="oc-28c">
         <name>.cinit..data.load</name>
         <load_address>0x128</load_address>
         <run_address>0x128</run_address>
         <size>0xa</size>
      </object_component>
      <object_component id="oc-289">
         <name>__TI_handler_table</name>
         <load_address>0x132</load_address>
         <run_address>0x132</run_address>
         <size>0x6</size>
      </object_component>
      <object_component id="oc-28b">
         <name>.cinit..bss.load</name>
         <load_address>0x138</load_address>
         <run_address>0x138</run_address>
         <size>0x4</size>
      </object_component>
      <object_component id="oc-28a">
         <name>__TI_cinit_table</name>
         <load_address>0x13c</load_address>
         <run_address>0x13c</run_address>
         <size>0x8</size>
      </object_component>
      <object_component id="oc-3e">
         <name>.stack</name>
         <uninitialized>true</uninitialized>
         <run_address>0x400</run_address>
         <size>0x0</size>
         <input_file_ref idref="fl-21"/>
      </object_component>
      <object_component id="oc-28d">
         <name>.stack</name>
         <uninitialized>true</uninitialized>
         <run_address>0x400</run_address>
         <size>0x0</size>
      </object_component>
      <object_component id="oc-5b">
         <name>.bss</name>
         <uninitialized>true</uninitialized>
         <run_address>0xac00</run_address>
         <size>0x2</size>
         <input_file_ref idref="fl-2"/>
      </object_component>
      <object_component id="oc-64">
         <name>.bss:adcAResults</name>
         <uninitialized>true</uninitialized>
         <run_address>0xa800</run_address>
         <size>0x100</size>
         <input_file_ref idref="fl-2"/>
      </object_component>
      <object_component id="oc-67">
         <name>.bss:adcBResults</name>
         <uninitialized>true</uninitialized>
         <run_address>0xa900</run_address>
         <size>0x100</size>
         <input_file_ref idref="fl-2"/>
      </object_component>
      <object_component id="oc-6a">
         <name>.bss:adcCResults1</name>
         <uninitialized>true</uninitialized>
         <run_address>0xaa00</run_address>
         <size>0x100</size>
         <input_file_ref idref="fl-2"/>
      </object_component>
      <object_component id="oc-6d">
         <name>.bss:adcCResults2</name>
         <uninitialized>true</uninitialized>
         <run_address>0xab00</run_address>
         <size>0x100</size>
         <input_file_ref idref="fl-2"/>
      </object_component>
      <object_component id="oc-148">
         <name>.const:.string</name>
         <load_address>0xac02</load_address>
         <run_address>0xac02</run_address>
         <size>0xc2</size>
         <input_file_ref idref="fl-15"/>
      </object_component>
      <object_component id="oc-169">
         <name>.const:.string</name>
         <load_address>0xacc4</load_address>
         <run_address>0xacc4</run_address>
         <size>0xbc</size>
         <input_file_ref idref="fl-13"/>
      </object_component>
      <object_component id="oc-a1">
         <name>.const:.string</name>
         <load_address>0xad80</load_address>
         <run_address>0xad80</run_address>
         <size>0x88</size>
         <input_file_ref idref="fl-2"/>
      </object_component>
      <object_component id="oc-f6">
         <name>.const:.string</name>
         <load_address>0xae08</load_address>
         <run_address>0xae08</run_address>
         <size>0x5d</size>
         <input_file_ref idref="fl-12"/>
      </object_component>
      <object_component id="oc-72">
         <name>.const:.string</name>
         <load_address>0xae66</load_address>
         <run_address>0xae66</run_address>
         <size>0x43</size>
         <input_file_ref idref="fl-3"/>
      </object_component>
      <object_component id="oc-cc">
         <name>.const:.string</name>
         <load_address>0xaeaa</load_address>
         <run_address>0xaeaa</run_address>
         <size>0x13</size>
         <input_file_ref idref="fl-5"/>
      </object_component>
      <object_component id="oc-eb">
         <name>.data</name>
         <load_address>0xaec0</load_address>
         <run_address>0xaec0</run_address>
         <size>0x6</size>
         <input_file_ref idref="fl-5"/>
      </object_component>
      <object_component id="oc-1b6">
         <name>.data</name>
         <load_address>0xaec6</load_address>
         <run_address>0xaec6</run_address>
         <size>0x6</size>
         <input_file_ref idref="fl-28"/>
      </object_component>
      <object_component id="oc-1b9">
         <name>.data:_lock</name>
         <load_address>0xaebe</load_address>
         <run_address>0xaebe</run_address>
         <size>0x2</size>
         <input_file_ref idref="fl-29"/>
      </object_component>
      <object_component id="oc-233">
         <name>.data:_unlock</name>
         <load_address>0xaecc</load_address>
         <run_address>0xaecc</run_address>
         <size>0x2</size>
         <input_file_ref idref="fl-29"/>
      </object_component>
      <object_component id="oc-7f">
         <name>.TI.ramfunc</name>
         <load_address>0x123</load_address>
         <run_address>0x123</run_address>
         <size>0x4</size>
         <input_file_ref idref="fl-15"/>
      </object_component>
      <object_component id="oc-71">
         <name>.debug_types</name>
         <load_address>0x0</load_address>
         <run_address>0x0</run_address>
         <size>0xd92</size>
         <input_file_ref idref="fl-2"/>
      </object_component>
      <object_component id="oc-87">
         <name>.debug_types</name>
         <load_address>0xd92</load_address>
         <run_address>0xd92</run_address>
         <size>0xd59</size>
         <input_file_ref idref="fl-3"/>
      </object_component>
      <object_component id="oc-ef">
         <name>.debug_types</name>
         <load_address>0x1aeb</load_address>
         <run_address>0x1aeb</run_address>
         <size>0x103d</size>
         <input_file_ref idref="fl-5"/>
      </object_component>
      <object_component id="oc-104">
         <name>.debug_types</name>
         <load_address>0x2b28</load_address>
         <run_address>0x2b28</run_address>
         <size>0x12c</size>
         <input_file_ref idref="fl-12"/>
      </object_component>
      <object_component id="oc-16b">
         <name>.debug_types</name>
         <load_address>0x2c54</load_address>
         <run_address>0x2c54</run_address>
         <size>0x334</size>
         <input_file_ref idref="fl-13"/>
      </object_component>
      <object_component id="oc-112">
         <name>.debug_types</name>
         <load_address>0x0</load_address>
         <run_address>0x0</run_address>
         <size>0x0</size>
         <input_file_ref idref="fl-14"/>
      </object_component>
      <object_component id="oc-147">
         <name>.debug_types</name>
         <load_address>0x2f88</load_address>
         <run_address>0x2f88</run_address>
         <size>0x254</size>
         <input_file_ref idref="fl-15"/>
      </object_component>
      <object_component id="oc-183">
         <name>.debug_types</name>
         <load_address>0x0</load_address>
         <run_address>0x0</run_address>
         <size>0x0</size>
         <input_file_ref idref="fl-23"/>
      </object_component>
      <object_component id="oc-1dc">
         <name>.debug_types</name>
         <load_address>0x31dc</load_address>
         <run_address>0x31dc</run_address>
         <size>0x49b</size>
         <input_file_ref idref="fl-24"/>
      </object_component>
      <object_component id="oc-91">
         <name>.debug_types</name>
         <load_address>0x3677</load_address>
         <run_address>0x3677</run_address>
         <size>0x1f3</size>
         <input_file_ref idref="fl-25"/>
      </object_component>
      <object_component id="oc-48">
         <name>.debug_types</name>
         <load_address>0x0</load_address>
         <run_address>0x0</run_address>
         <size>0x0</size>
         <input_file_ref idref="fl-26"/>
      </object_component>
      <object_component id="oc-40">
         <name>.debug_types</name>
         <load_address>0x386a</load_address>
         <run_address>0x386a</run_address>
         <size>0x191</size>
         <input_file_ref idref="fl-27"/>
      </object_component>
      <object_component id="oc-1bd">
         <name>.debug_types</name>
         <load_address>0x39fb</load_address>
         <run_address>0x39fb</run_address>
         <size>0xbf</size>
         <input_file_ref idref="fl-28"/>
      </object_component>
      <object_component id="oc-1f7">
         <name>.debug_types</name>
         <load_address>0x3aba</load_address>
         <run_address>0x3aba</run_address>
         <size>0x2f</size>
         <input_file_ref idref="fl-29"/>
      </object_component>
      <object_component id="oc-1b5">
         <name>.debug_types</name>
         <load_address>0x3ae9</load_address>
         <run_address>0x3ae9</run_address>
         <size>0xe1</size>
         <input_file_ref idref="fl-2a"/>
      </object_component>
      <object_component id="oc-11d">
         <name>.debug_types</name>
         <load_address>0x3bca</load_address>
         <run_address>0x3bca</run_address>
         <size>0x2f</size>
         <input_file_ref idref="fl-2b"/>
      </object_component>
      <object_component id="oc-8c">
         <name>.debug_types</name>
         <load_address>0x3bf9</load_address>
         <run_address>0x3bf9</run_address>
         <size>0x89</size>
         <input_file_ref idref="fl-2d"/>
      </object_component>
      <object_component id="oc-22d">
         <name>.debug_types</name>
         <load_address>0x0</load_address>
         <run_address>0x0</run_address>
         <size>0x0</size>
         <input_file_ref idref="fl-2e"/>
      </object_component>
      <object_component id="oc-5c">
         <name>.debug_info</name>
         <load_address>0x0</load_address>
         <run_address>0x0</run_address>
         <size>0x10d</size>
         <input_file_ref idref="fl-2"/>
      </object_component>
      <object_component id="oc-65">
         <name>.debug_info</name>
         <load_address>0x10d</load_address>
         <run_address>0x10d</run_address>
         <size>0xf1</size>
         <input_file_ref idref="fl-2"/>
      </object_component>
      <object_component id="oc-68">
         <name>.debug_info</name>
         <load_address>0x1fe</load_address>
         <run_address>0x1fe</run_address>
         <size>0xf1</size>
         <input_file_ref idref="fl-2"/>
      </object_component>
      <object_component id="oc-6b">
         <name>.debug_info</name>
         <load_address>0x2ef</load_address>
         <run_address>0x2ef</run_address>
         <size>0xf3</size>
         <input_file_ref idref="fl-2"/>
      </object_component>
      <object_component id="oc-6e">
         <name>.debug_info</name>
         <load_address>0x3e2</load_address>
         <run_address>0x3e2</run_address>
         <size>0xf3</size>
         <input_file_ref idref="fl-2"/>
      </object_component>
      <object_component id="oc-62">
         <name>.debug_info</name>
         <load_address>0x4d5</load_address>
         <run_address>0x4d5</run_address>
         <size>0x1283</size>
         <input_file_ref idref="fl-2"/>
      </object_component>
      <object_component id="oc-33">
         <name>.debug_info</name>
         <load_address>0x1758</load_address>
         <run_address>0x1758</run_address>
         <size>0x206</size>
         <input_file_ref idref="fl-2"/>
      </object_component>
      <object_component id="oc-39">
         <name>.debug_info</name>
         <load_address>0x195e</load_address>
         <run_address>0x195e</run_address>
         <size>0x12ab</size>
         <input_file_ref idref="fl-3"/>
      </object_component>
      <object_component id="oc-2e">
         <name>.debug_info</name>
         <load_address>0x2c09</load_address>
         <run_address>0x2c09</run_address>
         <size>0x106</size>
         <input_file_ref idref="fl-4"/>
      </object_component>
      <object_component id="oc-57">
         <name>.debug_info</name>
         <load_address>0x2d0f</load_address>
         <run_address>0x2d0f</run_address>
         <size>0x107</size>
         <input_file_ref idref="fl-4"/>
      </object_component>
      <object_component id="oc-ec">
         <name>.debug_info</name>
         <load_address>0x2e16</load_address>
         <run_address>0x2e16</run_address>
         <size>0x151</size>
         <input_file_ref idref="fl-5"/>
      </object_component>
      <object_component id="oc-76">
         <name>.debug_info</name>
         <load_address>0x2f67</load_address>
         <run_address>0x2f67</run_address>
         <size>0x1ca3</size>
         <input_file_ref idref="fl-5"/>
      </object_component>
      <object_component id="oc-f3">
         <name>.debug_info</name>
         <load_address>0x4c0a</load_address>
         <run_address>0x4c0a</run_address>
         <size>0x207</size>
         <input_file_ref idref="fl-12"/>
      </object_component>
      <object_component id="oc-7c">
         <name>.debug_info</name>
         <load_address>0x4e11</load_address>
         <run_address>0x4e11</run_address>
         <size>0x2bc</size>
         <input_file_ref idref="fl-12"/>
      </object_component>
      <object_component id="oc-f9">
         <name>.debug_info</name>
         <load_address>0x50cd</load_address>
         <run_address>0x50cd</run_address>
         <size>0x24a</size>
         <input_file_ref idref="fl-12"/>
      </object_component>
      <object_component id="oc-100">
         <name>.debug_info</name>
         <load_address>0x5317</load_address>
         <run_address>0x5317</run_address>
         <size>0x288</size>
         <input_file_ref idref="fl-12"/>
      </object_component>
      <object_component id="oc-165">
         <name>.debug_info</name>
         <load_address>0x559f</load_address>
         <run_address>0x559f</run_address>
         <size>0x205</size>
         <input_file_ref idref="fl-13"/>
      </object_component>
      <object_component id="oc-d4">
         <name>.debug_info</name>
         <load_address>0x57a4</load_address>
         <run_address>0x57a4</run_address>
         <size>0x27d</size>
         <input_file_ref idref="fl-13"/>
      </object_component>
      <object_component id="oc-dc">
         <name>.debug_info</name>
         <load_address>0x5a21</load_address>
         <run_address>0x5a21</run_address>
         <size>0x2ae</size>
         <input_file_ref idref="fl-13"/>
      </object_component>
      <object_component id="oc-e7">
         <name>.debug_info</name>
         <load_address>0x5ccf</load_address>
         <run_address>0x5ccf</run_address>
         <size>0x28e</size>
         <input_file_ref idref="fl-13"/>
      </object_component>
      <object_component id="oc-e0">
         <name>.debug_info</name>
         <load_address>0x5f5d</load_address>
         <run_address>0x5f5d</run_address>
         <size>0x24f</size>
         <input_file_ref idref="fl-13"/>
      </object_component>
      <object_component id="oc-10c">
         <name>.debug_info</name>
         <load_address>0x61ac</load_address>
         <run_address>0x61ac</run_address>
         <size>0x1fe</size>
         <input_file_ref idref="fl-14"/>
      </object_component>
      <object_component id="oc-106">
         <name>.debug_info</name>
         <load_address>0x63aa</load_address>
         <run_address>0x63aa</run_address>
         <size>0x202</size>
         <input_file_ref idref="fl-14"/>
      </object_component>
      <object_component id="oc-135">
         <name>.debug_info</name>
         <load_address>0x65ac</load_address>
         <run_address>0x65ac</run_address>
         <size>0x21c</size>
         <input_file_ref idref="fl-14"/>
      </object_component>
      <object_component id="oc-140">
         <name>.debug_info</name>
         <load_address>0x67c8</load_address>
         <run_address>0x67c8</run_address>
         <size>0x202</size>
         <input_file_ref idref="fl-14"/>
      </object_component>
      <object_component id="oc-13b">
         <name>.debug_info</name>
         <load_address>0x69ca</load_address>
         <run_address>0x69ca</run_address>
         <size>0x1e8</size>
         <input_file_ref idref="fl-14"/>
      </object_component>
      <object_component id="oc-a5">
         <name>.debug_info</name>
         <load_address>0x6bb2</load_address>
         <run_address>0x6bb2</run_address>
         <size>0x20f</size>
         <input_file_ref idref="fl-14"/>
      </object_component>
      <object_component id="oc-a9">
         <name>.debug_info</name>
         <load_address>0x6dc1</load_address>
         <run_address>0x6dc1</run_address>
         <size>0x20a</size>
         <input_file_ref idref="fl-14"/>
      </object_component>
      <object_component id="oc-81">
         <name>.debug_info</name>
         <load_address>0x6fcb</load_address>
         <run_address>0x6fcb</run_address>
         <size>0x2b2</size>
         <input_file_ref idref="fl-14"/>
      </object_component>
      <object_component id="oc-156">
         <name>.debug_info</name>
         <load_address>0x727d</load_address>
         <run_address>0x727d</run_address>
         <size>0x1f2</size>
         <input_file_ref idref="fl-15"/>
      </object_component>
      <object_component id="oc-14b">
         <name>.debug_info</name>
         <load_address>0x746f</load_address>
         <run_address>0x746f</run_address>
         <size>0x20e</size>
         <input_file_ref idref="fl-15"/>
      </object_component>
      <object_component id="oc-227">
         <name>.debug_info</name>
         <load_address>0x767d</load_address>
         <run_address>0x767d</run_address>
         <size>0x1e4</size>
         <input_file_ref idref="fl-15"/>
      </object_component>
      <object_component id="oc-23b">
         <name>.debug_info</name>
         <load_address>0x7861</load_address>
         <run_address>0x7861</run_address>
         <size>0x217</size>
         <input_file_ref idref="fl-15"/>
      </object_component>
      <object_component id="oc-215">
         <name>.debug_info</name>
         <load_address>0x7a78</load_address>
         <run_address>0x7a78</run_address>
         <size>0x244</size>
         <input_file_ref idref="fl-15"/>
      </object_component>
      <object_component id="oc-1fc">
         <name>.debug_info</name>
         <load_address>0x7cbc</load_address>
         <run_address>0x7cbc</run_address>
         <size>0x242</size>
         <input_file_ref idref="fl-15"/>
      </object_component>
      <object_component id="oc-203">
         <name>.debug_info</name>
         <load_address>0x7efe</load_address>
         <run_address>0x7efe</run_address>
         <size>0x24a</size>
         <input_file_ref idref="fl-15"/>
      </object_component>
      <object_component id="oc-21b">
         <name>.debug_info</name>
         <load_address>0x8148</load_address>
         <run_address>0x8148</run_address>
         <size>0x24d</size>
         <input_file_ref idref="fl-15"/>
      </object_component>
      <object_component id="oc-209">
         <name>.debug_info</name>
         <load_address>0x8395</load_address>
         <run_address>0x8395</run_address>
         <size>0x24e</size>
         <input_file_ref idref="fl-15"/>
      </object_component>
      <object_component id="oc-247">
         <name>.debug_info</name>
         <load_address>0x85e3</load_address>
         <run_address>0x85e3</run_address>
         <size>0x258</size>
         <input_file_ref idref="fl-15"/>
      </object_component>
      <object_component id="oc-20e">
         <name>.debug_info</name>
         <load_address>0x883b</load_address>
         <run_address>0x883b</run_address>
         <size>0x27c</size>
         <input_file_ref idref="fl-15"/>
      </object_component>
      <object_component id="oc-221">
         <name>.debug_info</name>
         <load_address>0x8ab7</load_address>
         <run_address>0x8ab7</run_address>
         <size>0x257</size>
         <input_file_ref idref="fl-15"/>
      </object_component>
      <object_component id="oc-c8">
         <name>.debug_info</name>
         <load_address>0x8d0e</load_address>
         <run_address>0x8d0e</run_address>
         <size>0x277</size>
         <input_file_ref idref="fl-15"/>
      </object_component>
      <object_component id="oc-c1">
         <name>.debug_info</name>
         <load_address>0x8f85</load_address>
         <run_address>0x8f85</run_address>
         <size>0x51a</size>
         <input_file_ref idref="fl-15"/>
      </object_component>
      <object_component id="oc-1c6">
         <name>.debug_info</name>
         <load_address>0x949f</load_address>
         <run_address>0x949f</run_address>
         <size>0x373</size>
         <input_file_ref idref="fl-15"/>
      </object_component>
      <object_component id="oc-150">
         <name>.debug_info</name>
         <load_address>0x9812</load_address>
         <run_address>0x9812</run_address>
         <size>0x243</size>
         <input_file_ref idref="fl-15"/>
      </object_component>
      <object_component id="oc-ce">
         <name>.debug_info</name>
         <load_address>0x9a55</load_address>
         <run_address>0x9a55</run_address>
         <size>0x251</size>
         <input_file_ref idref="fl-15"/>
      </object_component>
      <object_component id="oc-bb">
         <name>.debug_info</name>
         <load_address>0x9ca6</load_address>
         <run_address>0x9ca6</run_address>
         <size>0x241</size>
         <input_file_ref idref="fl-15"/>
      </object_component>
      <object_component id="oc-9a">
         <name>.debug_info</name>
         <load_address>0x9ee7</load_address>
         <run_address>0x9ee7</run_address>
         <size>0x158</size>
         <input_file_ref idref="fl-21"/>
      </object_component>
      <object_component id="oc-15e">
         <name>.debug_info</name>
         <load_address>0xa03f</load_address>
         <run_address>0xa03f</run_address>
         <size>0x127</size>
         <input_file_ref idref="fl-22"/>
      </object_component>
      <object_component id="oc-11f">
         <name>.debug_info</name>
         <load_address>0xa166</load_address>
         <run_address>0xa166</run_address>
         <size>0x14d</size>
         <input_file_ref idref="fl-23"/>
      </object_component>
      <object_component id="oc-187">
         <name>.debug_info</name>
         <load_address>0xa2b3</load_address>
         <run_address>0xa2b3</run_address>
         <size>0x1bf</size>
         <input_file_ref idref="fl-24"/>
      </object_component>
      <object_component id="oc-50">
         <name>.debug_info</name>
         <load_address>0xa472</load_address>
         <run_address>0xa472</run_address>
         <size>0x19f</size>
         <input_file_ref idref="fl-25"/>
      </object_component>
      <object_component id="oc-2a">
         <name>.debug_info</name>
         <load_address>0xa611</load_address>
         <run_address>0xa611</run_address>
         <size>0x1b7</size>
         <input_file_ref idref="fl-26"/>
      </object_component>
      <object_component id="oc-22">
         <name>.debug_info</name>
         <load_address>0xa7c8</load_address>
         <run_address>0xa7c8</run_address>
         <size>0x20c</size>
         <input_file_ref idref="fl-27"/>
      </object_component>
      <object_component id="oc-1b7">
         <name>.debug_info</name>
         <load_address>0xa9d4</load_address>
         <run_address>0xa9d4</run_address>
         <size>0x19e</size>
         <input_file_ref idref="fl-28"/>
      </object_component>
      <object_component id="oc-12d">
         <name>.debug_info</name>
         <load_address>0xab72</load_address>
         <run_address>0xab72</run_address>
         <size>0x1a9</size>
         <input_file_ref idref="fl-28"/>
      </object_component>
      <object_component id="oc-1ba">
         <name>.debug_info</name>
         <load_address>0xad1b</load_address>
         <run_address>0xad1b</run_address>
         <size>0x107</size>
         <input_file_ref idref="fl-29"/>
      </object_component>
      <object_component id="oc-234">
         <name>.debug_info</name>
         <load_address>0xae22</load_address>
         <run_address>0xae22</run_address>
         <size>0x10b</size>
         <input_file_ref idref="fl-29"/>
      </object_component>
      <object_component id="oc-1f0">
         <name>.debug_info</name>
         <load_address>0xaf2d</load_address>
         <run_address>0xaf2d</run_address>
         <size>0x203</size>
         <input_file_ref idref="fl-29"/>
      </object_component>
      <object_component id="oc-127">
         <name>.debug_info</name>
         <load_address>0xb130</load_address>
         <run_address>0xb130</run_address>
         <size>0x15d</size>
         <input_file_ref idref="fl-2a"/>
      </object_component>
      <object_component id="oc-96">
         <name>.debug_info</name>
         <load_address>0xb28d</load_address>
         <run_address>0xb28d</run_address>
         <size>0x208</size>
         <input_file_ref idref="fl-2b"/>
      </object_component>
      <object_component id="oc-42">
         <name>.debug_info</name>
         <load_address>0xb495</load_address>
         <run_address>0xb495</run_address>
         <size>0x19b</size>
         <input_file_ref idref="fl-2d"/>
      </object_component>
      <object_component id="oc-1d6">
         <name>.debug_info</name>
         <load_address>0xb630</load_address>
         <run_address>0xb630</run_address>
         <size>0x147</size>
         <input_file_ref idref="fl-2e"/>
      </object_component>
      <object_component id="oc-291">
         <name>.debug_info</name>
         <load_address>0xb777</load_address>
         <run_address>0xb777</run_address>
         <size>0xa6</size>
      </object_component>
      <object_component id="oc-a0">
         <name>.debug_line</name>
         <load_address>0x0</load_address>
         <run_address>0x0</run_address>
         <size>0x3f</size>
         <input_file_ref idref="fl-2"/>
      </object_component>
      <object_component id="oc-b0">
         <name>.debug_line</name>
         <load_address>0x3f</load_address>
         <run_address>0x3f</run_address>
         <size>0x3f</size>
         <input_file_ref idref="fl-2"/>
      </object_component>
      <object_component id="oc-b2">
         <name>.debug_line</name>
         <load_address>0x7e</load_address>
         <run_address>0x7e</run_address>
         <size>0x3f</size>
         <input_file_ref idref="fl-2"/>
      </object_component>
      <object_component id="oc-b4">
         <name>.debug_line</name>
         <load_address>0xbd</load_address>
         <run_address>0xbd</run_address>
         <size>0x3f</size>
         <input_file_ref idref="fl-2"/>
      </object_component>
      <object_component id="oc-b6">
         <name>.debug_line</name>
         <load_address>0xfc</load_address>
         <run_address>0xfc</run_address>
         <size>0x3f</size>
         <input_file_ref idref="fl-2"/>
      </object_component>
      <object_component id="oc-61">
         <name>.debug_line</name>
         <load_address>0x13b</load_address>
         <run_address>0x13b</run_address>
         <size>0x371</size>
         <input_file_ref idref="fl-2"/>
      </object_component>
      <object_component id="oc-37">
         <name>.debug_line</name>
         <load_address>0x4ac</load_address>
         <run_address>0x4ac</run_address>
         <size>0x6c</size>
         <input_file_ref idref="fl-2"/>
      </object_component>
      <object_component id="oc-b8">
         <name>.debug_line</name>
         <load_address>0x518</load_address>
         <run_address>0x518</run_address>
         <size>0x19b</size>
         <input_file_ref idref="fl-2"/>
      </object_component>
      <object_component id="oc-3c">
         <name>.debug_line</name>
         <load_address>0x6b3</load_address>
         <run_address>0x6b3</run_address>
         <size>0x2bd</size>
         <input_file_ref idref="fl-3"/>
      </object_component>
      <object_component id="oc-114">
         <name>.debug_line</name>
         <load_address>0x970</load_address>
         <run_address>0x970</run_address>
         <size>0xaf</size>
         <input_file_ref idref="fl-3"/>
      </object_component>
      <object_component id="oc-31">
         <name>.debug_line</name>
         <load_address>0xa1f</load_address>
         <run_address>0xa1f</run_address>
         <size>0x55</size>
         <input_file_ref idref="fl-4"/>
      </object_component>
      <object_component id="oc-56">
         <name>.debug_line</name>
         <load_address>0xa74</load_address>
         <run_address>0xa74</run_address>
         <size>0x5d</size>
         <input_file_ref idref="fl-4"/>
      </object_component>
      <object_component id="oc-170">
         <name>.debug_line</name>
         <load_address>0xad1</load_address>
         <run_address>0xad1</run_address>
         <size>0x37</size>
         <input_file_ref idref="fl-5"/>
      </object_component>
      <object_component id="oc-75">
         <name>.debug_line</name>
         <load_address>0xb08</load_address>
         <run_address>0xb08</run_address>
         <size>0x414</size>
         <input_file_ref idref="fl-5"/>
      </object_component>
      <object_component id="oc-172">
         <name>.debug_line</name>
         <load_address>0xf1c</load_address>
         <run_address>0xf1c</run_address>
         <size>0xb1</size>
         <input_file_ref idref="fl-5"/>
      </object_component>
      <object_component id="oc-f2">
         <name>.debug_line</name>
         <load_address>0xfcd</load_address>
         <run_address>0xfcd</run_address>
         <size>0x97</size>
         <input_file_ref idref="fl-12"/>
      </object_component>
      <object_component id="oc-7a">
         <name>.debug_line</name>
         <load_address>0x1064</load_address>
         <run_address>0x1064</run_address>
         <size>0xa3</size>
         <input_file_ref idref="fl-12"/>
      </object_component>
      <object_component id="oc-fc">
         <name>.debug_line</name>
         <load_address>0x1107</load_address>
         <run_address>0x1107</run_address>
         <size>0xe2</size>
         <input_file_ref idref="fl-12"/>
      </object_component>
      <object_component id="oc-fe">
         <name>.debug_line</name>
         <load_address>0x11e9</load_address>
         <run_address>0x11e9</run_address>
         <size>0xc3</size>
         <input_file_ref idref="fl-12"/>
      </object_component>
      <object_component id="oc-178">
         <name>.debug_line</name>
         <load_address>0x12ac</load_address>
         <run_address>0x12ac</run_address>
         <size>0xe3</size>
         <input_file_ref idref="fl-12"/>
      </object_component>
      <object_component id="oc-164">
         <name>.debug_line</name>
         <load_address>0x138f</load_address>
         <run_address>0x138f</run_address>
         <size>0x98</size>
         <input_file_ref idref="fl-13"/>
      </object_component>
      <object_component id="oc-d8">
         <name>.debug_line</name>
         <load_address>0x1427</load_address>
         <run_address>0x1427</run_address>
         <size>0xa2</size>
         <input_file_ref idref="fl-13"/>
      </object_component>
      <object_component id="oc-da">
         <name>.debug_line</name>
         <load_address>0x14c9</load_address>
         <run_address>0x14c9</run_address>
         <size>0x9f</size>
         <input_file_ref idref="fl-13"/>
      </object_component>
      <object_component id="oc-ea">
         <name>.debug_line</name>
         <load_address>0x1568</load_address>
         <run_address>0x1568</run_address>
         <size>0x9f</size>
         <input_file_ref idref="fl-13"/>
      </object_component>
      <object_component id="oc-e4">
         <name>.debug_line</name>
         <load_address>0x1607</load_address>
         <run_address>0x1607</run_address>
         <size>0x9f</size>
         <input_file_ref idref="fl-13"/>
      </object_component>
      <object_component id="oc-1d0">
         <name>.debug_line</name>
         <load_address>0x16a6</load_address>
         <run_address>0x16a6</run_address>
         <size>0xe4</size>
         <input_file_ref idref="fl-13"/>
      </object_component>
      <object_component id="oc-10f">
         <name>.debug_line</name>
         <load_address>0x178a</load_address>
         <run_address>0x178a</run_address>
         <size>0x9d</size>
         <input_file_ref idref="fl-14"/>
      </object_component>
      <object_component id="oc-109">
         <name>.debug_line</name>
         <load_address>0x1827</load_address>
         <run_address>0x1827</run_address>
         <size>0x9d</size>
         <input_file_ref idref="fl-14"/>
      </object_component>
      <object_component id="oc-138">
         <name>.debug_line</name>
         <load_address>0x18c4</load_address>
         <run_address>0x18c4</run_address>
         <size>0xa3</size>
         <input_file_ref idref="fl-14"/>
      </object_component>
      <object_component id="oc-144">
         <name>.debug_line</name>
         <load_address>0x1967</load_address>
         <run_address>0x1967</run_address>
         <size>0x9b</size>
         <input_file_ref idref="fl-14"/>
      </object_component>
      <object_component id="oc-13e">
         <name>.debug_line</name>
         <load_address>0x1a02</load_address>
         <run_address>0x1a02</run_address>
         <size>0x9b</size>
         <input_file_ref idref="fl-14"/>
      </object_component>
      <object_component id="oc-a3">
         <name>.debug_line</name>
         <load_address>0x1a9d</load_address>
         <run_address>0x1a9d</run_address>
         <size>0xb8</size>
         <input_file_ref idref="fl-14"/>
      </object_component>
      <object_component id="oc-ad">
         <name>.debug_line</name>
         <load_address>0x1b55</load_address>
         <run_address>0x1b55</run_address>
         <size>0xb1</size>
         <input_file_ref idref="fl-14"/>
      </object_component>
      <object_component id="oc-85">
         <name>.debug_line</name>
         <load_address>0x1c06</load_address>
         <run_address>0x1c06</run_address>
         <size>0xb1</size>
         <input_file_ref idref="fl-14"/>
      </object_component>
      <object_component id="oc-17d">
         <name>.debug_line</name>
         <load_address>0x1cb7</load_address>
         <run_address>0x1cb7</run_address>
         <size>0x21</size>
         <input_file_ref idref="fl-14"/>
      </object_component>
      <object_component id="oc-159">
         <name>.debug_line</name>
         <load_address>0x1cd8</load_address>
         <run_address>0x1cd8</run_address>
         <size>0x9d</size>
         <input_file_ref idref="fl-15"/>
      </object_component>
      <object_component id="oc-14a">
         <name>.debug_line</name>
         <load_address>0x1d75</load_address>
         <run_address>0x1d75</run_address>
         <size>0x9a</size>
         <input_file_ref idref="fl-15"/>
      </object_component>
      <object_component id="oc-226">
         <name>.debug_line</name>
         <load_address>0x1e0f</load_address>
         <run_address>0x1e0f</run_address>
         <size>0x9c</size>
         <input_file_ref idref="fl-15"/>
      </object_component>
      <object_component id="oc-23e">
         <name>.debug_line</name>
         <load_address>0x1eab</load_address>
         <run_address>0x1eab</run_address>
         <size>0x9c</size>
         <input_file_ref idref="fl-15"/>
      </object_component>
      <object_component id="oc-214">
         <name>.debug_line</name>
         <load_address>0x1f47</load_address>
         <run_address>0x1f47</run_address>
         <size>0x9d</size>
         <input_file_ref idref="fl-15"/>
      </object_component>
      <object_component id="oc-1ff">
         <name>.debug_line</name>
         <load_address>0x1fe4</load_address>
         <run_address>0x1fe4</run_address>
         <size>0x9d</size>
         <input_file_ref idref="fl-15"/>
      </object_component>
      <object_component id="oc-202">
         <name>.debug_line</name>
         <load_address>0x2081</load_address>
         <run_address>0x2081</run_address>
         <size>0xa1</size>
         <input_file_ref idref="fl-15"/>
      </object_component>
      <object_component id="oc-21a">
         <name>.debug_line</name>
         <load_address>0x2122</load_address>
         <run_address>0x2122</run_address>
         <size>0xa2</size>
         <input_file_ref idref="fl-15"/>
      </object_component>
      <object_component id="oc-208">
         <name>.debug_line</name>
         <load_address>0x21c4</load_address>
         <run_address>0x21c4</run_address>
         <size>0x9d</size>
         <input_file_ref idref="fl-15"/>
      </object_component>
      <object_component id="oc-24a">
         <name>.debug_line</name>
         <load_address>0x2261</load_address>
         <run_address>0x2261</run_address>
         <size>0x9d</size>
         <input_file_ref idref="fl-15"/>
      </object_component>
      <object_component id="oc-211">
         <name>.debug_line</name>
         <load_address>0x22fe</load_address>
         <run_address>0x22fe</run_address>
         <size>0xa5</size>
         <input_file_ref idref="fl-15"/>
      </object_component>
      <object_component id="oc-220">
         <name>.debug_line</name>
         <load_address>0x23a3</load_address>
         <run_address>0x23a3</run_address>
         <size>0xaa</size>
         <input_file_ref idref="fl-15"/>
      </object_component>
      <object_component id="oc-c7">
         <name>.debug_line</name>
         <load_address>0x244d</load_address>
         <run_address>0x244d</run_address>
         <size>0xb4</size>
         <input_file_ref idref="fl-15"/>
      </object_component>
      <object_component id="oc-c5">
         <name>.debug_line</name>
         <load_address>0x2501</load_address>
         <run_address>0x2501</run_address>
         <size>0x19c</size>
         <input_file_ref idref="fl-15"/>
      </object_component>
      <object_component id="oc-1ca">
         <name>.debug_line</name>
         <load_address>0x269d</load_address>
         <run_address>0x269d</run_address>
         <size>0xc5</size>
         <input_file_ref idref="fl-15"/>
      </object_component>
      <object_component id="oc-154">
         <name>.debug_line</name>
         <load_address>0x2762</load_address>
         <run_address>0x2762</run_address>
         <size>0xb8</size>
         <input_file_ref idref="fl-15"/>
      </object_component>
      <object_component id="oc-d2">
         <name>.debug_line</name>
         <load_address>0x281a</load_address>
         <run_address>0x281a</run_address>
         <size>0xa1</size>
         <input_file_ref idref="fl-15"/>
      </object_component>
      <object_component id="oc-bf">
         <name>.debug_line</name>
         <load_address>0x28bb</load_address>
         <run_address>0x28bb</run_address>
         <size>0xc7</size>
         <input_file_ref idref="fl-15"/>
      </object_component>
      <object_component id="oc-1c2">
         <name>.debug_line</name>
         <load_address>0x2982</load_address>
         <run_address>0x2982</run_address>
         <size>0x14b</size>
         <input_file_ref idref="fl-15"/>
      </object_component>
      <object_component id="oc-9d">
         <name>.debug_line</name>
         <load_address>0x2acd</load_address>
         <run_address>0x2acd</run_address>
         <size>0x4f</size>
         <input_file_ref idref="fl-21"/>
      </object_component>
      <object_component id="oc-15d">
         <name>.debug_line</name>
         <load_address>0x2b1c</load_address>
         <run_address>0x2b1c</run_address>
         <size>0xae</size>
         <input_file_ref idref="fl-22"/>
      </object_component>
      <object_component id="oc-122">
         <name>.debug_line</name>
         <load_address>0x2bca</load_address>
         <run_address>0x2bca</run_address>
         <size>0x3f</size>
         <input_file_ref idref="fl-23"/>
      </object_component>
      <object_component id="oc-1d3">
         <name>.debug_line</name>
         <load_address>0x2c09</load_address>
         <run_address>0x2c09</run_address>
         <size>0x21</size>
         <input_file_ref idref="fl-23"/>
      </object_component>
      <object_component id="oc-186">
         <name>.debug_line</name>
         <load_address>0x2c2a</load_address>
         <run_address>0x2c2a</run_address>
         <size>0x74</size>
         <input_file_ref idref="fl-24"/>
      </object_component>
      <object_component id="oc-22f">
         <name>.debug_line</name>
         <load_address>0x2c9e</load_address>
         <run_address>0x2c9e</run_address>
         <size>0x21</size>
         <input_file_ref idref="fl-24"/>
      </object_component>
      <object_component id="oc-53">
         <name>.debug_line</name>
         <load_address>0x2cbf</load_address>
         <run_address>0x2cbf</run_address>
         <size>0x52</size>
         <input_file_ref idref="fl-25"/>
      </object_component>
      <object_component id="oc-11a">
         <name>.debug_line</name>
         <load_address>0x2d11</load_address>
         <run_address>0x2d11</run_address>
         <size>0x21</size>
         <input_file_ref idref="fl-25"/>
      </object_component>
      <object_component id="oc-28">
         <name>.debug_line</name>
         <load_address>0x2d32</load_address>
         <run_address>0x2d32</run_address>
         <size>0x57</size>
         <input_file_ref idref="fl-26"/>
      </object_component>
      <object_component id="oc-8e">
         <name>.debug_line</name>
         <load_address>0x2d89</load_address>
         <run_address>0x2d89</run_address>
         <size>0x21</size>
         <input_file_ref idref="fl-26"/>
      </object_component>
      <object_component id="oc-25">
         <name>.debug_line</name>
         <load_address>0x2daa</load_address>
         <run_address>0x2daa</run_address>
         <size>0x9a</size>
         <input_file_ref idref="fl-27"/>
      </object_component>
      <object_component id="oc-89">
         <name>.debug_line</name>
         <load_address>0x2e44</load_address>
         <run_address>0x2e44</run_address>
         <size>0x21</size>
         <input_file_ref idref="fl-27"/>
      </object_component>
      <object_component id="oc-1ee">
         <name>.debug_line</name>
         <load_address>0x2e65</load_address>
         <run_address>0x2e65</run_address>
         <size>0x2b</size>
         <input_file_ref idref="fl-28"/>
      </object_component>
      <object_component id="oc-12c">
         <name>.debug_line</name>
         <load_address>0x2e90</load_address>
         <run_address>0x2e90</run_address>
         <size>0x66</size>
         <input_file_ref idref="fl-28"/>
      </object_component>
      <object_component id="oc-1f9">
         <name>.debug_line</name>
         <load_address>0x2ef6</load_address>
         <run_address>0x2ef6</run_address>
         <size>0x21</size>
         <input_file_ref idref="fl-28"/>
      </object_component>
      <object_component id="oc-1f6">
         <name>.debug_line</name>
         <load_address>0x2f17</load_address>
         <run_address>0x2f17</run_address>
         <size>0x2c</size>
         <input_file_ref idref="fl-29"/>
      </object_component>
      <object_component id="oc-255">
         <name>.debug_line</name>
         <load_address>0x2f43</load_address>
         <run_address>0x2f43</run_address>
         <size>0x2c</size>
         <input_file_ref idref="fl-29"/>
      </object_component>
      <object_component id="oc-1f3">
         <name>.debug_line</name>
         <load_address>0x2f6f</load_address>
         <run_address>0x2f6f</run_address>
         <size>0x5f</size>
         <input_file_ref idref="fl-29"/>
      </object_component>
      <object_component id="oc-238">
         <name>.debug_line</name>
         <load_address>0x2fce</load_address>
         <run_address>0x2fce</run_address>
         <size>0x21</size>
         <input_file_ref idref="fl-29"/>
      </object_component>
      <object_component id="oc-129">
         <name>.debug_line</name>
         <load_address>0x2fef</load_address>
         <run_address>0x2fef</run_address>
         <size>0x4e</size>
         <input_file_ref idref="fl-2a"/>
      </object_component>
      <object_component id="oc-1eb">
         <name>.debug_line</name>
         <load_address>0x303d</load_address>
         <run_address>0x303d</run_address>
         <size>0x30</size>
         <input_file_ref idref="fl-2a"/>
      </object_component>
      <object_component id="oc-95">
         <name>.debug_line</name>
         <load_address>0x306d</load_address>
         <run_address>0x306d</run_address>
         <size>0xaf</size>
         <input_file_ref idref="fl-2b"/>
      </object_component>
      <object_component id="oc-180">
         <name>.debug_line</name>
         <load_address>0x311c</load_address>
         <run_address>0x311c</run_address>
         <size>0x21</size>
         <input_file_ref idref="fl-2b"/>
      </object_component>
      <object_component id="oc-45">
         <name>.debug_line</name>
         <load_address>0x313d</load_address>
         <run_address>0x313d</run_address>
         <size>0x63</size>
         <input_file_ref idref="fl-2d"/>
      </object_component>
      <object_component id="oc-117">
         <name>.debug_line</name>
         <load_address>0x31a0</load_address>
         <run_address>0x31a0</run_address>
         <size>0x21</size>
         <input_file_ref idref="fl-2d"/>
      </object_component>
      <object_component id="oc-1d9">
         <name>.debug_line</name>
         <load_address>0x31c1</load_address>
         <run_address>0x31c1</run_address>
         <size>0x3b</size>
         <input_file_ref idref="fl-2e"/>
      </object_component>
      <object_component id="oc-24f">
         <name>.debug_line</name>
         <load_address>0x31fc</load_address>
         <run_address>0x31fc</run_address>
         <size>0x21</size>
         <input_file_ref idref="fl-2e"/>
      </object_component>
      <object_component id="oc-5f">
         <name>.debug_frame</name>
         <load_address>0x0</load_address>
         <run_address>0x0</run_address>
         <size>0x1fc</size>
         <input_file_ref idref="fl-2"/>
      </object_component>
      <object_component id="oc-36">
         <name>.debug_frame</name>
         <load_address>0x1fc</load_address>
         <run_address>0x1fc</run_address>
         <size>0xac</size>
         <input_file_ref idref="fl-2"/>
      </object_component>
      <object_component id="oc-3d">
         <name>.debug_frame</name>
         <load_address>0x2a8</load_address>
         <run_address>0x2a8</run_address>
         <size>0x1f8</size>
         <input_file_ref idref="fl-3"/>
      </object_component>
      <object_component id="oc-74">
         <name>.debug_frame</name>
         <load_address>0x4a0</load_address>
         <run_address>0x4a0</run_address>
         <size>0x230</size>
         <input_file_ref idref="fl-5"/>
      </object_component>
      <object_component id="oc-f1">
         <name>.debug_frame</name>
         <load_address>0x6d0</load_address>
         <run_address>0x6d0</run_address>
         <size>0x44</size>
         <input_file_ref idref="fl-12"/>
      </object_component>
      <object_component id="oc-7b">
         <name>.debug_frame</name>
         <load_address>0x714</load_address>
         <run_address>0x714</run_address>
         <size>0x44</size>
         <input_file_ref idref="fl-12"/>
      </object_component>
      <object_component id="oc-f8">
         <name>.debug_frame</name>
         <load_address>0x758</load_address>
         <run_address>0x758</run_address>
         <size>0x44</size>
         <input_file_ref idref="fl-12"/>
      </object_component>
      <object_component id="oc-ff">
         <name>.debug_frame</name>
         <load_address>0x79c</load_address>
         <run_address>0x79c</run_address>
         <size>0x44</size>
         <input_file_ref idref="fl-12"/>
      </object_component>
      <object_component id="oc-168">
         <name>.debug_frame</name>
         <load_address>0x7e0</load_address>
         <run_address>0x7e0</run_address>
         <size>0x44</size>
         <input_file_ref idref="fl-13"/>
      </object_component>
      <object_component id="oc-d7">
         <name>.debug_frame</name>
         <load_address>0x824</load_address>
         <run_address>0x824</run_address>
         <size>0x44</size>
         <input_file_ref idref="fl-13"/>
      </object_component>
      <object_component id="oc-db">
         <name>.debug_frame</name>
         <load_address>0x868</load_address>
         <run_address>0x868</run_address>
         <size>0x44</size>
         <input_file_ref idref="fl-13"/>
      </object_component>
      <object_component id="oc-e6">
         <name>.debug_frame</name>
         <load_address>0x8ac</load_address>
         <run_address>0x8ac</run_address>
         <size>0x44</size>
         <input_file_ref idref="fl-13"/>
      </object_component>
      <object_component id="oc-e3">
         <name>.debug_frame</name>
         <load_address>0x8f0</load_address>
         <run_address>0x8f0</run_address>
         <size>0x44</size>
         <input_file_ref idref="fl-13"/>
      </object_component>
      <object_component id="oc-110">
         <name>.debug_frame</name>
         <load_address>0x934</load_address>
         <run_address>0x934</run_address>
         <size>0x40</size>
         <input_file_ref idref="fl-14"/>
      </object_component>
      <object_component id="oc-10a">
         <name>.debug_frame</name>
         <load_address>0x974</load_address>
         <run_address>0x974</run_address>
         <size>0x40</size>
         <input_file_ref idref="fl-14"/>
      </object_component>
      <object_component id="oc-134">
         <name>.debug_frame</name>
         <load_address>0x9b4</load_address>
         <run_address>0x9b4</run_address>
         <size>0x40</size>
         <input_file_ref idref="fl-14"/>
      </object_component>
      <object_component id="oc-143">
         <name>.debug_frame</name>
         <load_address>0x9f4</load_address>
         <run_address>0x9f4</run_address>
         <size>0x40</size>
         <input_file_ref idref="fl-14"/>
      </object_component>
      <object_component id="oc-13d">
         <name>.debug_frame</name>
         <load_address>0xa34</load_address>
         <run_address>0xa34</run_address>
         <size>0x40</size>
         <input_file_ref idref="fl-14"/>
      </object_component>
      <object_component id="oc-a7">
         <name>.debug_frame</name>
         <load_address>0xa74</load_address>
         <run_address>0xa74</run_address>
         <size>0x40</size>
         <input_file_ref idref="fl-14"/>
      </object_component>
      <object_component id="oc-ac">
         <name>.debug_frame</name>
         <load_address>0xab4</load_address>
         <run_address>0xab4</run_address>
         <size>0x44</size>
         <input_file_ref idref="fl-14"/>
      </object_component>
      <object_component id="oc-84">
         <name>.debug_frame</name>
         <load_address>0xaf8</load_address>
         <run_address>0xaf8</run_address>
         <size>0x44</size>
         <input_file_ref idref="fl-14"/>
      </object_component>
      <object_component id="oc-15a">
         <name>.debug_frame</name>
         <load_address>0xb3c</load_address>
         <run_address>0xb3c</run_address>
         <size>0x40</size>
         <input_file_ref idref="fl-15"/>
      </object_component>
      <object_component id="oc-14e">
         <name>.debug_frame</name>
         <load_address>0xb7c</load_address>
         <run_address>0xb7c</run_address>
         <size>0x40</size>
         <input_file_ref idref="fl-15"/>
      </object_component>
      <object_component id="oc-22a">
         <name>.debug_frame</name>
         <load_address>0xbbc</load_address>
         <run_address>0xbbc</run_address>
         <size>0x40</size>
         <input_file_ref idref="fl-15"/>
      </object_component>
      <object_component id="oc-23f">
         <name>.debug_frame</name>
         <load_address>0xbfc</load_address>
         <run_address>0xbfc</run_address>
         <size>0x44</size>
         <input_file_ref idref="fl-15"/>
      </object_component>
      <object_component id="oc-218">
         <name>.debug_frame</name>
         <load_address>0xc40</load_address>
         <run_address>0xc40</run_address>
         <size>0x44</size>
         <input_file_ref idref="fl-15"/>
      </object_component>
      <object_component id="oc-200">
         <name>.debug_frame</name>
         <load_address>0xc84</load_address>
         <run_address>0xc84</run_address>
         <size>0x44</size>
         <input_file_ref idref="fl-15"/>
      </object_component>
      <object_component id="oc-206">
         <name>.debug_frame</name>
         <load_address>0xcc8</load_address>
         <run_address>0xcc8</run_address>
         <size>0x44</size>
         <input_file_ref idref="fl-15"/>
      </object_component>
      <object_component id="oc-21e">
         <name>.debug_frame</name>
         <load_address>0xd0c</load_address>
         <run_address>0xd0c</run_address>
         <size>0x44</size>
         <input_file_ref idref="fl-15"/>
      </object_component>
      <object_component id="oc-20c">
         <name>.debug_frame</name>
         <load_address>0xd50</load_address>
         <run_address>0xd50</run_address>
         <size>0x44</size>
         <input_file_ref idref="fl-15"/>
      </object_component>
      <object_component id="oc-24b">
         <name>.debug_frame</name>
         <load_address>0xd94</load_address>
         <run_address>0xd94</run_address>
         <size>0x44</size>
         <input_file_ref idref="fl-15"/>
      </object_component>
      <object_component id="oc-212">
         <name>.debug_frame</name>
         <load_address>0xdd8</load_address>
         <run_address>0xdd8</run_address>
         <size>0x44</size>
         <input_file_ref idref="fl-15"/>
      </object_component>
      <object_component id="oc-224">
         <name>.debug_frame</name>
         <load_address>0xe1c</load_address>
         <run_address>0xe1c</run_address>
         <size>0x44</size>
         <input_file_ref idref="fl-15"/>
      </object_component>
      <object_component id="oc-cb">
         <name>.debug_frame</name>
         <load_address>0xe60</load_address>
         <run_address>0xe60</run_address>
         <size>0x44</size>
         <input_file_ref idref="fl-15"/>
      </object_component>
      <object_component id="oc-c4">
         <name>.debug_frame</name>
         <load_address>0xea4</load_address>
         <run_address>0xea4</run_address>
         <size>0x50</size>
         <input_file_ref idref="fl-15"/>
      </object_component>
      <object_component id="oc-1c9">
         <name>.debug_frame</name>
         <load_address>0xef4</load_address>
         <run_address>0xef4</run_address>
         <size>0x44</size>
         <input_file_ref idref="fl-15"/>
      </object_component>
      <object_component id="oc-153">
         <name>.debug_frame</name>
         <load_address>0xf38</load_address>
         <run_address>0xf38</run_address>
         <size>0x44</size>
         <input_file_ref idref="fl-15"/>
      </object_component>
      <object_component id="oc-d1">
         <name>.debug_frame</name>
         <load_address>0xf7c</load_address>
         <run_address>0xf7c</run_address>
         <size>0x44</size>
         <input_file_ref idref="fl-15"/>
      </object_component>
      <object_component id="oc-be">
         <name>.debug_frame</name>
         <load_address>0xfc0</load_address>
         <run_address>0xfc0</run_address>
         <size>0x44</size>
         <input_file_ref idref="fl-15"/>
      </object_component>
      <object_component id="oc-123">
         <name>.debug_frame</name>
         <load_address>0x1004</load_address>
         <run_address>0x1004</run_address>
         <size>0x40</size>
         <input_file_ref idref="fl-23"/>
      </object_component>
      <object_component id="oc-189">
         <name>.debug_frame</name>
         <load_address>0x1044</load_address>
         <run_address>0x1044</run_address>
         <size>0x58</size>
         <input_file_ref idref="fl-24"/>
      </object_component>
      <object_component id="oc-54">
         <name>.debug_frame</name>
         <load_address>0x109c</load_address>
         <run_address>0x109c</run_address>
         <size>0x40</size>
         <input_file_ref idref="fl-25"/>
      </object_component>
      <object_component id="oc-27">
         <name>.debug_frame</name>
         <load_address>0x10dc</load_address>
         <run_address>0x10dc</run_address>
         <size>0x40</size>
         <input_file_ref idref="fl-26"/>
      </object_component>
      <object_component id="oc-24">
         <name>.debug_frame</name>
         <load_address>0x111c</load_address>
         <run_address>0x111c</run_address>
         <size>0x40</size>
         <input_file_ref idref="fl-27"/>
      </object_component>
      <object_component id="oc-130">
         <name>.debug_frame</name>
         <load_address>0x115c</load_address>
         <run_address>0x115c</run_address>
         <size>0x60</size>
         <input_file_ref idref="fl-28"/>
      </object_component>
      <object_component id="oc-1f4">
         <name>.debug_frame</name>
         <load_address>0x11bc</load_address>
         <run_address>0x11bc</run_address>
         <size>0x70</size>
         <input_file_ref idref="fl-29"/>
      </object_component>
      <object_component id="oc-12a">
         <name>.debug_frame</name>
         <load_address>0x122c</load_address>
         <run_address>0x122c</run_address>
         <size>0x40</size>
         <input_file_ref idref="fl-2a"/>
      </object_component>
      <object_component id="oc-94">
         <name>.debug_frame</name>
         <load_address>0x126c</load_address>
         <run_address>0x126c</run_address>
         <size>0x40</size>
         <input_file_ref idref="fl-2b"/>
      </object_component>
      <object_component id="oc-46">
         <name>.debug_frame</name>
         <load_address>0x12ac</load_address>
         <run_address>0x12ac</run_address>
         <size>0x40</size>
         <input_file_ref idref="fl-2d"/>
      </object_component>
      <object_component id="oc-1da">
         <name>.debug_frame</name>
         <load_address>0x12ec</load_address>
         <run_address>0x12ec</run_address>
         <size>0x40</size>
         <input_file_ref idref="fl-2e"/>
      </object_component>
      <object_component id="oc-9f">
         <name>.debug_abbrev</name>
         <load_address>0x0</load_address>
         <run_address>0x0</run_address>
         <size>0x28</size>
         <input_file_ref idref="fl-2"/>
      </object_component>
      <object_component id="oc-af">
         <name>.debug_abbrev</name>
         <load_address>0x28</load_address>
         <run_address>0x28</run_address>
         <size>0x28</size>
         <input_file_ref idref="fl-2"/>
      </object_component>
      <object_component id="oc-b1">
         <name>.debug_abbrev</name>
         <load_address>0x50</load_address>
         <run_address>0x50</run_address>
         <size>0x28</size>
         <input_file_ref idref="fl-2"/>
      </object_component>
      <object_component id="oc-b3">
         <name>.debug_abbrev</name>
         <load_address>0x78</load_address>
         <run_address>0x78</run_address>
         <size>0x28</size>
         <input_file_ref idref="fl-2"/>
[...]
         <origin>0xe000</origin>
         <length>0x1000</length>
         <used_space>0x0</used_space>
         <unused_space>0x1000</unused_space>
         <attributes>RWIX</attributes>
         <usage_details>
         </usage_details>
      </memory_area>
      <memory_area display="yes" color="green">
         <name>RAMGS3</name>
         <page_id>0x1</page_id>
         <origin>0xf000</origin>
         <length>0x1000</length>
         <used_space>0x0</used_space>
         <unused_space>0x1000</unused_space>
         <attributes>RWIX</attributes>
         <usage_details>
         </usage_details>
      </memory_area>
      <memory_area display="yes" color="green">
         <name>RAMGS4</name>
         <page_id>0x1</page_id>
         <origin>0x10000</origin>
         <length>0x1000</length>
         <used_space>0x0</used_space>
         <unused_space>0x1000</unused_space>
         <attributes>RWIX</attributes>
         <usage_details>
         </usage_details>
      </memory_area>
      <memory_area display="yes" color="green">
         <name>RAMGS5</name>
         <page_id>0x1</page_id>
         <origin>0x11000</origin>
         <length>0x1000</length>
         <used_space>0x0</used_space>
         <unused_space>0x1000</unused_space>
         <attributes>RWIX</attributes>
         <usage_details>
         </usage_details>
      </memory_area>
      <memory_area display="yes" color="green">
         <name>RAMGS6</name>
         <page_id>0x1</page_id>
         <origin>0x12000</origin>
         <length>0x1000</length>
         <used_space>0x0</used_space>
         <unused_space>0x1000</unused_space>
         <attributes>RWIX</attributes>
         <usage_details>
         </usage_details>
      </memory_area>
      <memory_area display="yes" color="green">
         <name>RAMGS7</name>
         <page_id>0x1</page_id>
         <origin>0x13000</origin>
         <length>0x1000</length>
         <used_space>0x0</used_space>
         <unused_space>0x1000</unused_space>
         <attributes>RWIX</attributes>
         <usage_details>
         </usage_details>
      </memory_area>
      <memory_area display="yes" color="green">
         <name>RAMGS8</name>
         <page_id>0x1</page_id>
         <origin>0x14000</origin>
         <length>0x1000</length>
         <used_space>0x0</used_space>
         <unused_space>0x1000</unused_space>
         <attributes>RWIX</attributes>
         <usage_details>
         </usage_details>
      </memory_area>
      <memory_area display="yes" color="green">
         <name>RAMGS9</name>
         <page_id>0x1</page_id>
         <origin>0x15000</origin>
         <length>0x1000</length>
         <used_space>0x0</used_space>
         <unused_space>0x1000</unused_space>
         <attributes>RWIX</attributes>
         <usage_details>
         </usage_details>
      </memory_area>
      <memory_area display="yes" color="green">
         <name>RAMGS10</name>
         <page_id>0x1</page_id>
         <origin>0x16000</origin>
         <length>0x1000</length>
         <used_space>0x0</used_space>
         <unused_space>0x1000</unused_space>
         <attributes>RWIX</attributes>
         <usage_details>
         </usage_details>
      </memory_area>
      <memory_area display="yes" color="green">
         <name>RAMGS11</name>
         <page_id>0x1</page_id>
         <origin>0x17000</origin>
         <length>0x1000</length>
         <used_space>0x0</used_space>
         <unused_space>0x1000</unused_space>
         <attributes>RWIX</attributes>
         <usage_details>
         </usage_details>
      </memory_area>
      <memory_area display="yes" color="green">
         <name>RAMGS12</name>
         <page_id>0x1</page_id>
         <origin>0x18000</origin>
         <length>0x1000</length>
         <used_space>0x0</used_space>
         <unused_space>0x1000</unused_space>
         <attributes>RWIX</attributes>
         <usage_details>
         </usage_details>
      </memory_area>
      <memory_area display="yes" color="green">
         <name>RAMGS13</name>
         <page_id>0x1</page_id>
         <origin>0x19000</origin>
         <length>0x1000</length>
         <used_space>0x0</used_space>
         <unused_space>0x1000</unused_space>
         <attributes>RWIX</attributes>
         <usage_details>
         </usage_details>
      </memory_area>
      <memory_area display="yes" color="green">
         <name>RAMGS14</name>
         <page_id>0x1</page_id>
         <origin>0x1a000</origin>
         <length>0x1000</length>
         <used_space>0x0</used_space>
         <unused_space>0x1000</unused_space>
         <attributes>RWIX</attributes>
         <usage_details>
         </usage_details>
      </memory_area>
      <memory_area display="yes" color="green">
         <name>RAMGS15</name>
         <page_id>0x1</page_id>
         <origin>0x1b000</origin>
         <length>0xff8</length>
         <used_space>0x0</used_space>
         <unused_space>0xff8</unused_space>
         <attributes>RWIX</attributes>
         <usage_details>
         </usage_details>
      </memory_area>
      <memory_area display="yes" color="green">
         <name>CPU2TOCPU1RAM</name>
         <page_id>0x1</page_id>
         <origin>0x3f800</origin>
         <length>0x400</length>
         <used_space>0x0</used_space>
         <unused_space>0x400</unused_space>
         <attributes>RWIX</attributes>
         <usage_details>
         </usage_details>
      </memory_area>
      <memory_area display="yes" color="green">
         <name>CPU1TOCPU2RAM</name>
         <page_id>0x1</page_id>
         <origin>0x3fc00</origin>
         <length>0x400</length>
         <used_space>0x0</used_space>
         <unused_space>0x400</unused_space>
         <attributes>RWIX</attributes>
         <usage_details>
         </usage_details>
      </memory_area>
      <memory_area display="yes" color="green">
         <name>CANA_MSG_RAM</name>
         <page_id>0x1</page_id>
         <origin>0x49000</origin>
         <length>0x800</length>
         <used_space>0x0</used_space>
         <unused_space>0x800</unused_space>
         <attributes>RWIX</attributes>
         <usage_details>
         </usage_details>
      </memory_area>
      <memory_area display="yes" color="green">
         <name>CANB_MSG_RAM</name>
         <page_id>0x1</page_id>
         <origin>0x4b000</origin>
         <length>0x800</length>
         <used_space>0x0</used_space>
         <unused_space>0x800</unused_space>
         <attributes>RWIX</attributes>
         <usage_details>
         </usage_details>
      </memory_area>
   </placement_map>
   <cptbl_list>
      <cptbl>
         <name>__TI_cinit_table</name>
         <cprec>
            <name>.data</name>
            <load_address>0x128</load_address>
            <load_size>0xa</load_size>
            <run_address>0xaebe</run_address>
            <run_size>0x10</run_size>
            <compression>lzss</compression>
         </cprec>
         <cprec>
            <name>.bss</name>
            <load_address>0x138</load_address>
            <load_size>0x4</load_size>
            <run_address>0xa800</run_address>
            <run_size>0x402</run_size>
            <compression>zero_init</compression>
         </cprec>
      </cptbl>
   </cptbl_list>
   <handler_table>
      <handler_table_name>__TI_handler_table</handler_table_name>
      <handler>
         <index>0x0</index>
         <name>__TI_zero_init</name>
      </handler>
      <handler>
         <index>0x1</index>
         <name>__TI_decompress_lzss</name>
      </handler>
      <handler>
         <index>0x2</index>
         <name>__TI_decompress_none</name>
      </handler>
   </handler_table>
   <symbol_table>
      <symbol id="sm-1">
         <name>__TI_CINIT_Base</name>
         <value>0x13c</value>
      </symbol>
      <symbol id="sm-2">
         <name>__TI_CINIT_Limit</name>
         <value>0x144</value>
      </symbol>
      <symbol id="sm-3">
         <name>__TI_CINIT_Warm</name>
         <value>0x144</value>
      </symbol>
      <symbol id="sm-4">
         <name>__TI_Handler_Table_Base</name>
         <value>0x132</value>
      </symbol>
      <symbol id="sm-5">
         <name>__TI_Handler_Table_Limit</name>
         <value>0x138</value>
      </symbol>
      <symbol id="sm-6">
         <name>__TI_STACK_SIZE</name>
         <value>0x3f8</value>
      </symbol>
      <symbol id="sm-7">
         <name>__TI_STACK_END</name>
         <value>0x7f8</value>
      </symbol>
      <symbol id="sm-8">
         <name>__TI_pprof_out_hndl</name>
         <value>0xffffffff</value>
      </symbol>
      <symbol id="sm-9">
         <name>__TI_prof_data_start</name>
         <value>0xffffffff</value>
      </symbol>
      <symbol id="sm-a">
         <name>__TI_prof_data_size</name>
         <value>0xffffffff</value>
      </symbol>
      <symbol id="sm-9d">
         <name>ADC_ISR</name>
         <value>0xb705</value>
         <object_component_ref idref="oc-32"/>
      </symbol>
      <symbol id="sm-9e">
         <name>adcAResults</name>
         <value>0xa800</value>
         <object_component_ref idref="oc-64"/>
      </symbol>
      <symbol id="sm-9f">
         <name>adcCResults1</name>
         <value>0xaa00</value>
         <object_component_ref idref="oc-6a"/>
      </symbol>
      <symbol id="sm-a0">
         <name>adcCResults2</name>
         <value>0xab00</value>
         <object_component_ref idref="oc-6d"/>
      </symbol>
      <symbol id="sm-a1">
         <name>main</name>
         <value>0xb607</value>
         <object_component_ref idref="oc-5e"/>
      </symbol>
      <symbol id="sm-a2">
         <name>index</name>
         <value>0xac00</value>
         <object_component_ref idref="oc-5b"/>
      </symbol>
      <symbol id="sm-a3">
         <name>bufferFull</name>
         <value>0xac01</value>
         <object_component_ref idref="oc-5b"/>
      </symbol>
      <symbol id="sm-a4">
         <name>initEPWM</name>
         <value>0xb655</value>
         <object_component_ref idref="oc-5e"/>
      </symbol>
      <symbol id="sm-a5">
         <name>adcBResults</name>
         <value>0xa900</value>
         <object_component_ref idref="oc-67"/>
      </symbol>
      <symbol id="sm-d0">
         <name>INTERRUPT_init</name>
         <value>0x823d</value>
         <object_component_ref idref="oc-38"/>
      </symbol>
      <symbol id="sm-d1">
         <name>PinMux_init</name>
         <value>0x8182</value>
         <object_component_ref idref="oc-38"/>
      </symbol>
      <symbol id="sm-d2">
         <name>Board_init</name>
         <value>0x8179</value>
         <object_component_ref idref="oc-38"/>
      </symbol>
      <symbol id="sm-d3">
         <name>ADC_init</name>
         <value>0x8183</value>
         <object_component_ref idref="oc-38"/>
      </symbol>
      <symbol id="sm-e2">
         <name>code_start</name>
         <value>0x0</value>
         <object_component_ref idref="oc-2d"/>
      </symbol>
      <symbol id="sm-114">
         <name>Device_enableAllPeripherals</name>
         <value>0xb0eb</value>
         <object_component_ref idref="oc-73"/>
      </symbol>
      <symbol id="sm-115">
         <name>Device_initGPIO</name>
         <value>0xb1d6</value>
         <object_component_ref idref="oc-73"/>
      </symbol>
      <symbol id="sm-116">
         <name>Example_Fail</name>
         <value>0xaec4</value>
         <object_component_ref idref="oc-eb"/>
      </symbol>
      <symbol id="sm-117">
         <name>Example_setResultFail</name>
         <value>0xb3f4</value>
         <object_component_ref idref="oc-73"/>
      </symbol>
      <symbol id="sm-118">
         <name>Device_bootCPU2</name>
         <value>0xb26e</value>
         <object_component_ref idref="oc-73"/>
      </symbol>
      <symbol id="sm-119">
         <name>Device_init</name>
         <value>0xb0ab</value>
         <object_component_ref idref="oc-73"/>
      </symbol>
      <symbol id="sm-11a">
         <name>Example_Result</name>
         <value>0xaec0</value>
         <object_component_ref idref="oc-eb"/>
      </symbol>
      <symbol id="sm-11b">
         <name>Device_enableUnbondedGPIOPullups</name>
         <value>0xb227</value>
         <object_component_ref idref="oc-73"/>
      </symbol>
      <symbol id="sm-11c">
         <name>__error__</name>
         <value>0xb3e8</value>
         <object_component_ref idref="oc-73"/>
      </symbol>
      <symbol id="sm-11d">
         <name>Example_setResultPass</name>
         <value>0xb3ef</value>
         <object_component_ref idref="oc-73"/>
      </symbol>
      <symbol id="sm-11e">
         <name>Device_configureTMXAnalogTrim</name>
         <value>0xb23d</value>
         <object_component_ref idref="oc-73"/>
      </symbol>
      <symbol id="sm-11f">
         <name>Device_enableUnbondedGPIOPullupsFor176Pin</name>
         <value>0xb1f7</value>
         <object_component_ref idref="oc-73"/>
      </symbol>
      <symbol id="sm-120">
         <name>Example_done</name>
         <value>0xb3f9</value>
         <object_component_ref idref="oc-73"/>
      </symbol>
      <symbol id="sm-121">
         <name>Example_PassCount</name>
         <value>0xaec2</value>
         <object_component_ref idref="oc-eb"/>
      </symbol>
      <symbol id="sm-122">
         <name>Device_enableUnbondedGPIOPullupsFor100Pin</name>
         <value>0xb20a</value>
         <object_component_ref idref="oc-73"/>
      </symbol>
      <symbol id="sm-163">
         <name>ADC_setOffsetTrim</name>
         <value>0x8524</value>
         <object_component_ref idref="oc-fd"/>
      </symbol>
      <symbol id="sm-164">
         <name>ADC_setMode</name>
         <value>0x8776</value>
         <object_component_ref idref="oc-79"/>
      </symbol>
      <symbol id="sm-165">
         <name>ADC_setINLTrim</name>
         <value>0xb780</value>
         <object_component_ref idref="oc-f7"/>
      </symbol>
      <symbol id="sm-199">
         <name>GPIO_setQualificationMode</name>
         <value>0x86a2</value>
         <object_component_ref idref="oc-d9"/>
      </symbol>
      <symbol id="sm-19a">
         <name>GPIO_setDirectionMode</name>
         <value>0x8745</value>
         <object_component_ref idref="oc-d3"/>
      </symbol>
      <symbol id="sm-19b">
         <name>GPIO_setPinConfig</name>
         <value>0x86da</value>
         <object_component_ref idref="oc-df"/>
      </symbol>
      <symbol id="sm-19c">
         <name>GPIO_setMasterCore</name>
         <value>0x866a</value>
         <object_component_ref idref="oc-e5"/>
      </symbol>
      <symbol id="sm-1ee">
         <name>Interrupt_initModule</name>
         <value>0x862d</value>
         <object_component_ref idref="oc-a2"/>
      </symbol>
      <symbol id="sm-1ef">
         <name>Interrupt_enable</name>
         <value>0x8711</value>
         <object_component_ref idref="oc-80"/>
      </symbol>
      <symbol id="sm-1f0">
         <name>Interrupt_initVectorTable</name>
         <value>0x888c</value>
         <object_component_ref idref="oc-a8"/>
      </symbol>
      <symbol id="sm-2cc">
         <name>SysCtl_delay</name>
         <value>0x123</value>
         <object_component_ref idref="oc-7f"/>
      </symbol>
      <symbol id="sm-2cd">
         <name>SysCtl_getDeviceParametric</name>
         <value>0x84bc</value>
         <object_component_ref idref="oc-ba"/>
      </symbol>
      <symbol id="sm-2ce">
         <name>SysCtl_selectXTAL</name>
         <value>0x8451</value>
         <object_component_ref idref="oc-1c5"/>
      </symbol>
      <symbol id="sm-2cf">
         <name>SysCtl_selectOscSource</name>
         <value>0x8588</value>
         <object_component_ref idref="oc-14f"/>
      </symbol>
      <symbol id="sm-2d0">
         <name>SysCtl_getLowSpeedClock</name>
         <value>0x88fc</value>
         <object_component_ref idref="oc-cd"/>
      </symbol>
      <symbol id="sm-2d1">
         <name>SysCtl_setClock</name>
         <value>0x824a</value>
         <object_component_ref idref="oc-c0"/>
      </symbol>
      <symbol id="sm-2d2">
         <name>SysCtl_getClock</name>
         <value>0x85dc</value>
         <object_component_ref idref="oc-c6"/>
      </symbol>
      <symbol id="sm-2dc">
         <name>_c_int00</name>
         <value>0x892f</value>
         <object_component_ref idref="oc-99"/>
      </symbol>
      <symbol id="sm-2dd">
         <name>__stack</name>
         <value>0x400</value>
         <object_component_ref idref="oc-3e"/>
      </symbol>
      <symbol id="sm-2ea">
         <name>__c28xabi_divf</name>
         <value>0xb67d</value>
         <object_component_ref idref="oc-15b"/>
      </symbol>
      <symbol id="sm-2f7">
         <name>_system_pre_init</name>
         <value>0x8a08</value>
         <object_component_ref idref="oc-11e"/>
      </symbol>
      <symbol id="sm-306">
         <name>__TI_auto_init_nobinit_nopinit</name>
         <value>0x87d3</value>
         <object_component_ref idref="oc-184"/>
      </symbol>
      <symbol id="sm-313">
         <name>__TI_zero_init</name>
         <value>0x8a00</value>
         <object_component_ref idref="oc-4f"/>
      </symbol>
      <symbol id="sm-320">
         <name>__TI_decompress_none</name>
         <value>0x89ea</value>
         <object_component_ref idref="oc-26"/>
      </symbol>
      <symbol id="sm-334">
         <name>__TI_decompress_lzss</name>
         <value>0x87a5</value>
         <object_component_ref idref="oc-20"/>
      </symbol>
      <symbol id="sm-34a">
         <name>C$$EXIT</name>
         <value>0x8800</value>
         <object_component_ref idref="oc-12b"/>
      </symbol>
      <symbol id="sm-34b">
         <name>abort</name>
         <value>0x8800</value>
         <object_component_ref idref="oc-12b"/>
      </symbol>
      <symbol id="sm-34c">
         <name>exit</name>
         <value>0x8802</value>
         <object_component_ref idref="oc-12b"/>
      </symbol>
      <symbol id="sm-34d">
         <name>__TI_dtors_ptr</name>
         <value>0xaeca</value>
         <object_component_ref idref="oc-1b6"/>
      </symbol>
      <symbol id="sm-34e">
         <name>__TI_cleanup_ptr</name>
         <value>0xaec8</value>
         <object_component_ref idref="oc-1b6"/>
      </symbol>
      <symbol id="sm-34f">
         <name>__TI_enable_exit_profile_output</name>
         <value>0xaec6</value>
         <object_component_ref idref="oc-1b6"/>
      </symbol>
      <symbol id="sm-366">
         <name>_nop</name>
         <value>0x89e1</value>
         <object_component_ref idref="oc-1ef"/>
      </symbol>
      <symbol id="sm-367">
         <name>_lock</name>
         <value>0xaebe</value>
         <object_component_ref idref="oc-1b9"/>
      </symbol>
      <symbol id="sm-368">
         <name>_unlock</name>
         <value>0xaecc</value>
         <object_component_ref idref="oc-233"/>
      </symbol>
      <symbol id="sm-369">
         <name>_register_lock</name>
         <value>0x89dd</value>
         <object_component_ref idref="oc-1ef"/>
      </symbol>
      <symbol id="sm-36a">
         <name>_register_unlock</name>
         <value>0x89d9</value>
         <object_component_ref idref="oc-1ef"/>
      </symbol>
      <symbol id="sm-379">
         <name>_args_main</name>
         <value>0x89b9</value>
         <object_component_ref idref="oc-125"/>
      </symbol>
      <symbol id="sm-388">
         <name>memset</name>
         <value>0x89f9</value>
         <object_component_ref idref="oc-92"/>
      </symbol>
      <symbol id="sm-39b">
         <name>memcpy</name>
         <value>0x88aa</value>
         <object_component_ref idref="oc-41"/>
      </symbol>
      <symbol id="sm-3a8">
         <name>_system_post_cinit</name>
         <value>0x8a0a</value>
         <object_component_ref idref="oc-1d5"/>
      </symbol>
      <symbol id="sm-3aa">
         <name>__c_args__</name>
         <value>0x0</value>
      </symbol>
   </symbol_table>
   <title>Link successful</title>
</link_info>
