******************************************************************************
             TMS320C2000 Linker PC v22.6.0                     
******************************************************************************
>> Linked Fri Jun 27 22:07:51 2025

OUTPUT FILE NAME:   <adc_soc_multiple_epwm.out>
ENTRY POINT SYMBOL: "code_start"  address: 00000000


MEMORY CONFIGURATION

         name            origin    length      used     unused   attr    fill
----------------------  --------  ---------  --------  --------  ----  --------
PAGE 0:
  BEGIN                 00000000   00000002  00000002  00000000  RWIX
  RAMM0                 00000123   000002dd  00000028  000002b5  RWIX
  RAMLS0                00008000   00000800  00000800  00000000  RWIX
  RAMLS1                00008800   00000800  000003a5  0000045b  RWIX
  RAMLS2                00009000   00000800  00000000  00000800  RWIX
  RAMLS3                00009800   00000800  00000000  00000800  RWIX
  RAMLS4                0000a000   00000800  00000000  00000800  RWIX
  RAMD0                 0000b000   00000800  00000800  00000000  RWIX
  RESET                 003fffc0   00000002  00000000  00000002  RWIX

PAGE 1:
  BOOT_RSVD             00000002   00000121  00000000  00000121  RWIX
  RAMM1                 00000400   000003f8  000003f8  00000000  RWIX
  RAMLS5                0000a800   00000800  0000032b  000004d5  RWIX
  RAMD1                 0000b800   00000800  00000000  00000800  RWIX
  RAMGS0                0000c000   00001000  00000200  00000e00  RWIX
  RAMGS1                0000d000   00001000  00000000  00001000  RWIX
  RAMGS2                0000e000   00001000  00000000  00001000  RWIX
  RAMGS3                0000f000   00001000  00000000  00001000  RWIX
  RAMGS4                00010000   00001000  00000000  00001000  RWIX
  RAMGS5                00011000   00001000  00000000  00001000  RWIX
  RAMGS6                00012000   00001000  00000000  00001000  RWIX
  RAMGS7                00013000   00001000  00000000  00001000  RWIX
  RAMGS8                00014000   00001000  00000000  00001000  RWIX
  RAMGS9                00015000   00001000  00000000  00001000  RWIX
  RAMGS10               00016000   00001000  00000000  00001000  RWIX
  RAMGS11               00017000   00001000  00000000  00001000  RWIX
  RAMGS12               00018000   00001000  00000000  00001000  RWIX
  RAMGS13               00019000   00001000  00000000  00001000  RWIX
  RAMGS14               0001a000   00001000  00000000  00001000  RWIX
  RAMGS15               0001b000   00000ff8  00000000  00000ff8  RWIX
  CPU2TOCPU1RAM         0003f800   00000400  00000000  00000400  RWIX
  CPU1TOCPU2RAM         0003fc00   00000400  00000000  00000400  RWIX
  CANA_MSG_RAM          00049000   00000800  00000000  00000800  RWIX
  CANB_MSG_RAM          0004b000   00000800  00000000  00000800  RWIX


SECTION ALLOCATION MAP

 output                                  attributes/
section   page    origin      length       input sections
--------  ----  ----------  ----------   ----------------
codestart 
*          0    00000000    00000002     
                  00000000    00000002     F2837xD_CodeStartBranch.obj (codestart)

.cinit     0    00000128    00000024     
                  00000128    00000009     (.cinit..data.load) [load image, compression = lzss]
                  00000131    00000001     --HOLE-- [fill = 0]
                  00000132    00000006     (__TI_handler_table)
                  00000138    00000004     (.cinit..bss.load) [load image, compression = zero_init]
                  0000013c    00000004     (.cinit.ramgs0.load) [load image, compression = zero_init]
                  00000140    0000000c     (__TI_cinit_table)

.reset     0    003fffc0    00000000     DSECT

.stack     1    00000400    000003f8     UNINITIALIZED
                  00000400    000003f8     --HOLE--

.bss       1    0000ab2a    00000002     UNINITIALIZED
                  0000ab2a    00000002     adc_multiple_soc_epwm.obj (.bss)

.init_array 
*          0    00000123    00000000     UNINITIALIZED

.const     1    0000a800    00000319     
                  0000a800    000000c2     driverlib_eabi.lib : sysctl.obj (.const:.string)
                  0000a8c2    000000bc                        : gpio.obj (.const:.string)
                  0000a97e    00000088     adc_multiple_soc_epwm.obj (.const:.string)
                  0000aa06    0000005d     driverlib_eabi.lib : adc.obj (.const:.string)
                  0000aa63    00000001     --HOLE-- [fill = 0]
                  0000aa64    0000005d                        : dma.obj (.const:.string)
                  0000aac1    00000001     --HOLE-- [fill = 0]
                  0000aac2    00000043     board.obj (.const:.string)
                  0000ab05    00000001     --HOLE-- [fill = 0]
                  0000ab06    00000013     device.obj (.const:.string)

.data      1    0000ab1a    00000010     UNINITIALIZED
                  0000ab1a    00000006     device.obj (.data)
                  0000ab20    00000006     rts2800_fpu32_eabi.lib : exit.c.obj (.data)
                  0000ab26    00000002                            : _lock.c.obj (.data:_lock)
                  0000ab28    00000002                            : _lock.c.obj (.data:_unlock)

ramgs0     1    0000c000    00000200     UNINITIALIZED
                  0000c000    00000200     adc_multiple_soc_epwm.obj (ramgs0)

.TI.ramfunc 
*          0    00000123    00000004     
                  00000123    00000004     driverlib_eabi.lib : sysctl.obj (.TI.ramfunc)

GETBUFFER 
*          0    0003f800    00000000     DSECT

GETWRITEIDX 
*          0    0003f800    00000000     DSECT

PUTREADIDX 
*          0    0003f800    00000000     DSECT

.text.1    0    00008000    00000800     
                  00008000    00000207     driverlib_eabi.lib : sysctl.obj (.text:SysCtl_setClock)
                  00008207    000001eb     board.obj (.text)
                  000083f2    000000a3     driverlib_eabi.lib : dma.obj (.text:DMA_configMode)
                  00008495    00000088     rts2800_fpu32_eabi.lib : fs_div28.asm.obj (.text)
                  0000851d    0000006b     driverlib_eabi.lib : sysctl.obj (.text:SysCtl_selectXTAL)
                  00008588    00000068                        : sysctl.obj (.text:SysCtl_getDeviceParametric)
                  000085f0    00000064                        : adc.obj (.text:ADC_setOffsetTrim)
                  00008654    00000054                        : sysctl.obj (.text:SysCtl_selectOscSource)
                  000086a8    00000051                        : sysctl.obj (.text:SysCtl_getClock)
                  000086f9    0000003d                        : interrupt.obj (.text:Interrupt_initModule)
                  00008736    00000038                        : gpio.obj (.text:GPIO_setMasterCore)
                  0000876e    00000038                        : gpio.obj (.text:GPIO_setQualificationMode)
                  000087a6    00000037                        : gpio.obj (.text:GPIO_setPinConfig)
                  000087dd    00000020                        : sysctl.obj (.text:CPUTimer_getTimerOverflowStatus)
                  000087fd    00000002                        : interrupt.obj (.text:Interrupt_illegalOperationHandler)
                  000087ff    00000001     rts2800_fpu32_eabi.lib : startup.c.obj (.text)

.text.2    0    00008800    000003a5     
                  00008800    00000034     driverlib_eabi.lib : interrupt.obj (.text:Interrupt_enable)
                  00008834    00000032     adc_multiple_soc_epwm.obj (.text:retain)
                  00008866    00000031     driverlib_eabi.lib : gpio.obj (.text:GPIO_setDirectionMode)
                  00008897    0000002f                        : adc.obj (.text:ADC_setMode)
                  000088c6    0000002e     rts2800_fpu32_eabi.lib : copy_decompress_lzss.c.obj (.text:decompress:lzss)
                  000088f4    0000002b                            : autoinit.c.obj (.text:__TI_auto_init_nobinit_nopinit)
                  0000891f    00000029     driverlib_eabi.lib : dma.obj (.text:DMA_configTransfer)
                  00008948    00000029                        : dma.obj (.text:DMA_isBaseValid)
                  00008971    00000029     rts2800_fpu32_eabi.lib : exit.c.obj (.text)
                  0000899a    00000025     driverlib_eabi.lib : dma.obj (.text:DMA_configAddresses)
                  000089bf    00000024                        : sysctl.obj (.text:CPUTimer_selectClockSource)
                  000089e3    00000024                        : dma.obj (.text:DMA_configBurst)
                  00008a07    0000001f                        : adc.obj (.text:ADC_isBaseValid)
                  00008a26    0000001e                        : interrupt.obj (.text:Interrupt_initVectorTable)
                  00008a44    0000001d     rts2800_fpu32_eabi.lib : memcpy.c.obj (.text)
                  00008a61    0000001b     driverlib_eabi.lib : sysctl.obj (.text:CPUTimer_startTimer)
                  00008a7c    0000001a                        : sysctl.obj (.text:CPUTimer_isBaseValid)
                  00008a96    0000001a                        : sysctl.obj (.text:SysCtl_getLowSpeedClock)
                  00008ab0    00000019                        : sysctl.obj (.text:SysCtl_pollCpuTimer)
                  00008ac9    00000017     rts2800_fpu32_eabi.lib : boot28.asm.obj (.text)
                  00008ae0    00000014     driverlib_eabi.lib : sysctl.obj (.text:CPUTimer_stopTimer)
                  00008af4    00000012                        : sysctl.obj (.text:CPUTimer_clearOverflowFlag)
                  00008b06    00000012                        : sysctl.obj (.text:CPUTimer_disableInterrupt)
                  00008b18    00000012                        : sysctl.obj (.text:CPUTimer_setPeriod)
                  00008b2a    0000000e                        : gpio.obj (.text:GPIO_isPinValid)
                  00008b38    0000000e                        : interrupt.obj (.text:Interrupt_defaultHandler)
                  00008b46    0000000d                        : interrupt.obj (.text:Interrupt_disableMaster)
                  00008b53    0000000d                        : interrupt.obj (.text:Interrupt_enableMaster)
                  00008b60    0000000d     rts2800_fpu32_eabi.lib : copy_zero_init.c.obj (.text:decompress:ZI:__TI_zero_init_nomemset)
                  00008b6d    0000000b     driverlib_eabi.lib : sysctl.obj (.text:SysCtl_isMCDClockFailureDetected)
                  00008b78    00000009                        : sysctl.obj (.text:SysCtl_serviceWatchdog)
                  00008b81    00000009     rts2800_fpu32_eabi.lib : _lock.c.obj (.text)
                  00008b8a    00000008     F2837xD_CodeStartBranch.obj (.text)
                  00008b92    00000008     rts2800_fpu32_eabi.lib : copy_decompress_none.c.obj (.text:decompress:none)
                  00008b9a    00000007     driverlib_eabi.lib : sysctl.obj (.text:SysCtl_resetMCD)
                  00008ba1    00000002                        : interrupt.obj (.text:Interrupt_nmiHandler)
                  00008ba3    00000002     rts2800_fpu32_eabi.lib : pre_init.c.obj (.text)

.text.3    0    0000b000    00000800     
                  0000b000    000003fa     device.obj (.text)
                  0000b3fa    00000387     adc_multiple_soc_epwm.obj (.text)
                  0000b781    00000073     driverlib_eabi.lib : adc.obj (.text:ADC_setINLTrim)
                  0000b7f4    0000000c     rts2800_fpu32_eabi.lib : args_main.c.obj (.text)

MODULE SUMMARY

       Module                        code   ro data   rw data
       ------                        ----   -------   -------
    .\
       adc_multiple_soc_epwm.obj     953    136       514    
    +--+-----------------------------+------+---------+---------+
       Total:                        953    136       514    
                                                             
    .\device\
       device.obj                    1018   19        6      
       F2837xD_CodeStartBranch.obj   10     0         0      
    +--+-----------------------------+------+---------+---------+
       Total:                        1028   19        6      
                                                             
    .\syscfg\
       board.obj                     491    67        0      
    +--+-----------------------------+------+---------+---------+
       Total:                        491    67        0      
                                                             
    D:\ti\c2000\C2000Ware_4_00_00_00\driverlib\f2837xd\driverlib\ccs\Debug\driverlib_eabi.lib
       sysctl.obj                    1172   194       0      
       gpio.obj                      230    188       0      
       dma.obj                       318    93        0      
       adc.obj                       293    93        0      
       interrupt.obj                 187    0         0      
    +--+-----------------------------+------+---------+---------+
       Total:                        2200   568       0      
                                                             
    D:\ti\ccs1210\ccs\tools\compiler\ti-cgt-c2000_22.6.0.LTS\lib\rts2800_fpu32_eabi.lib
       fs_div28.asm.obj              136    0         0      
       exit.c.obj                    41     0         6      
       copy_decompress_lzss.c.obj    46     0         0      
       autoinit.c.obj                43     0         0      
       memcpy.c.obj                  29     0         0      
       boot28.asm.obj                23     0         0      
       _lock.c.obj                   9      0         4      
       copy_zero_init.c.obj          13     0         0      
       args_main.c.obj               12     0         0      
       copy_decompress_none.c.obj    8      0         0      
       pre_init.c.obj                2      0         0      
       startup.c.obj                 1      0         0      
    +--+-----------------------------+------+---------+---------+
       Total:                        363    0         10     
                                                             
       Stack:                        0      0         1016   
       Linker Generated:             0      35        0      
    +--+-----------------------------+------+---------+---------+
       Grand Total:                  5035   825       1546   


LINKER GENERATED COPY TABLES

__TI_cinit_table @ 00000140 records: 3, size/record: 4, table size: 12
	.data: load addr=00000128, load size=00000009 bytes, run addr=0000ab1a, run size=00000010 bytes, compression=lzss
	.bss: load addr=00000138, load size=00000004 bytes, run addr=0000ab2a, run size=00000002 bytes, compression=zero_init
	ramgs0: load addr=0000013c, load size=00000004 bytes, run addr=0000c000, run size=00000200 bytes, compression=zero_init


LINKER GENERATED HANDLER TABLE

__TI_handler_table @ 00000132 records: 3, size/record: 2, table size: 6
	index: 0, handler: __TI_zero_init
	index: 1, handler: __TI_decompress_lzss
	index: 2, handler: __TI_decompress_none


GLOBAL DATA SYMBOLS: SORTED BY DATA PAGE

address     data page           name
--------    ----------------    ----
00000400      10 (00000400)     __stack

0000ab1a     2ac (0000ab00)     Example_Result
0000ab1c     2ac (0000ab00)     Example_PassCount
0000ab1e     2ac (0000ab00)     Example_Fail
0000ab20     2ac (0000ab00)     __TI_enable_exit_profile_output
0000ab22     2ac (0000ab00)     __TI_cleanup_ptr
0000ab24     2ac (0000ab00)     __TI_dtors_ptr
0000ab26     2ac (0000ab00)     _lock
0000ab28     2ac (0000ab00)     _unlock
0000ab2a     2ac (0000ab00)     index
0000ab2b     2ac (0000ab00)     bufferFull

0000c000     300 (0000c000)     adcAResults

0000c100     304 (0000c100)     adcBResults


GLOBAL SYMBOLS: SORTED ALPHABETICALLY BY Name 

page  address   name                                     
----  -------   ----                                     
0     00008379  ADC_init                                 
0     0000b781  ADC_setINLTrim                           
0     00008897  ADC_setMode                              
0     000085f0  ADC_setOffsetTrim                        
0     00008371  Board_init                               
0     00008971  C$$EXIT                                  
0     0000899a  DMA_configAddresses                      
0     000089e3  DMA_configBurst                          
0     000083f2  DMA_configMode                           
0     0000891f  DMA_configTransfer                       
0     0000b26e  Device_bootCPU2                          
0     0000b23d  Device_configureTMXAnalogTrim            
0     0000b0eb  Device_enableAllPeripherals              
0     0000b227  Device_enableUnbondedGPIOPullups         
0     0000b20a  Device_enableUnbondedGPIOPullupsFor100Pin
0     0000b1f7  Device_enableUnbondedGPIOPullupsFor176Pin
0     0000b0ab  Device_init                              
0     0000b1d6  Device_initGPIO                          
1     0000ab1e  Example_Fail                             
1     0000ab1c  Example_PassCount                        
1     0000ab1a  Example_Result                           
0     0000b3f9  Example_done                             
0     0000b3f4  Example_setResultFail                    
0     0000b3ef  Example_setResultPass                    
0     00008866  GPIO_setDirectionMode                    
0     00008736  GPIO_setMasterCore                       
0     000087a6  GPIO_setPinConfig                        
0     0000876e  GPIO_setQualificationMode                
0     0000b774  INTERRUPT_init                           
0     00008800  Interrupt_enable                         
0     000086f9  Interrupt_initModule                     
0     00008a26  Interrupt_initVectorTable                
0     00008378  PinMux_init                              
0     0000b6ec  SetSamplingRate                          
0     00000123  SysCtl_delay                             
0     000086a8  SysCtl_getClock                          
0     00008588  SysCtl_getDeviceParametric               
0     00008a96  SysCtl_getLowSpeedClock                  
0     00008654  SysCtl_selectOscSource                   
0     0000851d  SysCtl_selectXTAL                        
0     00008000  SysCtl_setClock                          
0     00000140  __TI_CINIT_Base                          
0     0000014c  __TI_CINIT_Limit                         
0     0000014c  __TI_CINIT_Warm                          
0     00000132  __TI_Handler_Table_Base                  
0     00000138  __TI_Handler_Table_Limit                 
1     000007f8  __TI_STACK_END                           
abs   000003f8  __TI_STACK_SIZE                          
0     000088f4  __TI_auto_init_nobinit_nopinit           
1     0000ab22  __TI_cleanup_ptr                         
0     000088c6  __TI_decompress_lzss                     
0     00008b92  __TI_decompress_none                     
1     0000ab24  __TI_dtors_ptr                           
1     0000ab20  __TI_enable_exit_profile_output          
abs   ffffffff  __TI_pprof_out_hndl                      
abs   ffffffff  __TI_prof_data_size                      
abs   ffffffff  __TI_prof_data_start                     
0     00008b60  __TI_zero_init_nomemset                  
0     00008495  __c28xabi_divf                           
n/a   UNDEFED   __c_args__                               
0     0000b3e8  __error__                                
1     00000400  __stack                                  
0     0000b7f4  _args_main                               
0     00008ac9  _c_int00                                 
1     0000ab26  _lock                                    
0     00008b89  _nop                                     
0     00008b85  _register_lock                           
0     00008b81  _register_unlock                         
0     000087ff  _system_post_cinit                       
0     00008ba3  _system_pre_init                         
1     0000ab28  _unlock                                  
0     00008971  abort                                    
1     0000c000  adcAResults                              
1     0000c100  adcBResults                              
1     0000ab2b  bufferFull                               
0     00000000  code_start                               
0     0000b70f  configureDMAChannels                     
0     00008834  dmach1ISR                                
0     00008973  exit                                     
1     0000ab2a  index                                    
0     0000b6c4  initEPWM                                 
0     0000b709  initializeDMA                            
0     0000b643  main                                     
0     00008a44  memcpy                                   


GLOBAL SYMBOLS: SORTED BY Symbol Address 

page  address   name                                     
----  -------   ----                                     
0     00000000  code_start                               
0     00000123  SysCtl_delay                             
0     00000132  __TI_Handler_Table_Base                  
0     00000138  __TI_Handler_Table_Limit                 
0     00000140  __TI_CINIT_Base                          
0     0000014c  __TI_CINIT_Limit                         
0     0000014c  __TI_CINIT_Warm                          
0     00008000  SysCtl_setClock                          
0     00008371  Board_init                               
0     00008378  PinMux_init                              
0     00008379  ADC_init                                 
0     000083f2  DMA_configMode                           
0     00008495  __c28xabi_divf                           
0     0000851d  SysCtl_selectXTAL                        
0     00008588  SysCtl_getDeviceParametric               
0     000085f0  ADC_setOffsetTrim                        
0     00008654  SysCtl_selectOscSource                   
0     000086a8  SysCtl_getClock                          
0     000086f9  Interrupt_initModule                     
0     00008736  GPIO_setMasterCore                       
0     0000876e  GPIO_setQualificationMode                
0     000087a6  GPIO_setPinConfig                        
0     000087ff  _system_post_cinit                       
0     00008800  Interrupt_enable                         
0     00008834  dmach1ISR                                
0     00008866  GPIO_setDirectionMode                    
0     00008897  ADC_setMode                              
0     000088c6  __TI_decompress_lzss                     
0     000088f4  __TI_auto_init_nobinit_nopinit           
0     0000891f  DMA_configTransfer                       
0     00008971  C$$EXIT                                  
0     00008971  abort                                    
0     00008973  exit                                     
0     0000899a  DMA_configAddresses                      
0     000089e3  DMA_configBurst                          
0     00008a26  Interrupt_initVectorTable                
0     00008a44  memcpy                                   
0     00008a96  SysCtl_getLowSpeedClock                  
0     00008ac9  _c_int00                                 
0     00008b60  __TI_zero_init_nomemset                  
0     00008b81  _register_unlock                         
0     00008b85  _register_lock                           
0     00008b89  _nop                                     
0     00008b92  __TI_decompress_none                     
0     00008ba3  _system_pre_init                         
0     0000b0ab  Device_init                              
0     0000b0eb  Device_enableAllPeripherals              
0     0000b1d6  Device_initGPIO                          
0     0000b1f7  Device_enableUnbondedGPIOPullupsFor176Pin
0     0000b20a  Device_enableUnbondedGPIOPullupsFor100Pin
0     0000b227  Device_enableUnbondedGPIOPullups         
0     0000b23d  Device_configureTMXAnalogTrim            
0     0000b26e  Device_bootCPU2                          
0     0000b3e8  __error__                                
0     0000b3ef  Example_setResultPass                    
0     0000b3f4  Example_setResultFail                    
0     0000b3f9  Example_done                             
0     0000b643  main                                     
0     0000b6c4  initEPWM                                 
0     0000b6ec  SetSamplingRate                          
0     0000b709  initializeDMA                            
0     0000b70f  configureDMAChannels                     
0     0000b774  INTERRUPT_init                           
0     0000b781  ADC_setINLTrim                           
0     0000b7f4  _args_main                               
1     00000400  __stack                                  
1     000007f8  __TI_STACK_END                           
1     0000ab1a  Example_Result                           
1     0000ab1c  Example_PassCount                        
1     0000ab1e  Example_Fail                             
1     0000ab20  __TI_enable_exit_profile_output          
1     0000ab22  __TI_cleanup_ptr                         
1     0000ab24  __TI_dtors_ptr                           
1     0000ab26  _lock                                    
1     0000ab28  _unlock                                  
1     0000ab2a  index                                    
1     0000ab2b  bufferFull                               
1     0000c000  adcAResults                              
1     0000c100  adcBResults                              
abs   000003f8  __TI_STACK_SIZE                          
abs   ffffffff  __TI_pprof_out_hndl                      
abs   ffffffff  __TI_prof_data_size                      
abs   ffffffff  __TI_prof_data_start                     
n/a   UNDEFED   __c_args__                               

[84 symbols]
