******************************************************************************
             TMS320C2000 Linker PC v22.6.0                     
******************************************************************************
>> Linked Thu Jun 26 19:20:55 2025

OUTPUT FILE NAME:   <adc_soc_multiple_epwm.out>
ENTRY POINT SYMBOL: "code_start"  address: 00000000


MEMORY CONFIGURATION

         name            origin    length      used     unused   attr    fill
----------------------  --------  ---------  --------  --------  ----  --------
PAGE 0:
  BEGIN                 00000000   00000002  00000002  00000000  RWIX
  RAMM0                 00000123   000002dd  00000020  000002bd  RWIX
  RAMLS0                00008000   00000800  00000800  00000000  RWIX
  RAMLS1                00008800   00000800  000000b5  0000074b  RWIX
  RAMLS2                00009000   00000800  00000000  00000800  RWIX
  RAMLS3                00009800   00000800  00000000  00000800  RWIX
  RAMLS4                0000a000   00000800  00000000  00000800  RWIX
  RAMD0                 0000b000   00000800  00000800  00000000  RWIX
  RESET                 003fffc0   00000002  00000000  00000002  RWIX

PAGE 1:
  BOOT_RSVD             00000002   00000121  00000000  00000121  RWIX
  RAMM1                 00000400   000003f8  000003f8  00000000  RWIX
  RAMLS5                0000a800   00000800  0000048a  00000376  RWIX
  RAMD1                 0000b800   00000800  00000000  00000800  RWIX
  RAMGS0                0000c000   00001000  00000000  00001000  RWIX
  RAMGS1                0000d000   00001000  00000000  00001000  RWIX
  RAMGS2                0000e000   00001000  00000000  00001000  RWIX
  RAMGS3                0000f000   00001000  00000000  00001000  RWIX
  RAMGS4                00010000   00001000  00000000  00001000  RWIX
  RAMGS5                00011000   00001000  00000000  00001000  RWIX
  RAMGS6                00012000   00001000  00000000  00001000  RWIX
  RAMGS7                00013000   00001000  00000000  00001000  RWIX
  RAMGS8                00014000   00001000  00000000  00001000  RWIX
  RAMGS9                00015000   00001000  00000000  00001000  RWIX
  RAMGS10               00016000   00001000  00000000  00001000  RWIX
  RAMGS11               00017000   00001000  00000000  00001000  RWIX
  RAMGS12               00018000   00001000  00000000  00001000  RWIX
  RAMGS13               00019000   00001000  00000000  00001000  RWIX
  RAMGS14               0001a000   00001000  00000000  00001000  RWIX
  RAMGS15               0001b000   00000ff8  00000000  00000ff8  RWIX
  CPU2TOCPU1RAM         0003f800   00000400  00000000  00000400  RWIX
  CPU1TOCPU2RAM         0003fc00   00000400  00000000  00000400  RWIX
  CANA_MSG_RAM          00049000   00000800  00000000  00000800  RWIX
  CANB_MSG_RAM          0004b000   00000800  00000000  00000800  RWIX


SECTION ALLOCATION MAP

 output                                  attributes/
section   page    origin      length       input sections
--------  ----  ----------  ----------   ----------------
codestart 
*          0    00000000    00000002     
                  00000000    00000002     F2837xD_CodeStartBranch.obj (codestart)

.cinit     0    00000128    0000001c     
                  00000128    00000009     (.cinit..data.load) [load image, compression = lzss]
                  00000131    00000001     --HOLE-- [fill = 0]
                  00000132    00000006     (__TI_handler_table)
                  00000138    00000004     (.cinit..bss.load) [load image, compression = zero_init]
                  0000013c    00000008     (__TI_cinit_table)

.reset     0    003fffc0    00000000     DSECT

.stack     1    00000400    000003f8     UNINITIALIZED
                  00000400    000003f8     --HOLE--

.bss       1    0000aa77    00000203     UNINITIALIZED
                  0000aa77    00000100     adc_multiple_soc_epwm.obj (.bss:adcAResults)
                  0000ab77    00000100     adc_multiple_soc_epwm.obj (.bss:adcBResults)
                  0000ac77    00000003     adc_multiple_soc_epwm.obj (.bss)

.init_array 
*          0    00000123    00000000     UNINITIALIZED

.const     1    0000a800    00000277     
                  0000a800    000000c2     driverlib_eabi.lib : sysctl.obj (.const:.string)
                  0000a8c2    000000bc                        : gpio.obj (.const:.string)
                  0000a97e    00000088     adc_multiple_soc_epwm.obj (.const:.string)
                  0000aa06    0000005d     driverlib_eabi.lib : adc.obj (.const:.string)
                  0000aa63    00000001     --HOLE-- [fill = 0]
                  0000aa64    00000013     device.obj (.const:.string)

.data      1    0000ac7a    00000010     UNINITIALIZED
                  0000ac7a    00000006     device.obj (.data)
                  0000ac80    00000006     rts2800_fpu32_eabi.lib : exit.c.obj (.data)
                  0000ac86    00000002                            : _lock.c.obj (.data:_lock)
                  0000ac88    00000002                            : _lock.c.obj (.data:_unlock)

.TI.ramfunc 
*          0    00000123    00000004     
                  00000123    00000004     driverlib_eabi.lib : sysctl.obj (.TI.ramfunc)

GETBUFFER 
*          0    0003f800    00000000     DSECT

GETWRITEIDX 
*          0    0003f800    00000000     DSECT

PUTREADIDX 
*          0    0003f800    00000000     DSECT

.text.1    0    00008000    00000800     
                  00008000    00000207     driverlib_eabi.lib : sysctl.obj (.text:SysCtl_setClock)
                  00008207    00000088     rts2800_fpu32_eabi.lib : fs_div28.asm.obj (.text)
                  0000828f    0000006b     driverlib_eabi.lib : sysctl.obj (.text:SysCtl_selectXTAL)
                  000082fa    00000068                        : sysctl.obj (.text:SysCtl_getDeviceParametric)
                  00008362    00000064                        : adc.obj (.text:ADC_setOffsetTrim)
                  000083c6    00000061     adc_multiple_soc_epwm.obj (.text:retain)
                  00008427    00000054     driverlib_eabi.lib : sysctl.obj (.text:SysCtl_selectOscSource)
                  0000847b    00000051                        : sysctl.obj (.text:SysCtl_getClock)
                  000084cc    0000003d                        : interrupt.obj (.text:Interrupt_initModule)
                  00008509    00000038                        : gpio.obj (.text:GPIO_setMasterCore)
                  00008541    00000038                        : gpio.obj (.text:GPIO_setQualificationMode)
                  00008579    00000037                        : gpio.obj (.text:GPIO_setPinConfig)
                  000085b0    00000034                        : interrupt.obj (.text:Interrupt_enable)
                  000085e4    00000031                        : gpio.obj (.text:GPIO_setDirectionMode)
                  00008615    0000002f                        : adc.obj (.text:ADC_setMode)
                  00008644    0000002e     rts2800_fpu32_eabi.lib : copy_decompress_lzss.c.obj (.text:decompress:lzss)
                  00008672    0000002b                            : autoinit.c.obj (.text:__TI_auto_init_nobinit_nopinit)
                  0000869d    00000029                            : exit.c.obj (.text)
                  000086c6    00000024     driverlib_eabi.lib : sysctl.obj (.text:CPUTimer_selectClockSource)
                  000086ea    00000020                        : sysctl.obj (.text:CPUTimer_getTimerOverflowStatus)
                  0000870a    0000001f                        : adc.obj (.text:ADC_isBaseValid)
                  00008729    0000001e                        : interrupt.obj (.text:Interrupt_initVectorTable)
                  00008747    0000001d     rts2800_fpu32_eabi.lib : memcpy.c.obj (.text)
                  00008764    0000001b     driverlib_eabi.lib : sysctl.obj (.text:CPUTimer_startTimer)
                  0000877f    0000001a                        : sysctl.obj (.text:CPUTimer_isBaseValid)
                  00008799    0000001a                        : sysctl.obj (.text:SysCtl_getLowSpeedClock)
                  000087b3    00000019                        : sysctl.obj (.text:SysCtl_pollCpuTimer)
                  000087cc    00000017     rts2800_fpu32_eabi.lib : boot28.asm.obj (.text)
                  000087e3    00000014     driverlib_eabi.lib : sysctl.obj (.text:CPUTimer_stopTimer)
                  000087f7    00000009                        : sysctl.obj (.text:SysCtl_serviceWatchdog)

.text.2    0    00008800    000000b5     
                  00008800    00000012     driverlib_eabi.lib : sysctl.obj (.text:CPUTimer_clearOverflowFlag)
                  00008812    00000012                        : sysctl.obj (.text:CPUTimer_disableInterrupt)
                  00008824    00000012                        : sysctl.obj (.text:CPUTimer_setPeriod)
                  00008836    0000000e                        : gpio.obj (.text:GPIO_isPinValid)
                  00008844    0000000e                        : interrupt.obj (.text:Interrupt_defaultHandler)
                  00008852    0000000d                        : interrupt.obj (.text:Interrupt_disableMaster)
                  0000885f    0000000d                        : interrupt.obj (.text:Interrupt_enableMaster)
                  0000886c    0000000d     rts2800_fpu32_eabi.lib : copy_zero_init.c.obj (.text:decompress:ZI:__TI_zero_init_nomemset)
                  00008879    0000000c                            : args_main.c.obj (.text)
                  00008885    0000000b     driverlib_eabi.lib : sysctl.obj (.text:SysCtl_isMCDClockFailureDetected)
                  00008890    00000009     rts2800_fpu32_eabi.lib : _lock.c.obj (.text)
                  00008899    00000008     F2837xD_CodeStartBranch.obj (.text)
                  000088a1    00000008     rts2800_fpu32_eabi.lib : copy_decompress_none.c.obj (.text:decompress:none)
                  000088a9    00000007     driverlib_eabi.lib : sysctl.obj (.text:SysCtl_resetMCD)
                  000088b0    00000002                        : interrupt.obj (.text:Interrupt_nmiHandler)
                  000088b2    00000002     rts2800_fpu32_eabi.lib : pre_init.c.obj (.text)
                  000088b4    00000001                            : startup.c.obj (.text)

.text.3    0    0000b000    00000800     
                  0000b000    000003fc     device.obj (.text)
                  0000b3fc    0000038f     adc_multiple_soc_epwm.obj (.text)
                  0000b78b    00000073     driverlib_eabi.lib : adc.obj (.text:ADC_setINLTrim)
                  0000b7fe    00000002                        : interrupt.obj (.text:Interrupt_illegalOperationHandler)

MODULE SUMMARY

       Module                        code   ro data   rw data
       ------                        ----   -------   -------
    .\
       adc_multiple_soc_epwm.obj     1008   136       515    
    +--+-----------------------------+------+---------+---------+
       Total:                        1008   136       515    
                                                             
    .\device\
       device.obj                    1020   19        6      
       F2837xD_CodeStartBranch.obj   10     0         0      
    +--+-----------------------------+------+---------+---------+
       Total:                        1030   19        6      
                                                             
    D:\ti\c2000\C2000Ware_4_00_00_00\driverlib\f2837xd\driverlib\ccs\Debug\driverlib_eabi.lib
       sysctl.obj                    1172   194       0      
       gpio.obj                      230    188       0      
       adc.obj                       293    93        0      
       interrupt.obj                 187    0         0      
    +--+-----------------------------+------+---------+---------+
       Total:                        1882   475       0      
                                                             
    D:\ti\ccs1210\ccs\tools\compiler\ti-cgt-c2000_22.6.0.LTS\lib\rts2800_fpu32_eabi.lib
       fs_div28.asm.obj              136    0         0      
       exit.c.obj                    41     0         6      
       copy_decompress_lzss.c.obj    46     0         0      
       autoinit.c.obj                43     0         0      
       memcpy.c.obj                  29     0         0      
       boot28.asm.obj                23     0         0      
       _lock.c.obj                   9      0         4      
       copy_zero_init.c.obj          13     0         0      
       args_main.c.obj               12     0         0      
       copy_decompress_none.c.obj    8      0         0      
       pre_init.c.obj                2      0         0      
       startup.c.obj                 1      0         0      
    +--+-----------------------------+------+---------+---------+
       Total:                        363    0         10     
                                                             
       Stack:                        0      0         1016   
       Linker Generated:             0      27        0      
    +--+-----------------------------+------+---------+---------+
       Grand Total:                  4283   657       1547   


LINKER GENERATED COPY TABLES

__TI_cinit_table @ 0000013c records: 2, size/record: 4, table size: 8
	.data: load addr=00000128, load size=00000009 bytes, run addr=0000ac7a, run size=00000010 bytes, compression=lzss
	.bss: load addr=00000138, load size=00000004 bytes, run addr=0000aa77, run size=00000203 bytes, compression=zero_init


LINKER GENERATED HANDLER TABLE

__TI_handler_table @ 00000132 records: 3, size/record: 2, table size: 6
	index: 0, handler: __TI_zero_init
	index: 1, handler: __TI_decompress_lzss
	index: 2, handler: __TI_decompress_none


GLOBAL DATA SYMBOLS: SORTED BY DATA PAGE

address     data page           name
--------    ----------------    ----
00000400      10 (00000400)     __stack

0000aa77     2a9 (0000aa40)     adcAResults

0000ab77     2ad (0000ab40)     adcBResults

0000ac77     2b1 (0000ac40)     index
0000ac78     2b1 (0000ac40)     bufferFull
0000ac79     2b1 (0000ac40)     discard
0000ac7a     2b1 (0000ac40)     Example_Result
0000ac7c     2b1 (0000ac40)     Example_PassCount
0000ac7e     2b1 (0000ac40)     Example_Fail

0000ac80     2b2 (0000ac80)     __TI_enable_exit_profile_output
0000ac82     2b2 (0000ac80)     __TI_cleanup_ptr
0000ac84     2b2 (0000ac80)     __TI_dtors_ptr
0000ac86     2b2 (0000ac80)     _lock
0000ac88     2b2 (0000ac80)     _unlock


GLOBAL SYMBOLS: SORTED ALPHABETICALLY BY Name 

page  address   name                                     
----  -------   ----                                     
0     0000b78b  ADC_setINLTrim                           
0     00008615  ADC_setMode                              
0     00008362  ADC_setOffsetTrim                        
0     0000869d  C$$EXIT                                  
0     0000b270  Device_bootCPU2                          
0     0000b23f  Device_configureTMXAnalogTrim            
0     0000b0ed  Device_enableAllPeripherals              
0     0000b229  Device_enableUnbondedGPIOPullups         
0     0000b20c  Device_enableUnbondedGPIOPullupsFor100Pin
0     0000b1f9  Device_enableUnbondedGPIOPullupsFor176Pin
0     0000b0ab  Device_init                              
0     0000b1d8  Device_initGPIO                          
1     0000ac7e  Example_Fail                             
1     0000ac7c  Example_PassCount                        
1     0000ac7a  Example_Result                           
0     0000b3fb  Example_done                             
0     0000b3f6  Example_setResultFail                    
0     0000b3f1  Example_setResultPass                    
0     000085e4  GPIO_setDirectionMode                    
0     00008509  GPIO_setMasterCore                       
0     00008579  GPIO_setPinConfig                        
0     00008541  GPIO_setQualificationMode                
0     000085b0  Interrupt_enable                         
0     000084cc  Interrupt_initModule                     
0     00008729  Interrupt_initVectorTable                
0     00000123  SysCtl_delay                             
0     0000847b  SysCtl_getClock                          
0     000082fa  SysCtl_getDeviceParametric               
0     00008799  SysCtl_getLowSpeedClock                  
0     00008427  SysCtl_selectOscSource                   
0     0000828f  SysCtl_selectXTAL                        
0     00008000  SysCtl_setClock                          
0     0000013c  __TI_CINIT_Base                          
0     00000144  __TI_CINIT_Limit                         
0     00000144  __TI_CINIT_Warm                          
0     00000132  __TI_Handler_Table_Base                  
0     00000138  __TI_Handler_Table_Limit                 
1     000007f8  __TI_STACK_END                           
abs   000003f8  __TI_STACK_SIZE                          
0     00008672  __TI_auto_init_nobinit_nopinit           
1     0000ac82  __TI_cleanup_ptr                         
0     00008644  __TI_decompress_lzss                     
0     000088a1  __TI_decompress_none                     
1     0000ac84  __TI_dtors_ptr                           
1     0000ac80  __TI_enable_exit_profile_output          
abs   ffffffff  __TI_pprof_out_hndl                      
abs   ffffffff  __TI_prof_data_size                      
abs   ffffffff  __TI_prof_data_start                     
0     0000886c  __TI_zero_init_nomemset                  
0     00008207  __c28xabi_divf                           
n/a   UNDEFED   __c_args__                               
0     0000b3ea  __error__                                
1     00000400  __stack                                  
0     00008879  _args_main                               
0     000087cc  _c_int00                                 
1     0000ac86  _lock                                    
0     00008898  _nop                                     
0     00008894  _register_lock                           
0     00008890  _register_unlock                         
0     000088b4  _system_post_cinit                       
0     000088b2  _system_pre_init                         
1     0000ac88  _unlock                                  
0     0000869d  abort                                    
0     000083c6  adcA1ISR                                 
1     0000aa77  adcAResults                              
1     0000ab77  adcBResults                              
1     0000ac78  bufferFull                               
0     00000000  code_start                               
0     0000b722  configureADC                             
1     0000ac79  discard                                  
0     0000869f  exit                                     
1     0000ac77  index                                    
0     0000b762  initADCSOC                               
0     0000b73a  initEPWM                                 
0     0000b6d3  main                                     
0     00008747  memcpy                                   


GLOBAL SYMBOLS: SORTED BY Symbol Address 

page  address   name                                     
----  -------   ----                                     
0     00000000  code_start                               
0     00000123  SysCtl_delay                             
0     00000132  __TI_Handler_Table_Base                  
0     00000138  __TI_Handler_Table_Limit                 
0     0000013c  __TI_CINIT_Base                          
0     00000144  __TI_CINIT_Limit                         
0     00000144  __TI_CINIT_Warm                          
0     00008000  SysCtl_setClock                          
0     00008207  __c28xabi_divf                           
0     0000828f  SysCtl_selectXTAL                        
0     000082fa  SysCtl_getDeviceParametric               
0     00008362  ADC_setOffsetTrim                        
0     000083c6  adcA1ISR                                 
0     00008427  SysCtl_selectOscSource                   
0     0000847b  SysCtl_getClock                          
0     000084cc  Interrupt_initModule                     
0     00008509  GPIO_setMasterCore                       
0     00008541  GPIO_setQualificationMode                
0     00008579  GPIO_setPinConfig                        
0     000085b0  Interrupt_enable                         
0     000085e4  GPIO_setDirectionMode                    
0     00008615  ADC_setMode                              
0     00008644  __TI_decompress_lzss                     
0     00008672  __TI_auto_init_nobinit_nopinit           
0     0000869d  C$$EXIT                                  
0     0000869d  abort                                    
0     0000869f  exit                                     
0     00008729  Interrupt_initVectorTable                
0     00008747  memcpy                                   
0     00008799  SysCtl_getLowSpeedClock                  
0     000087cc  _c_int00                                 
0     0000886c  __TI_zero_init_nomemset                  
0     00008879  _args_main                               
0     00008890  _register_unlock                         
0     00008894  _register_lock                           
0     00008898  _nop                                     
0     000088a1  __TI_decompress_none                     
0     000088b2  _system_pre_init                         
0     000088b4  _system_post_cinit                       
0     0000b0ab  Device_init                              
0     0000b0ed  Device_enableAllPeripherals              
0     0000b1d8  Device_initGPIO                          
0     0000b1f9  Device_enableUnbondedGPIOPullupsFor176Pin
0     0000b20c  Device_enableUnbondedGPIOPullupsFor100Pin
0     0000b229  Device_enableUnbondedGPIOPullups         
0     0000b23f  Device_configureTMXAnalogTrim            
0     0000b270  Device_bootCPU2                          
0     0000b3ea  __error__                                
0     0000b3f1  Example_setResultPass                    
0     0000b3f6  Example_setResultFail                    
0     0000b3fb  Example_done                             
0     0000b6d3  main                                     
0     0000b722  configureADC                             
0     0000b73a  initEPWM                                 
0     0000b762  initADCSOC                               
0     0000b78b  ADC_setINLTrim                           
1     00000400  __stack                                  
1     000007f8  __TI_STACK_END                           
1     0000aa77  adcAResults                              
1     0000ab77  adcBResults                              
1     0000ac77  index                                    
1     0000ac78  bufferFull                               
1     0000ac79  discard                                  
1     0000ac7a  Example_Result                           
1     0000ac7c  Example_PassCount                        
1     0000ac7e  Example_Fail                             
1     0000ac80  __TI_enable_exit_profile_output          
1     0000ac82  __TI_cleanup_ptr                         
1     0000ac84  __TI_dtors_ptr                           
1     0000ac86  _lock                                    
1     0000ac88  _unlock                                  
abs   000003f8  __TI_STACK_SIZE                          
abs   ffffffff  __TI_pprof_out_hndl                      
abs   ffffffff  __TI_prof_data_size                      
abs   ffffffff  __TI_prof_data_start                     
n/a   UNDEFED   __c_args__                               

[76 symbols]
