******************************************************************************
             TMS320C2000 Linker PC v22.6.0                     
******************************************************************************
>> Linked Thu Jun 26 22:17:24 2025

OUTPUT FILE NAME:   <adc_soc_multiple_epwm.out>
ENTRY POINT SYMBOL: "code_start"  address: 00000000


MEMORY CONFIGURATION

         name            origin    length      used     unused   attr    fill
----------------------  --------  ---------  --------  --------  ----  --------
PAGE 0:
  BEGIN                 00000000   00000002  00000002  00000000  RWIX
  RAMM0                 00000123   000002dd  00000020  000002bd  RWIX
  RAMLS0                00008000   00000800  00000800  00000000  RWIX
  RAMLS1                00008800   00000800  0000020b  000005f5  RWIX
  RAMLS2                00009000   00000800  00000000  00000800  RWIX
  RAMLS3                00009800   00000800  00000000  00000800  RWIX
  RAMLS4                0000a000   00000800  00000000  00000800  RWIX
  RAMD0                 0000b000   00000800  00000800  00000000  RWIX
  RESET                 003fffc0   00000002  00000000  00000002  RWIX

PAGE 1:
  BOOT_RSVD             00000002   00000121  00000000  00000121  RWIX
  RAMM1                 00000400   000003f8  000003f8  00000000  RWIX
  RAMLS5                0000a800   00000800  000006cd  00000133  RWIX
  RAMD1                 0000b800   00000800  00000000  00000800  RWIX
  RAMGS0                0000c000   00001000  00000000  00001000  RWIX
  RAMGS1                0000d000   00001000  00000000  00001000  RWIX
  RAMGS2                0000e000   00001000  00000000  00001000  RWIX
  RAMGS3                0000f000   00001000  00000000  00001000  RWIX
  RAMGS4                00010000   00001000  00000000  00001000  RWIX
  RAMGS5                00011000   00001000  00000000  00001000  RWIX
  RAMGS6                00012000   00001000  00000000  00001000  RWIX
  RAMGS7                00013000   00001000  00000000  00001000  RWIX
  RAMGS8                00014000   00001000  00000000  00001000  RWIX
  RAMGS9                00015000   00001000  00000000  00001000  RWIX
  RAMGS10               00016000   00001000  00000000  00001000  RWIX
  RAMGS11               00017000   00001000  00000000  00001000  RWIX
  RAMGS12               00018000   00001000  00000000  00001000  RWIX
  RAMGS13               00019000   00001000  00000000  00001000  RWIX
  RAMGS14               0001a000   00001000  00000000  00001000  RWIX
  RAMGS15               0001b000   00000ff8  00000000  00000ff8  RWIX
  CPU2TOCPU1RAM         0003f800   00000400  00000000  00000400  RWIX
  CPU1TOCPU2RAM         0003fc00   00000400  00000000  00000400  RWIX
  CANA_MSG_RAM          00049000   00000800  00000000  00000800  RWIX
  CANB_MSG_RAM          0004b000   00000800  00000000  00000800  RWIX


SECTION ALLOCATION MAP

 output                                  attributes/
section   page    origin      length       input sections
--------  ----  ----------  ----------   ----------------
codestart 
*          0    00000000    00000002     
                  00000000    00000002     F2837xD_CodeStartBranch.obj (codestart)

.cinit     0    00000128    0000001c     
                  00000128    0000000a     (.cinit..data.load) [load image, compression = lzss]
                  00000132    00000006     (__TI_handler_table)
                  00000138    00000004     (.cinit..bss.load) [load image, compression = zero_init]
                  0000013c    00000008     (__TI_cinit_table)

.reset     0    003fffc0    00000000     DSECT

.stack     1    00000400    000003f8     UNINITIALIZED
                  00000400    000003f8     --HOLE--

.bss       1    0000a800    00000402     UNINITIALIZED
                  0000a800    00000100     adc_multiple_soc_epwm.obj (.bss:adcAResults)
                  0000a900    00000100     adc_multiple_soc_epwm.obj (.bss:adcBResults)
                  0000aa00    00000100     adc_multiple_soc_epwm.obj (.bss:adcCResults1)
                  0000ab00    00000100     adc_multiple_soc_epwm.obj (.bss:adcCResults2)
                  0000ac00    00000002     adc_multiple_soc_epwm.obj (.bss)

.init_array 
*          0    00000123    00000000     UNINITIALIZED

.const     1    0000ac02    000002bb     
                  0000ac02    000000c2     driverlib_eabi.lib : sysctl.obj (.const:.string)
                  0000acc4    000000bc                        : gpio.obj (.const:.string)
                  0000ad80    00000088     adc_multiple_soc_epwm.obj (.const:.string)
                  0000ae08    0000005d     driverlib_eabi.lib : adc.obj (.const:.string)
                  0000ae65    00000001     --HOLE-- [fill = 0]
                  0000ae66    00000043     board.obj (.const:.string)
                  0000aea9    00000001     --HOLE-- [fill = 0]
                  0000aeaa    00000013     device.obj (.const:.string)

.data      1    0000aebe    00000010     UNINITIALIZED
                  0000aebe    00000002     rts2800_fpu32_eabi.lib : _lock.c.obj (.data:_lock)
                  0000aec0    00000006     device.obj (.data)
                  0000aec6    00000006     rts2800_fpu32_eabi.lib : exit.c.obj (.data)
                  0000aecc    00000002                            : _lock.c.obj (.data:_unlock)

.TI.ramfunc 
*          0    00000123    00000004     
                  00000123    00000004     driverlib_eabi.lib : sysctl.obj (.TI.ramfunc)

GETBUFFER 
*          0    0003f800    00000000     DSECT

GETWRITEIDX 
*          0    0003f800    00000000     DSECT

PUTREADIDX 
*          0    0003f800    00000000     DSECT

.text.1    0    00008000    00000800     
                  00008000    0000024a     board.obj (.text)
                  0000824a    00000207     driverlib_eabi.lib : sysctl.obj (.text:SysCtl_setClock)
                  00008451    0000006b                        : sysctl.obj (.text:SysCtl_selectXTAL)
                  000084bc    00000068                        : sysctl.obj (.text:SysCtl_getDeviceParametric)
                  00008524    00000064                        : adc.obj (.text:ADC_setOffsetTrim)
                  00008588    00000054                        : sysctl.obj (.text:SysCtl_selectOscSource)
                  000085dc    00000051                        : sysctl.obj (.text:SysCtl_getClock)
                  0000862d    0000003d                        : interrupt.obj (.text:Interrupt_initModule)
                  0000866a    00000038                        : gpio.obj (.text:GPIO_setMasterCore)
                  000086a2    00000038                        : gpio.obj (.text:GPIO_setQualificationMode)
                  000086da    00000037                        : gpio.obj (.text:GPIO_setPinConfig)
                  00008711    00000034                        : interrupt.obj (.text:Interrupt_enable)
                  00008745    00000031                        : gpio.obj (.text:GPIO_setDirectionMode)
                  00008776    0000002f                        : adc.obj (.text:ADC_setMode)
                  000087a5    0000002e     rts2800_fpu32_eabi.lib : copy_decompress_lzss.c.obj (.text:decompress:lzss)
                  000087d3    0000002b                            : autoinit.c.obj (.text:__TI_auto_init_nobinit_nopinit)
                  000087fe    00000002     driverlib_eabi.lib : interrupt.obj (.text:Interrupt_illegalOperationHandler)

.text.2    0    00008800    0000020b     
                  00008800    00000029     rts2800_fpu32_eabi.lib : exit.c.obj (.text)
                  00008829    00000024     driverlib_eabi.lib : sysctl.obj (.text:CPUTimer_selectClockSource)
                  0000884d    00000020                        : sysctl.obj (.text:CPUTimer_getTimerOverflowStatus)
                  0000886d    0000001f                        : adc.obj (.text:ADC_isBaseValid)
                  0000888c    0000001e                        : interrupt.obj (.text:Interrupt_initVectorTable)
                  000088aa    0000001d     rts2800_fpu32_eabi.lib : memcpy.c.obj (.text)
                  000088c7    0000001b     driverlib_eabi.lib : sysctl.obj (.text:CPUTimer_startTimer)
                  000088e2    0000001a                        : sysctl.obj (.text:CPUTimer_isBaseValid)
                  000088fc    0000001a                        : sysctl.obj (.text:SysCtl_getLowSpeedClock)
                  00008916    00000019                        : sysctl.obj (.text:SysCtl_pollCpuTimer)
                  0000892f    00000017     rts2800_fpu32_eabi.lib : boot28.asm.obj (.text)
                  00008946    00000014     driverlib_eabi.lib : sysctl.obj (.text:CPUTimer_stopTimer)
                  0000895a    00000012                        : sysctl.obj (.text:CPUTimer_clearOverflowFlag)
                  0000896c    00000012                        : sysctl.obj (.text:CPUTimer_disableInterrupt)
                  0000897e    00000012                        : sysctl.obj (.text:CPUTimer_setPeriod)
                  00008990    0000000e                        : gpio.obj (.text:GPIO_isPinValid)
                  0000899e    0000000e                        : interrupt.obj (.text:Interrupt_defaultHandler)
                  000089ac    0000000d                        : interrupt.obj (.text:Interrupt_enableMaster)
                  000089b9    0000000c     rts2800_fpu32_eabi.lib : args_main.c.obj (.text)
                  000089c5    0000000b     driverlib_eabi.lib : sysctl.obj (.text:SysCtl_isMCDClockFailureDetected)
                  000089d0    00000009                        : sysctl.obj (.text:SysCtl_serviceWatchdog)
                  000089d9    00000009     rts2800_fpu32_eabi.lib : _lock.c.obj (.text)
                  000089e2    00000008     F2837xD_CodeStartBranch.obj (.text)
                  000089ea    00000008     rts2800_fpu32_eabi.lib : copy_decompress_none.c.obj (.text:decompress:none)
                  000089f2    00000007     driverlib_eabi.lib : sysctl.obj (.text:SysCtl_resetMCD)
                  000089f9    00000007     rts2800_fpu32_eabi.lib : memset.c.obj (.text)
                  00008a00    00000006                            : copy_zero_init.c.obj (.text:decompress:ZI)
                  00008a06    00000002     driverlib_eabi.lib : interrupt.obj (.text:Interrupt_nmiHandler)
                  00008a08    00000002     rts2800_fpu32_eabi.lib : pre_init.c.obj (.text)
                  00008a0a    00000001                            : startup.c.obj (.text)

.text.3    0    0000b000    00000800     
                  0000b000    000003fa     device.obj (.text)
                  0000b3fa    00000283     adc_multiple_soc_epwm.obj (.text)
                  0000b67d    00000088     rts2800_fpu32_eabi.lib : fs_div28.asm.obj (.text)
                  0000b705    0000007b     adc_multiple_soc_epwm.obj (.text:retain)
                  0000b780    00000073     driverlib_eabi.lib : adc.obj (.text:ADC_setINLTrim)
                  0000b7f3    0000000d                        : interrupt.obj (.text:Interrupt_disableMaster)

MODULE SUMMARY

       Module                        code   ro data   rw data
       ------                        ----   -------   -------
    .\
       adc_multiple_soc_epwm.obj     766    136       1026   
    +--+-----------------------------+------+---------+---------+
       Total:                        766    136       1026   
                                                             
    .\device\
       device.obj                    1018   19        6      
       F2837xD_CodeStartBranch.obj   10     0         0      
    +--+-----------------------------+------+---------+---------+
       Total:                        1028   19        6      
                                                             
    .\syscfg\
       board.obj                     586    67        0      
    +--+-----------------------------+------+---------+---------+
       Total:                        586    67        0      
                                                             
    D:\ti\c2000\C2000Ware_4_00_00_00\driverlib\f2837xd\driverlib\ccs\Debug\driverlib_eabi.lib
       sysctl.obj                    1172   194       0      
       gpio.obj                      230    188       0      
       adc.obj                       293    93        0      
       interrupt.obj                 187    0         0      
    +--+-----------------------------+------+---------+---------+
       Total:                        1882   475       0      
                                                             
    D:\ti\ccs1210\ccs\tools\compiler\ti-cgt-c2000_22.6.0.LTS\lib\rts2800_fpu32_eabi.lib
       fs_div28.asm.obj              136    0         0      
       exit.c.obj                    41     0         6      
       copy_decompress_lzss.c.obj    46     0         0      
       autoinit.c.obj                43     0         0      
       memcpy.c.obj                  29     0         0      
       boot28.asm.obj                23     0         0      
       _lock.c.obj                   9      0         4      
       args_main.c.obj               12     0         0      
       copy_decompress_none.c.obj    8      0         0      
       memset.c.obj                  7      0         0      
       copy_zero_init.c.obj          6      0         0      
       pre_init.c.obj                2      0         0      
       startup.c.obj                 1      0         0      
    +--+-----------------------------+------+---------+---------+
       Total:                        363    0         10     
                                                             
       Stack:                        0      0         1016   
       Linker Generated:             0      28        0      
    +--+-----------------------------+------+---------+---------+
       Grand Total:                  4625   725       2058   


LINKER GENERATED COPY TABLES

__TI_cinit_table @ 0000013c records: 2, size/record: 4, table size: 8
	.data: load addr=00000128, load size=0000000a bytes, run addr=0000aebe, run size=00000010 bytes, compression=lzss
	.bss: load addr=00000138, load size=00000004 bytes, run addr=0000a800, run size=00000402 bytes, compression=zero_init


LINKER GENERATED HANDLER TABLE

__TI_handler_table @ 00000132 records: 3, size/record: 2, table size: 6
	index: 0, handler: __TI_zero_init
	index: 1, handler: __TI_decompress_lzss
	index: 2, handler: __TI_decompress_none


GLOBAL DATA SYMBOLS: SORTED BY DATA PAGE

address     data page           name
--------    ----------------    ----
00000400      10 (00000400)     __stack

0000a800     2a0 (0000a800)     adcAResults

0000a900     2a4 (0000a900)     adcBResults

0000aa00     2a8 (0000aa00)     adcCResults1

0000ab00     2ac (0000ab00)     adcCResults2

0000ac00     2b0 (0000ac00)     index
0000ac01     2b0 (0000ac00)     bufferFull

0000aebe     2ba (0000ae80)     _lock

0000aec0     2bb (0000aec0)     Example_Result
0000aec2     2bb (0000aec0)     Example_PassCount
0000aec4     2bb (0000aec0)     Example_Fail
0000aec6     2bb (0000aec0)     __TI_enable_exit_profile_output
0000aec8     2bb (0000aec0)     __TI_cleanup_ptr
0000aeca     2bb (0000aec0)     __TI_dtors_ptr
0000aecc     2bb (0000aec0)     _unlock


GLOBAL SYMBOLS: SORTED ALPHABETICALLY BY Name 

page  address   name                                     
----  -------   ----                                     
0     0000b705  ADC_ISR                                  
0     00008183  ADC_init                                 
0     0000b780  ADC_setINLTrim                           
0     00008776  ADC_setMode                              
0     00008524  ADC_setOffsetTrim                        
0     00008179  Board_init                               
0     00008800  C$$EXIT                                  
0     0000b26e  Device_bootCPU2                          
0     0000b23d  Device_configureTMXAnalogTrim            
0     0000b0eb  Device_enableAllPeripherals              
0     0000b227  Device_enableUnbondedGPIOPullups         
0     0000b20a  Device_enableUnbondedGPIOPullupsFor100Pin
0     0000b1f7  Device_enableUnbondedGPIOPullupsFor176Pin
0     0000b0ab  Device_init                              
0     0000b1d6  Device_initGPIO                          
1     0000aec4  Example_Fail                             
1     0000aec2  Example_PassCount                        
1     0000aec0  Example_Result                           
0     0000b3f9  Example_done                             
0     0000b3f4  Example_setResultFail                    
0     0000b3ef  Example_setResultPass                    
0     00008745  GPIO_setDirectionMode                    
0     0000866a  GPIO_setMasterCore                       
0     000086da  GPIO_setPinConfig                        
0     000086a2  GPIO_setQualificationMode                
0     0000823d  INTERRUPT_init                           
0     00008711  Interrupt_enable                         
0     0000862d  Interrupt_initModule                     
0     0000888c  Interrupt_initVectorTable                
0     00008182  PinMux_init                              
0     00000123  SysCtl_delay                             
0     000085dc  SysCtl_getClock                          
0     000084bc  SysCtl_getDeviceParametric               
0     000088fc  SysCtl_getLowSpeedClock                  
0     00008588  SysCtl_selectOscSource                   
0     00008451  SysCtl_selectXTAL                        
0     0000824a  SysCtl_setClock                          
0     0000013c  __TI_CINIT_Base                          
0     00000144  __TI_CINIT_Limit                         
0     00000144  __TI_CINIT_Warm                          
0     00000132  __TI_Handler_Table_Base                  
0     00000138  __TI_Handler_Table_Limit                 
1     000007f8  __TI_STACK_END                           
abs   000003f8  __TI_STACK_SIZE                          
0     000087d3  __TI_auto_init_nobinit_nopinit           
1     0000aec8  __TI_cleanup_ptr                         
0     000087a5  __TI_decompress_lzss                     
0     000089ea  __TI_decompress_none                     
1     0000aeca  __TI_dtors_ptr                           
1     0000aec6  __TI_enable_exit_profile_output          
abs   ffffffff  __TI_pprof_out_hndl                      
abs   ffffffff  __TI_prof_data_size                      
abs   ffffffff  __TI_prof_data_start                     
0     00008a00  __TI_zero_init                           
0     0000b67d  __c28xabi_divf                           
n/a   UNDEFED   __c_args__                               
0     0000b3e8  __error__                                
1     00000400  __stack                                  
0     000089b9  _args_main                               
0     0000892f  _c_int00                                 
1     0000aebe  _lock                                    
0     000089e1  _nop                                     
0     000089dd  _register_lock                           
0     000089d9  _register_unlock                         
0     00008a0a  _system_post_cinit                       
0     00008a08  _system_pre_init                         
1     0000aecc  _unlock                                  
0     00008800  abort                                    
1     0000a800  adcAResults                              
1     0000a900  adcBResults                              
1     0000aa00  adcCResults1                             
1     0000ab00  adcCResults2                             
1     0000ac01  bufferFull                               
0     00000000  code_start                               
0     00008802  exit                                     
1     0000ac00  index                                    
0     0000b655  initEPWM                                 
0     0000b607  main                                     
0     000088aa  memcpy                                   
0     000089f9  memset                                   


GLOBAL SYMBOLS: SORTED BY Symbol Address 

page  address   name                                     
----  -------   ----                                     
0     00000000  code_start                               
0     00000123  SysCtl_delay                             
0     00000132  __TI_Handler_Table_Base                  
0     00000138  __TI_Handler_Table_Limit                 
0     0000013c  __TI_CINIT_Base                          
0     00000144  __TI_CINIT_Limit                         
0     00000144  __TI_CINIT_Warm                          
0     00008179  Board_init                               
0     00008182  PinMux_init                              
0     00008183  ADC_init                                 
0     0000823d  INTERRUPT_init                           
0     0000824a  SysCtl_setClock                          
0     00008451  SysCtl_selectXTAL                        
0     000084bc  SysCtl_getDeviceParametric               
0     00008524  ADC_setOffsetTrim                        
0     00008588  SysCtl_selectOscSource                   
0     000085dc  SysCtl_getClock                          
0     0000862d  Interrupt_initModule                     
0     0000866a  GPIO_setMasterCore                       
0     000086a2  GPIO_setQualificationMode                
0     000086da  GPIO_setPinConfig                        
0     00008711  Interrupt_enable                         
0     00008745  GPIO_setDirectionMode                    
0     00008776  ADC_setMode                              
0     000087a5  __TI_decompress_lzss                     
0     000087d3  __TI_auto_init_nobinit_nopinit           
0     00008800  C$$EXIT                                  
0     00008800  abort                                    
0     00008802  exit                                     
0     0000888c  Interrupt_initVectorTable                
0     000088aa  memcpy                                   
0     000088fc  SysCtl_getLowSpeedClock                  
0     0000892f  _c_int00                                 
0     000089b9  _args_main                               
0     000089d9  _register_unlock                         
0     000089dd  _register_lock                           
0     000089e1  _nop                                     
0     000089ea  __TI_decompress_none                     
0     000089f9  memset                                   
0     00008a00  __TI_zero_init                           
0     00008a08  _system_pre_init                         
0     00008a0a  _system_post_cinit                       
0     0000b0ab  Device_init                              
0     0000b0eb  Device_enableAllPeripherals              
0     0000b1d6  Device_initGPIO                          
0     0000b1f7  Device_enableUnbondedGPIOPullupsFor176Pin
0     0000b20a  Device_enableUnbondedGPIOPullupsFor100Pin
0     0000b227  Device_enableUnbondedGPIOPullups         
0     0000b23d  Device_configureTMXAnalogTrim            
0     0000b26e  Device_bootCPU2                          
0     0000b3e8  __error__                                
0     0000b3ef  Example_setResultPass                    
0     0000b3f4  Example_setResultFail                    
0     0000b3f9  Example_done                             
0     0000b607  main                                     
0     0000b655  initEPWM                                 
0     0000b67d  __c28xabi_divf                           
0     0000b705  ADC_ISR                                  
0     0000b780  ADC_setINLTrim                           
1     00000400  __stack                                  
1     000007f8  __TI_STACK_END                           
1     0000a800  adcAResults                              
1     0000a900  adcBResults                              
1     0000aa00  adcCResults1                             
1     0000ab00  adcCResults2                             
1     0000ac00  index                                    
1     0000ac01  bufferFull                               
1     0000aebe  _lock                                    
1     0000aec0  Example_Result                           
1     0000aec2  Example_PassCount                        
1     0000aec4  Example_Fail                             
1     0000aec6  __TI_enable_exit_profile_output          
1     0000aec8  __TI_cleanup_ptr                         
1     0000aeca  __TI_dtors_ptr                           
1     0000aecc  _unlock                                  
abs   000003f8  __TI_STACK_SIZE                          
abs   ffffffff  __TI_pprof_out_hndl                      
abs   ffffffff  __TI_prof_data_size                      
abs   ffffffff  __TI_prof_data_start                     
n/a   UNDEFED   __c_args__                               

[80 symbols]
