******************************************************************************
             TMS320C2000 Linker PC v22.6.2                     
******************************************************************************
>> Linked Thu Jul  3 21:28:49 2025

OUTPUT FILE NAME:   <empty_driverlib_project.out>
ENTRY POINT SYMBOL: "code_start"  address: 00000000


MEMORY CONFIGURATION

         name            origin    length      used     unused   attr    fill
----------------------  --------  ---------  --------  --------  ----  --------

PAGE 1:
  ADCARESULT            00000b00   00000018  00000000  00000018  RWIX
  ADCBRESULT            00000b20   00000018  00000000  00000018  RWIX
  ADCCRESULT            00000b40   00000018  00000000  00000018  RWIX
  ADCDRESULT            00000b60   00000018  00000000  00000018  RWIX
  CPUTIMER0             00000c00   00000008  00000000  00000008  RWIX
  CPUTIMER1             00000c08   00000008  00000000  00000008  RWIX
  CPUTIMER2             00000c10   00000008  00000000  00000008  RWIX
  PIECTRL               00000ce0   0000001a  00000000  0000001a  RWIX
  PIEVECTTABLE          00000d00   00000200  00000100  00000100  RWIX
  DMA                   00001000   00000200  00000000  00000200  RWIX
  CLA1                  00001400   00000080  00000000  00000080  RWIX
  CLB1LOGICCFG          00003000   00000052  00000000  00000052  RWIX
  CLB1LOGICCTRL         00003100   00000040  00000000  00000040  RWIX
  CLB1DATAEXCH          00003200   00000200  00000000  00000200  RWIX
  CLB2LOGICCFG          00003400   00000052  00000000  00000052  RWIX
  CLB2LOGICCTRL         00003500   00000040  00000000  00000040  RWIX
  CLB2DATAEXCH          00003600   00000200  00000000  00000200  RWIX
  CLB3LOGICCFG          00003800   00000052  00000000  00000052  RWIX
  CLB3LOGICCTRL         00003900   00000040  00000000  00000040  RWIX
  CLB3DATAEXCH          00003a00   00000200  00000000  00000200  RWIX
  CLB4LOGICCFG          00003c00   00000052  00000000  00000052  RWIX
  CLB4LOGICCTRL         00003d00   00000040  00000000  00000040  RWIX
  CLB4DATAEXCH          00003e00   00000200  00000000  00000200  RWIX
  EPWM1                 00004000   00000100  00000000  00000100  RWIX
  EPWM2                 00004100   00000100  00000000  00000100  RWIX
  EPWM3                 00004200   00000100  00000000  00000100  RWIX
  EPWM4                 00004300   00000100  00000000  00000100  RWIX
  EPWM5                 00004400   00000100  00000000  00000100  RWIX
  EPWM6                 00004500   00000100  00000000  00000100  RWIX
  EPWM7                 00004600   00000100  00000000  00000100  RWIX
  EPWM8                 00004700   00000100  00000000  00000100  RWIX
  EPWM9                 00004800   00000100  00000000  00000100  RWIX
  EPWM10                00004900   00000100  00000000  00000100  RWIX
  EPWM11                00004a00   00000100  00000000  00000100  RWIX
  EPWM12                00004b00   00000100  00000000  00000100  RWIX
  ECAP1                 00005000   00000020  00000000  00000020  RWIX
  ECAP2                 00005020   00000020  00000000  00000020  RWIX
  ECAP3                 00005040   00000020  00000000  00000020  RWIX
  ECAP4                 00005060   00000020  00000000  00000020  RWIX
  ECAP5                 00005080   00000020  00000000  00000020  RWIX
  ECAP6                 000050a0   00000020  00000000  00000020  RWIX
  EQEP1                 00005100   00000022  00000000  00000022  RWIX
  EQEP2                 00005140   00000022  00000000  00000022  RWIX
  EQEP3                 00005180   00000022  00000000  00000022  RWIX
  DACA                  00005c00   00000008  00000000  00000008  RWIX
  DACB                  00005c10   00000008  00000000  00000008  RWIX
  DACC                  00005c20   00000008  00000000  00000008  RWIX
  CMPSS1                00005c80   00000020  00000000  00000020  RWIX
  CMPSS2                00005ca0   00000020  00000000  00000020  RWIX
  CMPSS3                00005cc0   00000020  00000000  00000020  RWIX
  CMPSS4                00005ce0   00000020  00000000  00000020  RWIX
  CMPSS5                00005d00   00000020  00000000  00000020  RWIX
  CMPSS6                00005d20   00000020  00000000  00000020  RWIX
  CMPSS7                00005d40   00000020  00000000  00000020  RWIX
  CMPSS8                00005d60   00000020  00000000  00000020  RWIX
  SDFM1                 00005e00   00000080  00000000  00000080  RWIX
  SDFM2                 00005e80   00000080  00000000  00000080  RWIX
  MCBSPA                00006000   00000024  00000000  00000024  RWIX
  MCBSPB                00006040   00000024  00000000  00000024  RWIX
  SPIA                  00006100   00000010  00000000  00000010  RWIX
  SPIB                  00006110   00000010  00000000  00000010  RWIX
  SPIC                  00006120   00000010  00000000  00000010  RWIX
  UPP                   00006200   00000048  00000000  00000048  RWIX
  WD                    00007000   0000002b  00000000  0000002b  RWIX
  NMIINTRUPT            00007060   00000007  00000000  00000007  RWIX
  XINT                  00007070   0000000b  00000000  0000000b  RWIX
  SCIA                  00007200   00000010  00000000  00000010  RWIX
  SCIB                  00007210   00000010  00000000  00000010  RWIX
  SCIC                  00007220   00000010  00000000  00000010  RWIX
  SCID                  00007230   00000010  00000000  00000010  RWIX
  I2CA                  00007300   00000022  00000000  00000022  RWIX
  I2CB                  00007340   00000022  00000000  00000022  RWIX
  ADCA                  00007400   00000080  00000000  00000080  RWIX
  ADCB                  00007480   00000080  00000000  00000080  RWIX
  ADCC                  00007500   00000080  00000000  00000080  RWIX
  ADCD                  00007580   00000080  00000000  00000080  RWIX
  INPUTXBAR             00007900   00000020  00000000  00000020  RWIX
  XBAR                  00007920   00000020  00000000  00000020  RWIX
  SYNCSOC               00007940   00000006  00000000  00000006  RWIX
  DMACLASRCSEL          00007980   0000001a  00000000  0000001a  RWIX
  EPWMXBAR              00007a00   00000040  00000000  00000040  RWIX
  CLBXBAR               00007a40   00000040  00000000  00000040  RWIX
  OUTPUTXBAR            00007a80   00000040  00000000  00000040  RWIX
  GPIOCTRL              00007c00   00000180  00000000  00000180  RWIX
  GPIODATA              00007f00   00000030  00000000  00000030  RWIX
  EMIF1                 00047000   00000070  00000000  00000070  RWIX
  EMIF2                 00047800   00000070  00000000  00000070  RWIX
  CANA                  00048000   00000200  00000000  00000200  RWIX
  CANB                  0004a000   00000200  00000000  00000200  RWIX
  IPC                   00050000   00000024  00000000  00000024  RWIX
  FLASHPUMPSEMAPHORE    00050024   00000002  00000000  00000002  RWIX
  DEVCFG                0005d000   0000012e  00000000  0000012e  RWIX
  ANALOGSUBSYS          0005d180   00000048  00000000  00000048  RWIX
  CLKCFG                0005d200   00000032  00000000  00000032  RWIX
  CPUSYS                0005d300   00000082  00000000  00000082  RWIX
  ROMPREFETCH           0005e608   00000002  00000000  00000002  RWIX
  DCSMZ1                0005f000   00000024  00000000  00000024  RWIX
  DCSMZ2                0005f040   00000024  00000000  00000024  RWIX
  DCSMCOMMON            0005f070   00000008  00000000  00000008  RWIX
  MEMCFG                0005f400   00000080  00000000  00000080  RWIX
  EMIF1CONFIG           0005f480   00000020  00000000  00000020  RWIX
  EMIF2CONFIG           0005f4a0   00000020  00000000  00000020  RWIX
  ACCESSPROTECTION      0005f4c0   00000040  00000000  00000040  RWIX
  MEMORYERROR           0005f500   00000040  00000000  00000040  RWIX
  ROMWAITSTATE          0005f540   00000002  00000000  00000002  RWIX
  FLASH0CTRL            0005f800   00000182  00000000  00000182  RWIX
  FLASH0ECC             0005fb00   00000028  00000000  00000028  RWIX
  UID                   000703c0   00000010  00000000  00000010  RWIX


SECTION ALLOCATION MAP

 output                                  attributes/
section   page    origin      length       input sections
--------  ----  ----------  ----------   ----------------
.text      0    00000000    00000a78     FAILED TO ALLOCATE
codestart 
*          0    00000000    00000002     FAILED TO ALLOCATE
.const     0    00000000    00000393     FAILED TO ALLOCATE
.data      0    00000000    00000010     FAILED TO ALLOCATE
.cinit     0    00000000    00000010     FAILED TO ALLOCATE
.stack     1    00000d00    00000100     UNINITIALIZED
                  00000d00    00000100     --HOLE--

MODULE SUMMARY

       Module         code   ro data   rw data
       ------         ----   -------   -------
       Stack:         0      0         256    
    +--+--------------+------+---------+---------+
       Grand Total:   0      0         256    


LINKER GENERATED COPY TABLES

__TI_cinit_table @ 0000000c records: 1, size/record: 4, table size: 4
	.data: load addr=00000000, load size=00000008 bytes, run addr=00000000, run size=00000010 bytes, compression=lzss


LINKER GENERATED HANDLER TABLE

__TI_handler_table @ 00000008 records: 2, size/record: 2, table size: 4
	index: 0, handler: __TI_decompress_lzss
	index: 1, handler: __TI_decompress_none


GLOBAL DATA SYMBOLS: SORTED BY DATA PAGE

address     data page           name
--------    ----------------    ----
00000000       0 (00000000)     Example_Result
00000000       0 (00000000)     PieVectTableInit
00000002       0 (00000000)     Example_PassCount
00000004       0 (00000000)     Example_Fail
00000006       0 (00000000)     __TI_enable_exit_profile_output
00000008       0 (00000000)     __TI_cleanup_ptr
0000000a       0 (00000000)     __TI_dtors_ptr
0000000c       0 (00000000)     _lock
0000000e       0 (00000000)     _unlock

00000d00      34 (00000d00)     __stack


GLOBAL SYMBOLS: SORTED ALPHABETICALLY BY Name 

page  address   name                                     
----  -------   ----                                     
0     000000dc  ADCA1_ISR                                
0     0000035c  ADCA2_ISR                                
0     00000366  ADCA3_ISR                                
0     00000370  ADCA4_ISR                                
0     00000352  ADCA_EVT_ISR                             
0     000000e6  ADCB1_ISR                                
0     00000384  ADCB2_ISR                                
0     0000038e  ADCB3_ISR                                
0     00000398  ADCB4_ISR                                
0     0000037a  ADCB_EVT_ISR                             
0     000000f0  ADCC1_ISR                                
0     000004ec  ADCC2_ISR                                
0     000004f6  ADCC3_ISR                                
0     00000500  ADCC4_ISR                                
0     000004e2  ADCC_EVT_ISR                             
0     0000010e  ADCD1_ISR                                
0     00000514  ADCD2_ISR                                
0     0000051e  ADCD3_ISR                                
0     00000528  ADCD4_ISR                                
0     0000050a  ADCD_EVT_ISR                             
0     00000564  AUX_PLL_SLIP_ISR                         
0     00000000  Board_init                               
0     00000a39  C$$EXIT                                  
0     00000006  C2000Ware_libraries_init                 
0     0000032a  CANA0_ISR                                
0     00000334  CANA1_ISR                                
0     0000033e  CANB0_ISR                                
0     00000348  CANB1_ISR                                
0     000003a2  CLA1_1_ISR                               
0     000003ac  CLA1_2_ISR                               
0     000003b6  CLA1_3_ISR                               
0     000003c0  CLA1_4_ISR                               
0     000003ca  CLA1_5_ISR                               
0     000003d4  CLA1_6_ISR                               
0     000003de  CLA1_7_ISR                               
0     000003e8  CLA1_8_ISR                               
0     0000056e  CLA_OVERFLOW_ISR                         
0     00000578  CLA_UNDERFLOW_ISR                        
0     00000032  DATALOG_ISR                              
0     00000276  DMA_CH1_ISR                              
0     00000280  DMA_CH2_ISR                              
0     0000028a  DMA_CH3_ISR                              
0     00000294  DMA_CH4_ISR                              
0     0000029e  DMA_CH5_ISR                              
0     000002a8  DMA_CH6_ISR                              
0     00000816  Device_bootCPU2                          
0     000007e5  Device_configureTMXAnalogTrim            
0     00000693  Device_enableAllPeripherals              
0     000007cf  Device_enableUnbondedGPIOPullups         
0     000007b2  Device_enableUnbondedGPIOPullupsFor100Pin
0     0000079f  Device_enableUnbondedGPIOPullupsFor176Pin
0     00000651  Device_init                              
0     0000077e  Device_initGPIO                          
0     000001cc  ECAP1_ISR                                
0     000001d6  ECAP2_ISR                                
0     000001e0  ECAP3_ISR                                
0     000001ea  ECAP4_ISR                                
0     000001f4  ECAP5_ISR                                
0     000001fe  ECAP6_ISR                                
0     00000532  EMIF_ERROR_ISR                           
0     0000058c  EMPTY_ISR                                
0     00000046  EMU_ISR                                  
0     00000488  EPWM10_ISR                               
0     00000460  EPWM10_TZ_ISR                            
0     00000492  EPWM11_ISR                               
0     0000046a  EPWM11_TZ_ISR                            
0     0000049c  EPWM12_ISR                               
0     00000474  EPWM12_TZ_ISR                            
0     0000017c  EPWM1_ISR                                
0     0000012c  EPWM1_TZ_ISR                             
0     00000186  EPWM2_ISR                                
0     00000136  EPWM2_TZ_ISR                             
0     00000190  EPWM3_ISR                                
0     00000140  EPWM3_TZ_ISR                             
0     0000019a  EPWM4_ISR                                
0     0000014a  EPWM4_TZ_ISR                             
0     000001a4  EPWM5_ISR                                
0     00000154  EPWM5_TZ_ISR                             
0     000001ae  EPWM6_ISR                                
0     0000015e  EPWM6_TZ_ISR                             
0     000001b8  EPWM7_ISR                                
0     00000168  EPWM7_TZ_ISR                             
0     000001c2  EPWM8_ISR                                
0     00000172  EPWM8_TZ_ISR                             
0     0000047e  EPWM9_ISR                                
0     00000456  EPWM9_TZ_ISR                             
0     00000208  EQEP1_ISR                                
0     00000212  EQEP2_ISR                                
0     0000021c  EQEP3_ISR                                
0     00000004  Example_Fail                             
0     00000002  Example_PassCount                        
0     00000000  Example_Result                           
0     000009a1  Example_done                             
0     0000099c  Example_setResultFail                    
0     00000997  Example_setResultPass                    
0     00000546  FLASH_CORRECTABLE_ERROR_ISR              
0     0000041a  FPU_OVERFLOW_ISR                         
0     00000424  FPU_UNDERFLOW_ISR                        
n/a   UNDEFED   GPIO_setControllerCore                   
n/a   UNDEFED   GPIO_setDirectionMode                    
n/a   UNDEFED   GPIO_setPinConfig                        
n/a   UNDEFED   GPIO_setQualificationMode                
0     000002bc  I2CA_FIFO_ISR                            
0     000002b2  I2CA_ISR                                 
0     000002d0  I2CB_FIFO_ISR                            
0     000002c6  I2CB_ISR                                 
0     0000005a  ILLEGAL_ISR                              
0     0000042e  IPC0_ISR                                 
0     00000438  IPC1_ISR                                 
0     00000442  IPC2_ISR                                 
0     0000044c  IPC3_ISR                                 
n/a   UNDEFED   Interrupt_initModule                     
n/a   UNDEFED   Interrupt_initVectorTable                
0     0000024e  MCBSPA_RX_ISR                            
0     00000258  MCBSPA_TX_ISR                            
0     00000262  MCBSPB_RX_ISR                            
0     0000026c  MCBSPB_TX_ISR                            
0     00000050  NMI_ISR                                  
0     00000599  NOTUSED_ISR                              
0     00000582  PIE_RESERVED_ISR                         
0     00000000  PieVectTableInit                         
0     00000005  PinMux_init                              
0     00000550  RAM_ACCESS_VIOLATION_ISR                 
0     0000053c  RAM_CORRECTABLE_ERROR_ISR                
0     0000003c  RTOS_ISR                                 
0     00000302  SCIA_RX_ISR                              
0     0000030c  SCIA_TX_ISR                              
0     00000316  SCIB_RX_ISR                              
0     00000320  SCIB_TX_ISR                              
0     000002da  SCIC_RX_ISR                              
0     000002e4  SCIC_TX_ISR                              
0     000002ee  SCID_RX_ISR                              
0     000002f8  SCID_TX_ISR                              
0     000004a6  SD1_ISR                                  
0     000004b0  SD2_ISR                                  
0     00000226  SPIA_RX_ISR                              
0     00000230  SPIA_TX_ISR                              
0     0000023a  SPIB_RX_ISR                              
0     00000244  SPIB_TX_ISR                              
0     000004ba  SPIC_RX_ISR                              
0     000004c4  SPIC_TX_ISR                              
0     0000055a  SYS_PLL_SLIP_ISR                         
n/a   UNDEFED   SysCtl_getClock                          
n/a   UNDEFED   SysCtl_getDeviceParametric               
n/a   UNDEFED   SysCtl_getLowSpeedClock                  
n/a   UNDEFED   SysCtl_setClock                          
0     00000118  TIMER0_ISR                               
0     0000001e  TIMER1_ISR                               
0     00000028  TIMER2_ISR                               
0     000004ce  UPPA_ISR                                 
0     000004d8  USBA_ISR                                 
0     000000be  USER10_ISR                               
0     000000c8  USER11_ISR                               
0     000000d2  USER12_ISR                               
0     00000064  USER1_ISR                                
0     0000006e  USER2_ISR                                
0     00000078  USER3_ISR                                
0     00000082  USER4_ISR                                
0     0000008c  USER5_ISR                                
0     00000096  USER6_ISR                                
0     000000a0  USER7_ISR                                
0     000000aa  USER8_ISR                                
0     000000b4  USER9_ISR                                
0     00000410  VCU_ISR                                  
0     00000122  WAKE_ISR                                 
0     000000fa  XINT1_ISR                                
0     00000104  XINT2_ISR                                
0     000003f2  XINT3_ISR                                
0     000003fc  XINT4_ISR                                
0     00000406  XINT5_ISR                                
0     0000000c  __TI_CINIT_Base                          
0     00000010  __TI_CINIT_Limit                         
0     00000010  __TI_CINIT_Warm                          
0     00000008  __TI_Handler_Table_Base                  
0     0000000c  __TI_Handler_Table_Limit                 
1     00000e00  __TI_STACK_END                           
abs   00000100  __TI_STACK_SIZE                          
0     000009d8  __TI_auto_init_nobinit_nopinit           
0     00000008  __TI_cleanup_ptr                         
0     00000a0b  __TI_decompress_lzss                     
0     00000a03  __TI_decompress_none                     
0     0000000a  __TI_dtors_ptr                           
0     00000006  __TI_enable_exit_profile_output          
abs   ffffffff  __TI_pprof_out_hndl                      
abs   ffffffff  __TI_prof_data_size                      
abs   ffffffff  __TI_prof_data_start                     
n/a   UNDEFED   __c_args__                               
0     00000990  __error__                                
1     00000d00  __stack                                  
0     00000a6b  _args_main                               
0     000009a2  _c_int00                                 
0     0000000c  _lock                                    
0     00000a6a  _nop                                     
0     00000a66  _register_lock                           
0     00000a62  _register_unlock                         
0     00000a77  _system_post_cinit                       
0     000009d6  _system_pre_init                         
0     0000000e  _unlock                                  
0     00000a39  abort                                    
0     00000000  code_start                               
0     00000a3b  exit                                     
0     00000007  main                                     
0     000009b9  memcpy                                   


GLOBAL SYMBOLS: SORTED BY Symbol Address 

page  address   name                                     
----  -------   ----                                     
0     00000000  Board_init                               
0     00000000  Example_Result                           
0     00000000  PieVectTableInit                         
0     00000000  code_start                               
0     00000002  Example_PassCount                        
0     00000004  Example_Fail                             
0     00000005  PinMux_init                              
0     00000006  C2000Ware_libraries_init                 
0     00000006  __TI_enable_exit_profile_output          
0     00000007  main                                     
0     00000008  __TI_Handler_Table_Base                  
0     00000008  __TI_cleanup_ptr                         
0     0000000a  __TI_dtors_ptr                           
0     0000000c  __TI_CINIT_Base                          
0     0000000c  __TI_Handler_Table_Limit                 
0     0000000c  _lock                                    
0     0000000e  _unlock                                  
0     00000010  __TI_CINIT_Limit                         
0     00000010  __TI_CINIT_Warm                          
0     0000001e  TIMER1_ISR                               
0     00000028  TIMER2_ISR                               
0     00000032  DATALOG_ISR                              
0     0000003c  RTOS_ISR                                 
0     00000046  EMU_ISR                                  
0     00000050  NMI_ISR                                  
0     0000005a  ILLEGAL_ISR                              
0     00000064  USER1_ISR                                
0     0000006e  USER2_ISR                                
0     00000078  USER3_ISR                                
0     00000082  USER4_ISR                                
0     0000008c  USER5_ISR                                
0     00000096  USER6_ISR                                
0     000000a0  USER7_ISR                                
0     000000aa  USER8_ISR                                
0     000000b4  USER9_ISR                                
0     000000be  USER10_ISR                               
0     000000c8  USER11_ISR                               
0     000000d2  USER12_ISR                               
0     000000dc  ADCA1_ISR                                
0     000000e6  ADCB1_ISR                                
0     000000f0  ADCC1_ISR                                
0     000000fa  XINT1_ISR                                
0     00000104  XINT2_ISR                                
0     0000010e  ADCD1_ISR                                
0     00000118  TIMER0_ISR                               
0     00000122  WAKE_ISR                                 
0     0000012c  EPWM1_TZ_ISR                             
0     00000136  EPWM2_TZ_ISR                             
0     00000140  EPWM3_TZ_ISR                             
0     0000014a  EPWM4_TZ_ISR                             
0     00000154  EPWM5_TZ_ISR                             
0     0000015e  EPWM6_TZ_ISR                             
0     00000168  EPWM7_TZ_ISR                             
0     00000172  EPWM8_TZ_ISR                             
0     0000017c  EPWM1_ISR                                
0     00000186  EPWM2_ISR                                
0     00000190  EPWM3_ISR                                
0     0000019a  EPWM4_ISR                                
0     000001a4  EPWM5_ISR                                
0     000001ae  EPWM6_ISR                                
0     000001b8  EPWM7_ISR                                
0     000001c2  EPWM8_ISR                                
0     000001cc  ECAP1_ISR                                
0     000001d6  ECAP2_ISR                                
0     000001e0  ECAP3_ISR                                
0     000001ea  ECAP4_ISR                                
0     000001f4  ECAP5_ISR                                
0     000001fe  ECAP6_ISR                                
0     00000208  EQEP1_ISR                                
0     00000212  EQEP2_ISR                                
0     0000021c  EQEP3_ISR                                
0     00000226  SPIA_RX_ISR                              
0     00000230  SPIA_TX_ISR                              
0     0000023a  SPIB_RX_ISR                              
0     00000244  SPIB_TX_ISR                              
0     0000024e  MCBSPA_RX_ISR                            
0     00000258  MCBSPA_TX_ISR                            
0     00000262  MCBSPB_RX_ISR                            
0     0000026c  MCBSPB_TX_ISR                            
0     00000276  DMA_CH1_ISR                              
0     00000280  DMA_CH2_ISR                              
0     0000028a  DMA_CH3_ISR                              
0     00000294  DMA_CH4_ISR                              
0     0000029e  DMA_CH5_ISR                              
0     000002a8  DMA_CH6_ISR                              
0     000002b2  I2CA_ISR                                 
0     000002bc  I2CA_FIFO_ISR                            
0     000002c6  I2CB_ISR                                 
0     000002d0  I2CB_FIFO_ISR                            
0     000002da  SCIC_RX_ISR                              
0     000002e4  SCIC_TX_ISR                              
0     000002ee  SCID_RX_ISR                              
0     000002f8  SCID_TX_ISR                              
0     00000302  SCIA_RX_ISR                              
0     0000030c  SCIA_TX_ISR                              
0     00000316  SCIB_RX_ISR                              
0     00000320  SCIB_TX_ISR                              
0     0000032a  CANA0_ISR                                
0     00000334  CANA1_ISR                                
0     0000033e  CANB0_ISR                                
0     00000348  CANB1_ISR                                
0     00000352  ADCA_EVT_ISR                             
0     0000035c  ADCA2_ISR                                
0     00000366  ADCA3_ISR                                
0     00000370  ADCA4_ISR                                
0     0000037a  ADCB_EVT_ISR                             
0     00000384  ADCB2_ISR                                
0     0000038e  ADCB3_ISR                                
0     00000398  ADCB4_ISR                                
0     000003a2  CLA1_1_ISR                               
0     000003ac  CLA1_2_ISR                               
0     000003b6  CLA1_3_ISR                               
0     000003c0  CLA1_4_ISR                               
0     000003ca  CLA1_5_ISR                               
0     000003d4  CLA1_6_ISR                               
0     000003de  CLA1_7_ISR                               
0     000003e8  CLA1_8_ISR                               
0     000003f2  XINT3_ISR                                
0     000003fc  XINT4_ISR                                
0     00000406  XINT5_ISR                                
0     00000410  VCU_ISR                                  
0     0000041a  FPU_OVERFLOW_ISR                         
0     00000424  FPU_UNDERFLOW_ISR                        
0     0000042e  IPC0_ISR                                 
0     00000438  IPC1_ISR                                 
0     00000442  IPC2_ISR                                 
0     0000044c  IPC3_ISR                                 
0     00000456  EPWM9_TZ_ISR                             
0     00000460  EPWM10_TZ_ISR                            
0     0000046a  EPWM11_TZ_ISR                            
0     00000474  EPWM12_TZ_ISR                            
0     0000047e  EPWM9_ISR                                
0     00000488  EPWM10_ISR                               
0     00000492  EPWM11_ISR                               
0     0000049c  EPWM12_ISR                               
0     000004a6  SD1_ISR                                  
0     000004b0  SD2_ISR                                  
0     000004ba  SPIC_RX_ISR                              
0     000004c4  SPIC_TX_ISR                              
0     000004ce  UPPA_ISR                                 
0     000004d8  USBA_ISR                                 
0     000004e2  ADCC_EVT_ISR                             
0     000004ec  ADCC2_ISR                                
0     000004f6  ADCC3_ISR                                
0     00000500  ADCC4_ISR                                
0     0000050a  ADCD_EVT_ISR                             
0     00000514  ADCD2_ISR                                
0     0000051e  ADCD3_ISR                                
0     00000528  ADCD4_ISR                                
0     00000532  EMIF_ERROR_ISR                           
0     0000053c  RAM_CORRECTABLE_ERROR_ISR                
0     00000546  FLASH_CORRECTABLE_ERROR_ISR              
0     00000550  RAM_ACCESS_VIOLATION_ISR                 
0     0000055a  SYS_PLL_SLIP_ISR                         
0     00000564  AUX_PLL_SLIP_ISR                         
0     0000056e  CLA_OVERFLOW_ISR                         
0     00000578  CLA_UNDERFLOW_ISR                        
0     00000582  PIE_RESERVED_ISR                         
0     0000058c  EMPTY_ISR                                
0     00000599  NOTUSED_ISR                              
0     00000651  Device_init                              
0     00000693  Device_enableAllPeripherals              
0     0000077e  Device_initGPIO                          
0     0000079f  Device_enableUnbondedGPIOPullupsFor176Pin
0     000007b2  Device_enableUnbondedGPIOPullupsFor100Pin
0     000007cf  Device_enableUnbondedGPIOPullups         
0     000007e5  Device_configureTMXAnalogTrim            
0     00000816  Device_bootCPU2                          
0     00000990  __error__                                
0     00000997  Example_setResultPass                    
0     0000099c  Example_setResultFail                    
0     000009a1  Example_done                             
0     000009a2  _c_int00                                 
0     000009b9  memcpy                                   
0     000009d6  _system_pre_init                         
0     000009d8  __TI_auto_init_nobinit_nopinit           
0     00000a03  __TI_decompress_none                     
0     00000a0b  __TI_decompress_lzss                     
0     00000a39  C$$EXIT                                  
0     00000a39  abort                                    
0     00000a3b  exit                                     
0     00000a62  _register_unlock                         
0     00000a66  _register_lock                           
0     00000a6a  _nop                                     
0     00000a6b  _args_main                               
0     00000a77  _system_post_cinit                       
1     00000d00  __stack                                  
1     00000e00  __TI_STACK_END                           
abs   00000100  __TI_STACK_SIZE                          
abs   ffffffff  __TI_pprof_out_hndl                      
abs   ffffffff  __TI_prof_data_size                      
abs   ffffffff  __TI_prof_data_start                     
n/a   UNDEFED   GPIO_setControllerCore                   
n/a   UNDEFED   GPIO_setDirectionMode                    
n/a   UNDEFED   GPIO_setPinConfig                        
n/a   UNDEFED   GPIO_setQualificationMode                
n/a   UNDEFED   Interrupt_initModule                     
n/a   UNDEFED   Interrupt_initVectorTable                
n/a   UNDEFED   SysCtl_getClock                          
n/a   UNDEFED   SysCtl_getDeviceParametric               
n/a   UNDEFED   SysCtl_getLowSpeedClock                  
n/a   UNDEFED   SysCtl_setClock                          
n/a   UNDEFED   __c_args__                               

[203 symbols]
