******************************************************************************
             TMS320C2000 Linker PC v22.6.2                     
******************************************************************************
>> Linked Fri Jul  4 22:46:35 2025

OUTPUT FILE NAME:   <empty_driverlib_project_v1.out>
ENTRY POINT SYMBOL: "code_start"  address: 00000000


MEMORY CONFIGURATION

         name            origin    length      used     unused   attr    fill
----------------------  --------  ---------  --------  --------  ----  --------
PAGE 0:
  BEGIN                 00000000   00000002  00000002  00000000  RWIX
  RAMM0                 00000122   000002de  00000004  000002da  RWIX
  RAMM1                 00000400   00000400  00000400  00000000  RWIX
  RAMLS0                00008000   00000800  000007fd  00000003  RWIX
  RAMLS1                00008800   00000800  00000058  000007a8  RWIX
  RAMLS2                00009000   00000800  00000000  00000800  RWIX
  RAMD0                 0000b000   00000800  000007fb  00000005  RWIX
  RAMD1                 0000b800   00000800  000007fc  00000004  RWIX
  RAMGS0                0000c000   00001000  00000000  00001000  RWIX
  RAMGS1                0000d000   00001000  00000012  00000fee  RWIX
  RAMGS2                0000e000   00001000  0000083c  000007c4  RWIX
  RAMGS3                0000f000   00001000  00000000  00001000  RWIX
  FLASHA                00080002   00001ffe  00000000  00001ffe  RWIX
  FLASHC                00084000   00002000  00000396  00001c6a  RWIX
  FLASHD                00086000   00002000  00000000  00002000  RWIX
  FLASHE                00088000   00008000  00000000  00008000  RWIX
  FLASHF                00090000   00008000  00000000  00008000  RWIX
  FLASHG                00098000   00008000  00000000  00008000  RWIX
  FLASHH                000a0000   00008000  00000000  00008000  RWIX
  FLASHI                000a8000   00008000  00000000  00008000  RWIX
  FLASHJ                000b0000   00008000  00000000  00008000  RWIX
  FLASHK                000b8000   00002000  00000000  00002000  RWIX
  FLASHL                000ba000   00002000  00000000  00002000  RWIX
  FLASHM                000bc000   00002000  00000000  00002000  RWIX
  FLASHN                000be000   00002000  00000000  00002000  RWIX
  RESET                 003fffc0   00000002  00000000  00000002  RWIX

PAGE 1:
  BOOT_RSVD             00000002   00000120  00000088  00000098  RWIX
  ADCARESULT            00000b00   00000018  00000000  00000018  RWIX
  ADCBRESULT            00000b20   00000018  00000000  00000018  RWIX
  ADCCRESULT            00000b40   00000018  00000000  00000018  RWIX
  ADCDRESULT            00000b60   00000018  00000000  00000018  RWIX
  CPUTIMER0             00000c00   00000008  00000000  00000008  RWIX
  CPUTIMER1             00000c08   00000008  00000000  00000008  RWIX
  CPUTIMER2             00000c10   00000008  00000000  00000008  RWIX
  PIECTRL               00000ce0   0000001a  00000000  0000001a  RWIX
  PIEVECTTABLE          00000d00   00000200  00000088  00000178  RWIX
  DMA                   00001000   00000200  00000000  00000200  RWIX
  CLA1                  00001400   00000080  00000000  00000080  RWIX
  CLB1LOGICCFG          00003000   00000052  00000000  00000052  RWIX
  CLB1LOGICCTRL         00003100   00000040  00000000  00000040  RWIX
  CLB1DATAEXCH          00003200   00000200  00000000  00000200  RWIX
  CLB2LOGICCFG          00003400   00000052  00000000  00000052  RWIX
  CLB2LOGICCTRL         00003500   00000040  00000000  00000040  RWIX
  CLB2DATAEXCH          00003600   00000200  00000000  00000200  RWIX
  CLB3LOGICCFG          00003800   00000052  00000000  00000052  RWIX
  CLB3LOGICCTRL         00003900   00000040  00000000  00000040  RWIX
  CLB3DATAEXCH          00003a00   00000200  00000000  00000200  RWIX
  CLB4LOGICCFG          00003c00   00000052  00000000  00000052  RWIX
  CLB4LOGICCTRL         00003d00   00000040  00000000  00000040  RWIX
  CLB4DATAEXCH          00003e00   00000200  00000000  00000200  RWIX
  EPWM1                 00004000   00000100  00000000  00000100  RWIX
  EPWM2                 00004100   00000100  00000000  00000100  RWIX
  EPWM3                 00004200   00000100  00000000  00000100  RWIX
  EPWM4                 00004300   00000100  00000000  00000100  RWIX
  EPWM5                 00004400   00000100  00000000  00000100  RWIX
  EPWM6                 00004500   00000100  00000000  00000100  RWIX
  EPWM7                 00004600   00000100  00000000  00000100  RWIX
  EPWM8                 00004700   00000100  00000000  00000100  RWIX
  EPWM9                 00004800   00000100  00000000  00000100  RWIX
  EPWM10                00004900   00000100  00000000  00000100  RWIX
  EPWM11                00004a00   00000100  00000000  00000100  RWIX
  EPWM12                00004b00   00000100  00000000  00000100  RWIX
  ECAP1                 00005000   00000020  00000000  00000020  RWIX
  ECAP2                 00005020   00000020  00000000  00000020  RWIX
  ECAP3                 00005040   00000020  00000000  00000020  RWIX
  ECAP4                 00005060   00000020  00000000  00000020  RWIX
  ECAP5                 00005080   00000020  00000000  00000020  RWIX
  ECAP6                 000050a0   00000020  00000000  00000020  RWIX
  EQEP1                 00005100   00000022  00000000  00000022  RWIX
  EQEP2                 00005140   00000022  00000000  00000022  RWIX
  EQEP3                 00005180   00000022  00000000  00000022  RWIX
  DACA                  00005c00   00000008  00000000  00000008  RWIX
  DACB                  00005c10   00000008  00000000  00000008  RWIX
  DACC                  00005c20   00000008  00000000  00000008  RWIX
  CMPSS1                00005c80   00000020  00000000  00000020  RWIX
  CMPSS2                00005ca0   00000020  00000000  00000020  RWIX
  CMPSS3                00005cc0   00000020  00000000  00000020  RWIX
  CMPSS4                00005ce0   00000020  00000000  00000020  RWIX
  CMPSS5                00005d00   00000020  00000000  00000020  RWIX
  CMPSS6                00005d20   00000020  00000000  00000020  RWIX
  CMPSS7                00005d40   00000020  00000000  00000020  RWIX
  CMPSS8                00005d60   00000020  00000000  00000020  RWIX
  SDFM1                 00005e00   00000080  00000000  00000080  RWIX
  SDFM2                 00005e80   00000080  00000000  00000080  RWIX
  MCBSPA                00006000   00000024  00000000  00000024  RWIX
  MCBSPB                00006040   00000024  00000000  00000024  RWIX
  SPIA                  00006100   00000010  00000000  00000010  RWIX
  SPIB                  00006110   00000010  00000000  00000010  RWIX
  SPIC                  00006120   00000010  00000000  00000010  RWIX
  UPP                   00006200   00000048  00000000  00000048  RWIX
  WD                    00007000   0000002b  00000000  0000002b  RWIX
  NMIINTRUPT            00007060   00000007  00000000  00000007  RWIX
  XINT                  00007070   0000000b  00000000  0000000b  RWIX
  SCIA                  00007200   00000010  00000000  00000010  RWIX
  SCIB                  00007210   00000010  00000000  00000010  RWIX
  SCIC                  00007220   00000010  00000000  00000010  RWIX
  SCID                  00007230   00000010  00000000  00000010  RWIX
  I2CA                  00007300   00000022  00000000  00000022  RWIX
  I2CB                  00007340   00000022  00000000  00000022  RWIX
  ADCA                  00007400   00000080  00000000  00000080  RWIX
  ADCB                  00007480   00000080  00000000  00000080  RWIX
  ADCC                  00007500   00000080  00000000  00000080  RWIX
  ADCD                  00007580   00000080  00000000  00000080  RWIX
  INPUTXBAR             00007900   00000020  00000000  00000020  RWIX
  XBAR                  00007920   00000020  00000000  00000020  RWIX
  SYNCSOC               00007940   00000006  00000000  00000006  RWIX
  DMACLASRCSEL          00007980   0000001a  00000000  0000001a  RWIX
  EPWMXBAR              00007a00   00000040  00000000  00000040  RWIX
  CLBXBAR               00007a40   00000040  00000000  00000040  RWIX
  OUTPUTXBAR            00007a80   00000040  00000000  00000040  RWIX
  GPIOCTRL              00007c00   00000180  00000000  00000180  RWIX
  GPIODATA              00007f00   00000030  00000000  00000030  RWIX
  RAMLS3                00009800   00000800  00000000  00000800  RWIX
  RAMLS4                0000a000   00000800  00000100  00000700  RWIX
  RAMLS5                0000a800   00000800  00000000  00000800  RWIX
  RAMGS45               00010000   00002000  00000400  00001c00  RWIX
  RAMGS67               00012000   00002000  00000202  00001dfe  RWIX
  RAMGS89               00014000   00002000  00000400  00001c00  RWIX
  RAMGS1011             00016000   00002000  00000400  00001c00  RWIX
  RAMGS12               00018000   00001000  00000000  00001000  RWIX
  RAMGS13               00019000   00001000  00000016  00000fea  RWIX
  RAMGS1415             0001a000   00002000  00000400  00001c00  RWIX
  EMIF1                 00047000   00000070  00000000  00000070  RWIX
  EMIF2                 00047800   00000070  00000000  00000070  RWIX
  CANA                  00048000   00000200  00000000  00000200  RWIX
  CANB                  0004a000   00000200  00000000  00000200  RWIX
  IPC                   00050000   00000024  00000000  00000024  RWIX
  FLASHPUMPSEMAPHORE    00050024   00000002  00000000  00000002  RWIX
  DEVCFG                0005d000   0000012e  00000000  0000012e  RWIX
  ANALOGSUBSYS          0005d180   00000048  00000000  00000048  RWIX
  CLKCFG                0005d200   00000032  00000000  00000032  RWIX
  CPUSYS                0005d300   00000082  00000000  00000082  RWIX
  ROMPREFETCH           0005e608   00000002  00000000  00000002  RWIX
  DCSMZ1                0005f000   00000024  00000000  00000024  RWIX
  DCSMZ2                0005f040   00000024  00000000  00000024  RWIX
  DCSMCOMMON            0005f070   00000008  00000000  00000008  RWIX
  MEMCFG                0005f400   00000080  00000000  00000080  RWIX
  EMIF1CONFIG           0005f480   00000020  00000000  00000020  RWIX
  EMIF2CONFIG           0005f4a0   00000020  00000000  00000020  RWIX
  ACCESSPROTECTION      0005f4c0   00000040  00000000  00000040  RWIX
  MEMORYERROR           0005f500   00000040  00000000  00000040  RWIX
  ROMWAITSTATE          0005f540   00000002  00000000  00000002  RWIX
  FLASH0CTRL            0005f800   00000182  00000000  00000182  RWIX
  FLASH0ECC             0005fb00   00000028  00000000  00000028  RWIX
  UID                   000703c0   00000010  00000000  00000010  RWIX
  FLASHB                00082000   00002000  00000000  00002000  RWIX


SECTION ALLOCATION MAP

 output                                  attributes/
section   page    origin      length       input sections
--------  ----  ----------  ----------   ----------------
codestart 
*          0    00000000    00000002     
                  00000000    00000002     F2837xD_CodeStartBranch.obj (codestart)

.TI.ramfunc 
*          0    00000122    00000004     
                  00000122    00000004     sysctl.obj (.TI.ramfunc)

.cinit     0    00008800    00000058     
                  00008800    0000000d     (.cinit..data.load) [load image, compression = lzss]
                  0000880d    00000001     --HOLE-- [fill = 0]
                  0000880e    00000006     (__TI_handler_table)
                  00008814    00000004     (.cinit..bss.load) [load image, compression = zero_init]
                  00008818    00000004     (.cinit.MSGRAM_CPU1_TO_CPU2.load) [load image, compression = zero_init]
                  0000881c    00000004     (.cinit.MSGRAM_CPU2_TO_CPU1.load) [load image, compression = zero_init]
                  00008820    00000004     (.cinit.RFFTdata1.load) [load image, compression = zero_init]
                  00008824    00000004     (.cinit.RFFTdata2.load) [load image, compression = zero_init]
                  00008828    00000004     (.cinit.RFFTdata3.load) [load image, compression = zero_init]
                  0000882c    00000004     (.cinit.RFFTdata4.load) [load image, compression = zero_init]
                  00008830    00000004     (.cinit.RFFTdata5.load) [load image, compression = zero_init]
                  00008834    00000024     (__TI_cinit_table)

RFFTdata1 
*          1    00010000    00000400     UNINITIALIZED
                  00010000    00000400     main.obj (RFFTdata1)

RFFTdata2 
*          1    00012000    00000202     UNINITIALIZED
                  00012000    00000202     main.obj (RFFTdata2)

RFFTdata3 
*          1    00014000    00000400     UNINITIALIZED
                  00014000    00000400     main.obj (RFFTdata3)

RFFTdata4 
*          1    00016000    00000400     UNINITIALIZED
                  00016000    00000400     main.obj (RFFTdata4)

RFFTdata5 
*          1    0001a000    00000400     UNINITIALIZED
                  0001a000    00000400     main.obj (RFFTdata5)

.reset     0    003fffc0    00000000     DSECT

.stack     1    0000a000    00000100     UNINITIALIZED
                  0000a000    00000100     --HOLE--

.bss       0    0000d000    00000012     UNINITIALIZED
                  0000d000    00000012     main.obj (.bss)

.const     0    00084000    00000396     
                  00084000    000001c0     F2837xD_PieVect.obj (.const)
                  000841c0    00000088     main.obj (.const:.string)
                  00084248    00000044     ipc.obj (.const:IPC_Instance)
                  0008428c    00000043     board.obj (.const:.string)
                  000842cf    00000001     --HOLE-- [fill = 0]
                  000842d0    0000002a     sysctl.obj (.const:.string)
                  000842fa    00000024     gpio.obj (.const:.string)
                  0008431e    00000023     dma.obj (.const:.string)
                  00084341    00000001     --HOLE-- [fill = 0]
                  00084342    00000017     interrupt.obj (.const:.string)
                  00084359    00000001     --HOLE-- [fill = 0]
                  0008435a    00000013     device.obj (.const:.string)
                  0008436d    00000001     --HOLE-- [fill = 0]
                  0008436e    00000011     adc.obj (.const:.string)
                  0008437f    00000001     --HOLE-- [fill = 0]
                  00084380    00000011     ipc.obj (.const:.string)
                  00084391    00000001     --HOLE-- [fill = 0]
                  00084392    00000004     main.obj (.const)

.init_array 
*          0    0000d000    00000000     UNINITIALIZED

.data      1    00019000    00000016     UNINITIALIZED
                  00019000    00000006     device.obj (.data)
                  00019006    00000006     main.obj (.data)
                  0001900c    00000006     rts2800_fpu32_eabi.lib : exit.c.obj (.data)
                  00019012    00000002                            : _lock.c.obj (.data:_lock)
                  00019014    00000002                            : _lock.c.obj (.data:_unlock)

.text.1    0    00000400    00000400     
                  00000400    000003fd     device.obj (.text)
                  000007fd    00000002     rts2800_fpu32_eabi.lib : pre_init.c.obj (.text)
                  000007ff    00000001                            : startup.c.obj (.text)

.text.2    0    00008000    000007fd     
                  00008000    00000429     main.obj (.text)
                  00008429    00000284     dma.obj (.text)
                  000086ad    00000088     rts2800_fpu32_eabi.lib : fs_div28.asm.obj (.text)
                  00008735    00000083                            : fd_mpy28.asm.obj (.text)
                  000087b8    0000002e                            : copy_decompress_lzss.c.obj (.text:decompress:lzss)
                  000087e6    00000017                            : boot28.asm.obj (.text)

.text.3    0    0000b000    000007fb     
                  0000b000    00000644     sysctl.obj (.text)
                  0000b644    00000179     interrupt.obj (.text)
                  0000b7bd    00000032     main.obj (.text:retain)
                  0000b7ef    0000000c     rts2800_fpu32_eabi.lib : args_main.c.obj (.text)

.text.4    0    0000b800    000007fc     
                  0000b800    00000585     F2837xD_DefaultISR.obj (.text:retain)
                  0000bd85    00000277     gpio.obj (.text)

.text.5    0    0000e000    0000083c     
                  0000e000    00000238     ipc.obj (.text)
                  0000e238    0000020b     board.obj (.text)
                  0000e443    00000175     adc.obj (.text)
                  0000e5b8    0000006d     RFFT_f32_sincostable.obj (.text)
                  0000e625    00000066     rts2800_fpu32_eabi.lib : s_sinf.c.obj (.text)
                  0000e68b    00000063                            : s_cosf.c.obj (.text)
                  0000e6ee    0000004e     RFFT_f32_mag_TMU0.obj (.text)
                  0000e73c    0000002b     rts2800_fpu32_eabi.lib : autoinit.c.obj (.text:__TI_auto_init_nobinit_nopinit)
                  0000e767    0000002a     interrupt.obj (.text:retain)
                  0000e791    00000029     rts2800_fpu32_eabi.lib : exit.c.obj (.text)
                  0000e7ba    00000023                            : fd_tofsfpu32.asm.obj (.text)
                  0000e7dd    0000001d                            : memcpy.c.obj (.text)
                  0000e7fa    0000001c                            : fs_tofdfpu32.asm.obj (.text)
                  0000e816    00000009                            : _lock.c.obj (.text)
                  0000e81f    00000008     F2837xD_CodeStartBranch.obj (.text)
                  0000e827    00000008     rts2800_fpu32_eabi.lib : copy_decompress_none.c.obj (.text:decompress:none)
                  0000e82f    00000007                            : memset.c.obj (.text)
                  0000e836    00000006                            : copy_zero_init.c.obj (.text:decompress:ZI)

MSGRAM_CPU1_TO_CPU2 
*          1    00000040    00000088     UNINITIALIZED
                  00000040    00000088     ipc.obj (MSGRAM_CPU1_TO_CPU2)

MSGRAM_CPU2_TO_CPU1 
*          1    00000d00    00000088     UNINITIALIZED
                  00000d00    00000088     ipc.obj (MSGRAM_CPU2_TO_CPU1)

MODULE SUMMARY

       Module                        code   ro data   rw data
       ------                        ----   -------   -------
    .\
       main.obj                      1115   140       4634   
    +--+-----------------------------+------+---------+---------+
       Total:                        1115   140       4634   
                                                             
    .\fpu32\fft\
       RFFT_f32_sincostable.obj      109    0         0      
       RFFT_f32_mag_TMU0.obj         78     0         0      
    +--+-----------------------------+------+---------+---------+
       Total:                        187    0         0      
                                                             
    .\source2\
       sysctl.obj                    1608   42        0      
       ipc.obj                       568    85        272    
       dma.obj                       644    35        0      
       gpio.obj                      631    36        0      
       interrupt.obj                 419    23        0      
       adc.obj                       373    17        0      
    +--+-----------------------------+------+---------+---------+
       Total:                        4243   238       272    
                                                             
    .\source\
       F2837xD_DefaultISR.obj        1413   0         0      
       device.obj                    1021   19        6      
       F2837xD_PieVect.obj           0      448       0      
       F2837xD_CodeStartBranch.obj   10     0         0      
    +--+-----------------------------+------+---------+---------+
       Total:                        2444   467       6      
                                                             
    .\syscfg\
       board.obj                     523    67        0      
    +--+-----------------------------+------+---------+---------+
       Total:                        523    67        0      
                                                             
    D:\ti\ccs2020\ccs\tools\compiler\ti-cgt-c2000_22.6.2.LTS\lib\rts2800_fpu32_eabi.lib
       fs_div28.asm.obj              136    0         0      
       fd_mpy28.asm.obj              131    0         0      
       s_sinf.c.obj                  102    0         0      
       s_cosf.c.obj                  99     0         0      
       exit.c.obj                    41     0         6      
       copy_decompress_lzss.c.obj    46     0         0      
       autoinit.c.obj                43     0         0      
       fd_tofsfpu32.asm.obj          35     0         0      
       memcpy.c.obj                  29     0         0      
       fs_tofdfpu32.asm.obj          28     0         0      
       boot28.asm.obj                23     0         0      
       _lock.c.obj                   9      0         4      
       args_main.c.obj               12     0         0      
       copy_decompress_none.c.obj    8      0         0      
       memset.c.obj                  7      0         0      
       copy_zero_init.c.obj          6      0         0      
       pre_init.c.obj                2      0         0      
       startup.c.obj                 1      0         0      
    +--+-----------------------------+------+---------+---------+
       Total:                        758    0         10     
                                                             
       Stack:                        0      0         256    
       Linker Generated:             0      87        0      
    +--+-----------------------------+------+---------+---------+
       Grand Total:                  9270   999       5178   


LINKER GENERATED COPY TABLES

__TI_cinit_table @ 00008834 records: 9, size/record: 4, table size: 36
	.data: load addr=00008800, load size=0000000d bytes, run addr=00019000, run size=00000016 bytes, compression=lzss
	.bss: load addr=00008814, load size=00000004 bytes, run addr=0000d000, run size=00000012 bytes, compression=zero_init
	MSGRAM_CPU1_TO_CPU2: load addr=00008818, load size=00000004 bytes, run addr=00000040, run size=00000088 bytes, compression=zero_init
	MSGRAM_CPU2_TO_CPU1: load addr=0000881c, load size=00000004 bytes, run addr=00000d00, run size=00000088 bytes, compression=zero_init
	RFFTdata1: load addr=00008820, load size=00000004 bytes, run addr=00010000, run size=00000400 bytes, compression=zero_init
	RFFTdata2: load addr=00008824, load size=00000004 bytes, run addr=00012000, run size=00000202 bytes, compression=zero_init
	RFFTdata3: load addr=00008828, load size=00000004 bytes, run addr=00014000, run size=00000400 bytes, compression=zero_init
	RFFTdata4: load addr=0000882c, load size=00000004 bytes, run addr=00016000, run size=00000400 bytes, compression=zero_init
	RFFTdata5: load addr=00008830, load size=00000004 bytes, run addr=0001a000, run size=00000400 bytes, compression=zero_init


LINKER GENERATED HANDLER TABLE

__TI_handler_table @ 0000880e records: 3, size/record: 2, table size: 6
	index: 0, handler: __TI_zero_init
	index: 1, handler: __TI_decompress_lzss
	index: 2, handler: __TI_decompress_none


GLOBAL DATA SYMBOLS: SORTED BY DATA PAGE

address     data page           name
--------    ----------------    ----
00000040       1 (00000040)     IPC_CPU1_To_CPU2_PutBuffer

00000d00      34 (00000d00)     IPC_CPU1_To_CPU2_GetBuffer

0000a000     280 (0000a000)     __stack

0000d000     340 (0000d000)     bufferFull
0000d002     340 (0000d000)     rfft_adc
0000d006     340 (0000d000)     rfft

00010000     400 (00010000)     RFFTin1Buff

00012000     480 (00012000)     RFFTmagBuff

00014000     500 (00014000)     RFFToutBuff

00016000     580 (00016000)     RFFTF32Coef

00019000     640 (00019000)     Example_Result
00019002     640 (00019000)     Example_PassCount
00019004     640 (00019000)     Example_Fail
00019006     640 (00019000)     flagInputReady
00019007     640 (00019000)     sampleIndex
00019008     640 (00019000)     hnd_rfft_adc
0001900a     640 (00019000)     hnd_rfft
0001900c     640 (00019000)     __TI_enable_exit_profile_output
0001900e     640 (00019000)     __TI_cleanup_ptr
00019010     640 (00019000)     __TI_dtors_ptr
00019012     640 (00019000)     _lock
00019014     640 (00019000)     _unlock

0001a000     680 (0001a000)     RFFTin2Buff

00084000    2100 (00084000)     PieVectTableInit

00084248    2109 (00084240)     IPC_Instance


GLOBAL SYMBOLS: SORTED ALPHABETICALLY BY Name 

page  address   name                                     
----  -------   ----                                     
0     0000b8be  ADCA1_ISR                                
0     0000bb3e  ADCA2_ISR                                
0     0000bb48  ADCA3_ISR                                
0     0000bb52  ADCA4_ISR                                
0     0000bb34  ADCA_EVT_ISR                             
0     0000b8c8  ADCB1_ISR                                
0     0000bb66  ADCB2_ISR                                
0     0000bb70  ADCB3_ISR                                
0     0000bb7a  ADCB4_ISR                                
0     0000bb5c  ADCB_EVT_ISR                             
0     0000b8d2  ADCC1_ISR                                
0     0000bcce  ADCC2_ISR                                
0     0000bcd8  ADCC3_ISR                                
0     0000bce2  ADCC4_ISR                                
0     0000bcc4  ADCC_EVT_ISR                             
0     0000b8f0  ADCD1_ISR                                
0     0000bcf6  ADCD2_ISR                                
0     0000bd00  ADCD3_ISR                                
0     0000bd0a  ADCD4_ISR                                
0     0000bcec  ADCD_EVT_ISR                             
0     0000e3c2  ADC_init                                 
0     0000e48d  ADC_setINLTrim                           
0     0000e45e  ADC_setMode                              
0     0000e4fc  ADC_setOffsetTrim                        
0     0000e55c  ADC_setPPBTripLimits                     
0     0000bd46  AUX_PLL_SLIP_ISR                         
0     0000e3ba  Board_init                               
0     0000e791  C$$EXIT                                  
0     0000bb0c  CANA0_ISR                                
0     0000bb16  CANA1_ISR                                
0     0000bb20  CANB0_ISR                                
0     0000bb2a  CANB1_ISR                                
0     0000bb84  CLA1_1_ISR                               
0     0000bb8e  CLA1_2_ISR                               
0     0000bb98  CLA1_3_ISR                               
0     0000bba2  CLA1_4_ISR                               
0     0000bbac  CLA1_5_ISR                               
0     0000bbb6  CLA1_6_ISR                               
0     0000bbc0  CLA1_7_ISR                               
0     0000bbca  CLA1_8_ISR                               
0     0000bd50  CLA_OVERFLOW_ISR                         
0     0000bd5a  CLA_UNDERFLOW_ISR                        
0     0000b814  DATALOG_ISR                              
0     0000ba58  DMA_CH1_ISR                              
0     0000ba62  DMA_CH2_ISR                              
0     0000ba6c  DMA_CH3_ISR                              
0     0000ba76  DMA_CH4_ISR                              
0     0000ba80  DMA_CH5_ISR                              
0     0000ba8a  DMA_CH6_ISR                              
0     000084a0  DMA_configAddresses                      
0     000084c5  DMA_configBurst                          
0     0000861b  DMA_configChannel                        
0     0000857e  DMA_configMode                           
0     000084fc  DMA_configTransfer                       
0     00008538  DMA_configWrap                           
0     00000671  Device_bootCPU2                          
0     00000640  Device_configureTMXAnalogTrim            
0     000004ee  Device_enableAllPeripherals              
0     0000062a  Device_enableUnbondedGPIOPullups         
0     0000060d  Device_enableUnbondedGPIOPullupsFor100Pin
0     000005fa  Device_enableUnbondedGPIOPullupsFor176Pin
0     000004ae  Device_init                              
0     000005d9  Device_initGPIO                          
0     0000b9ae  ECAP1_ISR                                
0     0000b9b8  ECAP2_ISR                                
0     0000b9c2  ECAP3_ISR                                
0     0000b9cc  ECAP4_ISR                                
0     0000b9d6  ECAP5_ISR                                
0     0000b9e0  ECAP6_ISR                                
0     0000bd14  EMIF_ERROR_ISR                           
0     0000bd6e  EMPTY_ISR                                
0     0000b828  EMU_ISR                                  
0     0000bc6a  EPWM10_ISR                               
0     0000bc42  EPWM10_TZ_ISR                            
0     0000bc74  EPWM11_ISR                               
0     0000bc4c  EPWM11_TZ_ISR                            
0     0000bc7e  EPWM12_ISR                               
0     0000bc56  EPWM12_TZ_ISR                            
0     0000b95e  EPWM1_ISR                                
0     0000b90e  EPWM1_TZ_ISR                             
0     0000b968  EPWM2_ISR                                
0     0000b918  EPWM2_TZ_ISR                             
0     0000b972  EPWM3_ISR                                
0     0000b922  EPWM3_TZ_ISR                             
0     0000b97c  EPWM4_ISR                                
0     0000b92c  EPWM4_TZ_ISR                             
0     0000b986  EPWM5_ISR                                
0     0000b936  EPWM5_TZ_ISR                             
0     0000b990  EPWM6_ISR                                
0     0000b940  EPWM6_TZ_ISR                             
0     0000b99a  EPWM7_ISR                                
0     0000b94a  EPWM7_TZ_ISR                             
0     0000b9a4  EPWM8_ISR                                
0     0000b954  EPWM8_TZ_ISR                             
0     0000bc60  EPWM9_ISR                                
0     0000bc38  EPWM9_TZ_ISR                             
0     0000b9ea  EQEP1_ISR                                
0     0000b9f4  EQEP2_ISR                                
0     0000b9fe  EQEP3_ISR                                
1     00019004  Example_Fail                             
1     00019002  Example_PassCount                        
1     00019000  Example_Result                           
0     000007fc  Example_done                             
0     000007f7  Example_setResultFail                    
0     000007f2  Example_setResultPass                    
0     0000bd28  FLASH_CORRECTABLE_ERROR_ISR              
0     0000bbfc  FPU_OVERFLOW_ISR                         
0     0000bc06  FPU_UNDERFLOW_ISR                        
0     0000bdda  GPIO_getDirectionMode                    
0     0000be80  GPIO_getPadConfig                        
0     0000bef5  GPIO_getQualificationMode                
0     0000bf91  GPIO_setAnalogMode                       
0     0000bf5a  GPIO_setControllerCore                   
0     0000bda9  GPIO_setDirectionMode                    
0     0000bdfa  GPIO_setInterruptPin                     
0     0000be2e  GPIO_setPadConfig                        
0     0000bfc5  GPIO_setPinConfig                        
0     0000bebe  GPIO_setQualificationMode                
0     0000bf21  GPIO_setQualificationPeriod              
0     0000ba9e  I2CA_FIFO_ISR                            
0     0000ba94  I2CA_ISR                                 
0     0000bab2  I2CB_FIFO_ISR                            
0     0000baa8  I2CB_ISR                                 
0     0000b83c  ILLEGAL_ISR                              
0     0000bc10  IPC0_ISR                                 
0     0000bc1a  IPC1_ISR                                 
0     0000bc24  IPC2_ISR                                 
0     0000bc2e  IPC3_ISR                                 
1     00000d00  IPC_CPU1_To_CPU2_GetBuffer               
1     00000040  IPC_CPU1_To_CPU2_PutBuffer               
0     00084248  IPC_Instance                             
0     0000e115  IPC_initMessageQueue                     
0     0000e08a  IPC_readCommand                          
0     0000e1d3  IPC_readMessageFromQueue                 
0     0000e0d4  IPC_registerInterrupt                    
0     0000e02d  IPC_sendCommand                          
0     0000e179  IPC_sendMessageToQueue                   
0     0000e0f5  IPC_unregisterInterrupt                  
0     0000e767  Interrupt_defaultHandler                 
0     0000b76f  Interrupt_disable                        
0     0000b738  Interrupt_enable                         
0     0000e77d  Interrupt_illegalOperationHandler        
0     0000b6dd  Interrupt_initModule                     
0     0000b71a  Interrupt_initVectorTable                
0     0000e787  Interrupt_nmiHandler                     
0     0000ba30  MCBSPA_RX_ISR                            
0     0000ba3a  MCBSPA_TX_ISR                            
0     0000ba44  MCBSPB_RX_ISR                            
0     0000ba4e  MCBSPB_TX_ISR                            
0     0000b832  NMI_ISR                                  
0     0000bd7b  NOTUSED_ISR                              
0     0000bd64  PIE_RESERVED_ISR                         
0     00084000  PieVectTableInit                         
0     0000e3c1  PinMux_init                              
0     0000bd32  RAM_ACCESS_VIOLATION_ISR                 
0     0000bd1e  RAM_CORRECTABLE_ERROR_ISR                
1     00016000  RFFTF32Coef                              
0     0000e6ee  RFFT_f32_mag_TMU0                        
0     0000e5b8  RFFT_f32_sincostable                     
1     00010000  RFFTin1Buff                              
1     0001a000  RFFTin2Buff                              
1     00012000  RFFTmagBuff                              
1     00014000  RFFToutBuff                              
0     0000b81e  RTOS_ISR                                 
0     0000bae4  SCIA_RX_ISR                              
0     0000baee  SCIA_TX_ISR                              
0     0000baf8  SCIB_RX_ISR                              
0     0000bb02  SCIB_TX_ISR                              
0     0000babc  SCIC_RX_ISR                              
0     0000bac6  SCIC_TX_ISR                              
0     0000bad0  SCID_RX_ISR                              
0     0000bada  SCID_TX_ISR                              
0     0000bc88  SD1_ISR                                  
0     0000bc92  SD2_ISR                                  
0     0000ba08  SPIA_RX_ISR                              
0     0000ba12  SPIA_TX_ISR                              
0     0000ba1c  SPIB_RX_ISR                              
0     0000ba26  SPIB_TX_ISR                              
0     0000bc9c  SPIC_RX_ISR                              
0     0000bca6  SPIC_TX_ISR                              
0     0000bd3c  SYS_PLL_SLIP_ISR                         
0     000083a3  SetSamplingRate                          
0     00000122  SysCtl_delay                             
0     0000b13c  SysCtl_getAuxClock                       
0     0000b0eb  SysCtl_getClock                          
0     0000b5dc  SysCtl_getDeviceParametric               
0     0000b5c2  SysCtl_getLowSpeedClock                  
0     0000b53d  SysCtl_selectOscSource                   
0     0000b585  SysCtl_selectOscSourceAuxPLL             
0     0000b4ad  SysCtl_selectXTAL                        
0     0000b386  SysCtl_setAuxClock                       
0     0000b17d  SysCtl_setClock                          
0     0000b8fa  TIMER0_ISR                               
0     0000b800  TIMER1_ISR                               
0     0000b80a  TIMER2_ISR                               
0     0000bcb0  UPPA_ISR                                 
0     0000bcba  USBA_ISR                                 
0     0000b8a0  USER10_ISR                               
0     0000b8aa  USER11_ISR                               
0     0000b8b4  USER12_ISR                               
0     0000b846  USER1_ISR                                
0     0000b850  USER2_ISR                                
0     0000b85a  USER3_ISR                                
0     0000b864  USER4_ISR                                
0     0000b86e  USER5_ISR                                
0     0000b878  USER6_ISR                                
0     0000b882  USER7_ISR                                
0     0000b88c  USER8_ISR                                
0     0000b896  USER9_ISR                                
0     0000bbf2  VCU_ISR                                  
0     0000b904  WAKE_ISR                                 
0     0000b8dc  XINT1_ISR                                
0     0000b8e6  XINT2_ISR                                
0     0000bbd4  XINT3_ISR                                
0     0000bbde  XINT4_ISR                                
0     0000bbe8  XINT5_ISR                                
0     00008834  __TI_CINIT_Base                          
0     00008858  __TI_CINIT_Limit                         
0     00008858  __TI_CINIT_Warm                          
0     0000880e  __TI_Handler_Table_Base                  
0     00008814  __TI_Handler_Table_Limit                 
1     0000a100  __TI_STACK_END                           
abs   00000100  __TI_STACK_SIZE                          
0     0000e73c  __TI_auto_init_nobinit_nopinit           
1     0001900e  __TI_cleanup_ptr                         
0     000087b8  __TI_decompress_lzss                     
0     0000e827  __TI_decompress_none                     
1     00019010  __TI_dtors_ptr                           
1     0001900c  __TI_enable_exit_profile_output          
abs   ffffffff  __TI_pprof_out_hndl                      
abs   ffffffff  __TI_prof_data_size                      
abs   ffffffff  __TI_prof_data_start                     
0     0000e836  __TI_zero_init                           
0     000086ad  __c28xabi_divf                           
0     0000e7ba  __c28xabi_dtof                           
0     0000e7fa  __c28xabi_ftod                           
0     00008735  __c28xabi_mpyd                           
n/a   UNDEFED   __c_args__                               
0     000007eb  __error__                                
1     0000a000  __stack                                  
0     0000b7ef  _args_main                               
0     000087e6  _c_int00                                 
1     00019012  _lock                                    
0     0000e81e  _nop                                     
0     0000e81a  _register_lock                           
0     0000e816  _register_unlock                         
0     000007ff  _system_post_cinit                       
0     000007fd  _system_pre_init                         
1     00019014  _unlock                                  
0     0000e791  abort                                    
0     0000d000  bufferFull                               
0     00000000  code_start                               
0     000083c6  configureDMAChannels                     
0     0000e68b  cosf                                     
0     0000b7bd  dmach1ISR                                
0     0000e793  exit                                     
1     00019006  flagInputReady                           
1     0001900a  hnd_rfft                                 
1     00019008  hnd_rfft_adc                             
0     00008365  initEPWM                                 
0     000083c0  initializeDMA                            
0     0000828f  main                                     
0     0000e7dd  memcpy                                   
0     0000e82f  memset                                   
0     0000e3c7  myADC0_init                              
0     0000e3fb  myADC1_init                              
0     0000d006  rfft                                     
0     0000d002  rfft_adc                                 
1     00019007  sampleIndex                              
0     0000e625  sinf                                     


GLOBAL SYMBOLS: SORTED BY Symbol Address 

page  address   name                                     
----  -------   ----                                     
0     00000000  code_start                               
0     00000122  SysCtl_delay                             
0     000004ae  Device_init                              
0     000004ee  Device_enableAllPeripherals              
0     000005d9  Device_initGPIO                          
0     000005fa  Device_enableUnbondedGPIOPullupsFor176Pin
0     0000060d  Device_enableUnbondedGPIOPullupsFor100Pin
0     0000062a  Device_enableUnbondedGPIOPullups         
0     00000640  Device_configureTMXAnalogTrim            
0     00000671  Device_bootCPU2                          
0     000007eb  __error__                                
0     000007f2  Example_setResultPass                    
0     000007f7  Example_setResultFail                    
0     000007fc  Example_done                             
0     000007fd  _system_pre_init                         
0     000007ff  _system_post_cinit                       
0     0000828f  main                                     
0     00008365  initEPWM                                 
0     000083a3  SetSamplingRate                          
0     000083c0  initializeDMA                            
0     000083c6  configureDMAChannels                     
0     000084a0  DMA_configAddresses                      
0     000084c5  DMA_configBurst                          
0     000084fc  DMA_configTransfer                       
0     00008538  DMA_configWrap                           
0     0000857e  DMA_configMode                           
0     0000861b  DMA_configChannel                        
0     000086ad  __c28xabi_divf                           
0     00008735  __c28xabi_mpyd                           
0     000087b8  __TI_decompress_lzss                     
0     000087e6  _c_int00                                 
0     0000880e  __TI_Handler_Table_Base                  
0     00008814  __TI_Handler_Table_Limit                 
0     00008834  __TI_CINIT_Base                          
0     00008858  __TI_CINIT_Limit                         
0     00008858  __TI_CINIT_Warm                          
0     0000b0eb  SysCtl_getClock                          
0     0000b13c  SysCtl_getAuxClock                       
0     0000b17d  SysCtl_setClock                          
0     0000b386  SysCtl_setAuxClock                       
0     0000b4ad  SysCtl_selectXTAL                        
0     0000b53d  SysCtl_selectOscSource                   
0     0000b585  SysCtl_selectOscSourceAuxPLL             
0     0000b5c2  SysCtl_getLowSpeedClock                  
0     0000b5dc  SysCtl_getDeviceParametric               
0     0000b6dd  Interrupt_initModule                     
0     0000b71a  Interrupt_initVectorTable                
0     0000b738  Interrupt_enable                         
0     0000b76f  Interrupt_disable                        
0     0000b7bd  dmach1ISR                                
0     0000b7ef  _args_main                               
0     0000b800  TIMER1_ISR                               
0     0000b80a  TIMER2_ISR                               
0     0000b814  DATALOG_ISR                              
0     0000b81e  RTOS_ISR                                 
0     0000b828  EMU_ISR                                  
0     0000b832  NMI_ISR                                  
0     0000b83c  ILLEGAL_ISR                              
0     0000b846  USER1_ISR                                
0     0000b850  USER2_ISR                                
0     0000b85a  USER3_ISR                                
0     0000b864  USER4_ISR                                
0     0000b86e  USER5_ISR                                
0     0000b878  USER6_ISR                                
0     0000b882  USER7_ISR                                
0     0000b88c  USER8_ISR                                
0     0000b896  USER9_ISR                                
0     0000b8a0  USER10_ISR                               
0     0000b8aa  USER11_ISR                               
0     0000b8b4  USER12_ISR                               
0     0000b8be  ADCA1_ISR                                
0     0000b8c8  ADCB1_ISR                                
0     0000b8d2  ADCC1_ISR                                
0     0000b8dc  XINT1_ISR                                
0     0000b8e6  XINT2_ISR                                
0     0000b8f0  ADCD1_ISR                                
0     0000b8fa  TIMER0_ISR                               
0     0000b904  WAKE_ISR                                 
0     0000b90e  EPWM1_TZ_ISR                             
0     0000b918  EPWM2_TZ_ISR                             
0     0000b922  EPWM3_TZ_ISR                             
0     0000b92c  EPWM4_TZ_ISR                             
0     0000b936  EPWM5_TZ_ISR                             
0     0000b940  EPWM6_TZ_ISR                             
0     0000b94a  EPWM7_TZ_ISR                             
0     0000b954  EPWM8_TZ_ISR                             
0     0000b95e  EPWM1_ISR                                
0     0000b968  EPWM2_ISR                                
0     0000b972  EPWM3_ISR                                
0     0000b97c  EPWM4_ISR                                
0     0000b986  EPWM5_ISR                                
0     0000b990  EPWM6_ISR                                
0     0000b99a  EPWM7_ISR                                
0     0000b9a4  EPWM8_ISR                                
0     0000b9ae  ECAP1_ISR                                
0     0000b9b8  ECAP2_ISR                                
0     0000b9c2  ECAP3_ISR                                
0     0000b9cc  ECAP4_ISR                                
0     0000b9d6  ECAP5_ISR                                
0     0000b9e0  ECAP6_ISR                                
0     0000b9ea  EQEP1_ISR                                
0     0000b9f4  EQEP2_ISR                                
0     0000b9fe  EQEP3_ISR                                
0     0000ba08  SPIA_RX_ISR                              
0     0000ba12  SPIA_TX_ISR                              
0     0000ba1c  SPIB_RX_ISR                              
0     0000ba26  SPIB_TX_ISR                              
0     0000ba30  MCBSPA_RX_ISR                            
0     0000ba3a  MCBSPA_TX_ISR                            
0     0000ba44  MCBSPB_RX_ISR                            
0     0000ba4e  MCBSPB_TX_ISR                            
0     0000ba58  DMA_CH1_ISR                              
0     0000ba62  DMA_CH2_ISR                              
0     0000ba6c  DMA_CH3_ISR                              
0     0000ba76  DMA_CH4_ISR                              
0     0000ba80  DMA_CH5_ISR                              
0     0000ba8a  DMA_CH6_ISR                              
0     0000ba94  I2CA_ISR                                 
0     0000ba9e  I2CA_FIFO_ISR                            
0     0000baa8  I2CB_ISR                                 
0     0000bab2  I2CB_FIFO_ISR                            
0     0000babc  SCIC_RX_ISR                              
0     0000bac6  SCIC_TX_ISR                              
0     0000bad0  SCID_RX_ISR                              
0     0000bada  SCID_TX_ISR                              
0     0000bae4  SCIA_RX_ISR                              
0     0000baee  SCIA_TX_ISR                              
0     0000baf8  SCIB_RX_ISR                              
0     0000bb02  SCIB_TX_ISR                              
0     0000bb0c  CANA0_ISR                                
0     0000bb16  CANA1_ISR                                
0     0000bb20  CANB0_ISR                                
0     0000bb2a  CANB1_ISR                                
0     0000bb34  ADCA_EVT_ISR                             
0     0000bb3e  ADCA2_ISR                                
0     0000bb48  ADCA3_ISR                                
0     0000bb52  ADCA4_ISR                                
0     0000bb5c  ADCB_EVT_ISR                             
0     0000bb66  ADCB2_ISR                                
0     0000bb70  ADCB3_ISR                                
0     0000bb7a  ADCB4_ISR                                
0     0000bb84  CLA1_1_ISR                               
0     0000bb8e  CLA1_2_ISR                               
0     0000bb98  CLA1_3_ISR                               
0     0000bba2  CLA1_4_ISR                               
0     0000bbac  CLA1_5_ISR                               
0     0000bbb6  CLA1_6_ISR                               
0     0000bbc0  CLA1_7_ISR                               
0     0000bbca  CLA1_8_ISR                               
0     0000bbd4  XINT3_ISR                                
0     0000bbde  XINT4_ISR                                
0     0000bbe8  XINT5_ISR                                
0     0000bbf2  VCU_ISR                                  
0     0000bbfc  FPU_OVERFLOW_ISR                         
0     0000bc06  FPU_UNDERFLOW_ISR                        
0     0000bc10  IPC0_ISR                                 
0     0000bc1a  IPC1_ISR                                 
0     0000bc24  IPC2_ISR                                 
0     0000bc2e  IPC3_ISR                                 
0     0000bc38  EPWM9_TZ_ISR                             
0     0000bc42  EPWM10_TZ_ISR                            
0     0000bc4c  EPWM11_TZ_ISR                            
0     0000bc56  EPWM12_TZ_ISR                            
0     0000bc60  EPWM9_ISR                                
0     0000bc6a  EPWM10_ISR                               
0     0000bc74  EPWM11_ISR                               
0     0000bc7e  EPWM12_ISR                               
0     0000bc88  SD1_ISR                                  
0     0000bc92  SD2_ISR                                  
0     0000bc9c  SPIC_RX_ISR                              
0     0000bca6  SPIC_TX_ISR                              
0     0000bcb0  UPPA_ISR                                 
0     0000bcba  USBA_ISR                                 
0     0000bcc4  ADCC_EVT_ISR                             
0     0000bcce  ADCC2_ISR                                
0     0000bcd8  ADCC3_ISR                                
0     0000bce2  ADCC4_ISR                                
0     0000bcec  ADCD_EVT_ISR                             
0     0000bcf6  ADCD2_ISR                                
0     0000bd00  ADCD3_ISR                                
0     0000bd0a  ADCD4_ISR                                
0     0000bd14  EMIF_ERROR_ISR                           
0     0000bd1e  RAM_CORRECTABLE_ERROR_ISR                
0     0000bd28  FLASH_CORRECTABLE_ERROR_ISR              
0     0000bd32  RAM_ACCESS_VIOLATION_ISR                 
0     0000bd3c  SYS_PLL_SLIP_ISR                         
0     0000bd46  AUX_PLL_SLIP_ISR                         
0     0000bd50  CLA_OVERFLOW_ISR                         
0     0000bd5a  CLA_UNDERFLOW_ISR                        
0     0000bd64  PIE_RESERVED_ISR                         
0     0000bd6e  EMPTY_ISR                                
0     0000bd7b  NOTUSED_ISR                              
0     0000bda9  GPIO_setDirectionMode                    
0     0000bdda  GPIO_getDirectionMode                    
0     0000bdfa  GPIO_setInterruptPin                     
0     0000be2e  GPIO_setPadConfig                        
0     0000be80  GPIO_getPadConfig                        
0     0000bebe  GPIO_setQualificationMode                
0     0000bef5  GPIO_getQualificationMode                
0     0000bf21  GPIO_setQualificationPeriod              
0     0000bf5a  GPIO_setControllerCore                   
0     0000bf91  GPIO_setAnalogMode                       
0     0000bfc5  GPIO_setPinConfig                        
0     0000d000  bufferFull                               
0     0000d002  rfft_adc                                 
0     0000d006  rfft                                     
0     0000e02d  IPC_sendCommand                          
0     0000e08a  IPC_readCommand                          
0     0000e0d4  IPC_registerInterrupt                    
0     0000e0f5  IPC_unregisterInterrupt                  
0     0000e115  IPC_initMessageQueue                     
0     0000e179  IPC_sendMessageToQueue                   
0     0000e1d3  IPC_readMessageFromQueue                 
0     0000e3ba  Board_init                               
0     0000e3c1  PinMux_init                              
0     0000e3c2  ADC_init                                 
0     0000e3c7  myADC0_init                              
0     0000e3fb  myADC1_init                              
0     0000e45e  ADC_setMode                              
0     0000e48d  ADC_setINLTrim                           
0     0000e4fc  ADC_setOffsetTrim                        
0     0000e55c  ADC_setPPBTripLimits                     
0     0000e5b8  RFFT_f32_sincostable                     
0     0000e625  sinf                                     
0     0000e68b  cosf                                     
0     0000e6ee  RFFT_f32_mag_TMU0                        
0     0000e73c  __TI_auto_init_nobinit_nopinit           
0     0000e767  Interrupt_defaultHandler                 
0     0000e77d  Interrupt_illegalOperationHandler        
0     0000e787  Interrupt_nmiHandler                     
0     0000e791  C$$EXIT                                  
0     0000e791  abort                                    
0     0000e793  exit                                     
0     0000e7ba  __c28xabi_dtof                           
0     0000e7dd  memcpy                                   
0     0000e7fa  __c28xabi_ftod                           
0     0000e816  _register_unlock                         
0     0000e81a  _register_lock                           
0     0000e81e  _nop                                     
0     0000e827  __TI_decompress_none                     
0     0000e82f  memset                                   
0     0000e836  __TI_zero_init                           
0     00084000  PieVectTableInit                         
0     00084248  IPC_Instance                             
1     00000040  IPC_CPU1_To_CPU2_PutBuffer               
1     00000d00  IPC_CPU1_To_CPU2_GetBuffer               
1     0000a000  __stack                                  
1     0000a100  __TI_STACK_END                           
1     00010000  RFFTin1Buff                              
1     00012000  RFFTmagBuff                              
1     00014000  RFFToutBuff                              
1     00016000  RFFTF32Coef                              
1     00019000  Example_Result                           
1     00019002  Example_PassCount                        
1     00019004  Example_Fail                             
1     00019006  flagInputReady                           
1     00019007  sampleIndex                              
1     00019008  hnd_rfft_adc                             
1     0001900a  hnd_rfft                                 
1     0001900c  __TI_enable_exit_profile_output          
1     0001900e  __TI_cleanup_ptr                         
1     00019010  __TI_dtors_ptr                           
1     00019012  _lock                                    
1     00019014  _unlock                                  
1     0001a000  RFFTin2Buff                              
abs   00000100  __TI_STACK_SIZE                          
abs   ffffffff  __TI_pprof_out_hndl                      
abs   ffffffff  __TI_prof_data_size                      
abs   ffffffff  __TI_prof_data_start                     
n/a   UNDEFED   __c_args__                               

[270 symbols]
